Warning[w6]: Type conflict for external/entry "osal_pwrmgr_powerconserve", in module OSAL against external/entry in module OSAL_PwrMgr; prototyped function vs K&R function
  /* In module OSAL: */
  /* K&R Function, args 0, attr 0 */
  int (__xdata_reentrant osal_pwrmgr_powerconserve)();
  /* In module OSAL_PwrMgr: */
  /* Function, args 0, attr 0 */
  void (__xdata_reentrant osal_pwrmgr_powerconserve)(void);
Warning[w6]: Type conflict for external/entry "strlen", in module TPMS_OBD against external/entry in module ?strlen; prototyped function vs K&R function
  /* In module TPMS_OBD: */
  /* K&R Function, args 0, attr 0 */
  int (__xdata_reentrant strlen)();
  /* In module ?strlen: */
  /* Function, args 1, attr 0 */
  size_t (__xdata_reentrant strlen)(char const *);
    typedef unsigned int size_t;
################################################################################
#                                                                              #
#      IAR Universal Linker V5.7.0.39                                          #
#                                                                              #
#           Link time     =  06/Dec/2022  10:33:37                             #
#           Target CPU    =  x51                                               #
#           List file     =  "C:\Users\MON\Desktop\IAR_TPMS\IAR Systems\SDK\BL #
#                            E-CC254x-1.4.0\Projects\ble\TPMS_OBD\CC2541DB\CC2 #
#                            541EM\List\TPMS_OBD.map"                          #
#           Output file 1 =  "C:\Users\MON\Desktop\IAR_TPMS\IAR Systems\SDK\BL #
#                            E-CC254x-1.4.0\Projects\ble\TPMS_OBD\cc2541.hex"  #
#                            Format: intel-extended                            #
#           Output file 2 =  "C:\Users\MON\Desktop\IAR_TPMS\IAR Systems\SDK\BL #
#                            E-CC254x-1.4.0\Projects\ble\TPMS_OBD\CC2541DB\CC2 #
#                            541EM\Exe\TPMS_OBD.d51"                           #
#                            Format: debug                                     #
#                            UBROF version 10.0.6                              #
#                            Using library modules for C-SPY (-rt)             #
#           Command line  =  "-IC:\Users\MON\Desktop\IAR_TPMS\IAR Systems\Embe #
#                            dded Workbench 6.5\8051\CONFIG\"                  #
#                            -D_NR_OF_BANKS=0x07 -D_CODEBANK_END=0xFFFF        #
#                            -D_CODEBANK_START=0x8000 -D?CBANK_MASK=0xFF       #
#                            -D?CBANK=0x9F                                     #
#                            "C:\Users\MON\Desktop\IAR_TPMS\IAR Systems\SDK\BL #
#                            E-CC254x-1.4.0\Projects\ble\Libraries\CC2541DB\bi #
#                            n\CC2541_BLE_observ.lib"                          #
#                            "C:\Users\MON\Desktop\IAR_TPMS\IAR Systems\SDK\BL #
#                            E-CC254x-1.4.0\Projects\ble\Libraries\Common\bin\ #
#                            CC254x_BLE_HCI_TL_None.lib"                       #
#                            "C:\Users\MON\Desktop\IAR_TPMS\IAR Systems\SDK\BL #
#                            E-CC254x-1.4.0\Projects\ble\TPMS_OBD\CC2541DB\CC2 #
#                            541EM\Obj\OSAL.r51"                               #
#                            "C:\Users\MON\Desktop\IAR_TPMS\IAR Systems\SDK\BL #
#                            E-CC254x-1.4.0\Projects\ble\TPMS_OBD\CC2541DB\CC2 #
#                            541EM\Obj\OSAL_ClockBLE.r51"                      #
#                            "C:\Users\MON\Desktop\IAR_TPMS\IAR Systems\SDK\BL #
#                            E-CC254x-1.4.0\Projects\ble\TPMS_OBD\CC2541DB\CC2 #
#                            541EM\Obj\OSAL_Memory.r51"                        #
#                            "C:\Users\MON\Desktop\IAR_TPMS\IAR Systems\SDK\BL #
#                            E-CC254x-1.4.0\Projects\ble\TPMS_OBD\CC2541DB\CC2 #
#                            541EM\Obj\OSAL_PwrMgr.r51"                        #
#                            "C:\Users\MON\Desktop\IAR_TPMS\IAR Systems\SDK\BL #
#                            E-CC254x-1.4.0\Projects\ble\TPMS_OBD\CC2541DB\CC2 #
#                            541EM\Obj\OSAL_TPMS_OBD.r51"                      #
#                            "C:\Users\MON\Desktop\IAR_TPMS\IAR Systems\SDK\BL #
#                            E-CC254x-1.4.0\Projects\ble\TPMS_OBD\CC2541DB\CC2 #
#                            541EM\Obj\OSAL_Timers.r51"                        #
#                            "C:\Users\MON\Desktop\IAR_TPMS\IAR Systems\SDK\BL #
#                            E-CC254x-1.4.0\Projects\ble\TPMS_OBD\CC2541DB\CC2 #
#                            541EM\Obj\OnBoard.r51"                            #
#                            "C:\Users\MON\Desktop\IAR_TPMS\IAR Systems\SDK\BL #
#                            E-CC254x-1.4.0\Projects\ble\TPMS_OBD\CC2541DB\CC2 #
#                            541EM\Obj\TPMS_OBD.r51"                           #
#                            "C:\Users\MON\Desktop\IAR_TPMS\IAR Systems\SDK\BL #
#                            E-CC254x-1.4.0\Projects\ble\TPMS_OBD\CC2541DB\CC2 #
#                            541EM\Obj\TPMS_OBD_Main.r51"                      #
#                            "C:\Users\MON\Desktop\IAR_TPMS\IAR Systems\SDK\BL #
#                            E-CC254x-1.4.0\Projects\ble\TPMS_OBD\CC2541DB\CC2 #
#                            541EM\Obj\gap.r51"                                #
#                            "C:\Users\MON\Desktop\IAR_TPMS\IAR Systems\SDK\BL #
#                            E-CC254x-1.4.0\Projects\ble\TPMS_OBD\CC2541DB\CC2 #
#                            541EM\Obj\hal_adc.r51"                            #
#                            "C:\Users\MON\Desktop\IAR_TPMS\IAR Systems\SDK\BL #
#                            E-CC254x-1.4.0\Projects\ble\TPMS_OBD\CC2541DB\CC2 #
#                            541EM\Obj\hal_aes.r51"                            #
#                            "C:\Users\MON\Desktop\IAR_TPMS\IAR Systems\SDK\BL #
#                            E-CC254x-1.4.0\Projects\ble\TPMS_OBD\CC2541DB\CC2 #
#                            541EM\Obj\hal_dma.r51"                            #
#                            "C:\Users\MON\Desktop\IAR_TPMS\IAR Systems\SDK\BL #
#                            E-CC254x-1.4.0\Projects\ble\TPMS_OBD\CC2541DB\CC2 #
#                            541EM\Obj\hal_drivers.r51"                        #
#                            "C:\Users\MON\Desktop\IAR_TPMS\IAR Systems\SDK\BL #
#                            E-CC254x-1.4.0\Projects\ble\TPMS_OBD\CC2541DB\CC2 #
#                            541EM\Obj\hal_flash.r51"                          #
#                            "C:\Users\MON\Desktop\IAR_TPMS\IAR Systems\SDK\BL #
#                            E-CC254x-1.4.0\Projects\ble\TPMS_OBD\CC2541DB\CC2 #
#                            541EM\Obj\hal_key.r51"                            #
#                            "C:\Users\MON\Desktop\IAR_TPMS\IAR Systems\SDK\BL #
#                            E-CC254x-1.4.0\Projects\ble\TPMS_OBD\CC2541DB\CC2 #
#                            541EM\Obj\hal_lcd.r51"                            #
#                            "C:\Users\MON\Desktop\IAR_TPMS\IAR Systems\SDK\BL #
#                            E-CC254x-1.4.0\Projects\ble\TPMS_OBD\CC2541DB\CC2 #
#                            541EM\Obj\hal_led.r51"                            #
#                            "C:\Users\MON\Desktop\IAR_TPMS\IAR Systems\SDK\BL #
#                            E-CC254x-1.4.0\Projects\ble\TPMS_OBD\CC2541DB\CC2 #
#                            541EM\Obj\hal_sleep.r51"                          #
#                            "C:\Users\MON\Desktop\IAR_TPMS\IAR Systems\SDK\BL #
#                            E-CC254x-1.4.0\Projects\ble\TPMS_OBD\CC2541DB\CC2 #
#                            541EM\Obj\hal_startup.r51"                        #
#                            "C:\Users\MON\Desktop\IAR_TPMS\IAR Systems\SDK\BL #
#                            E-CC254x-1.4.0\Projects\ble\TPMS_OBD\CC2541DB\CC2 #
#                            541EM\Obj\hal_timer.r51"                          #
#                            "C:\Users\MON\Desktop\IAR_TPMS\IAR Systems\SDK\BL #
#                            E-CC254x-1.4.0\Projects\ble\TPMS_OBD\CC2541DB\CC2 #
#                            541EM\Obj\hal_uart.r51"                           #
#                            "C:\Users\MON\Desktop\IAR_TPMS\IAR Systems\SDK\BL #
#                            E-CC254x-1.4.0\Projects\ble\TPMS_OBD\CC2541DB\CC2 #
#                            541EM\Obj\npi.r51"                                #
#                            "C:\Users\MON\Desktop\IAR_TPMS\IAR Systems\SDK\BL #
#                            E-CC254x-1.4.0\Projects\ble\TPMS_OBD\CC2541DB\CC2 #
#                            541EM\Obj\observer.r51"                           #
#                            "C:\Users\MON\Desktop\IAR_TPMS\IAR Systems\SDK\BL #
#                            E-CC254x-1.4.0\Projects\ble\TPMS_OBD\CC2541DB\CC2 #
#                            541EM\Obj\osal_bufmgr.r51"                        #
#                            "C:\Users\MON\Desktop\IAR_TPMS\IAR Systems\SDK\BL #
#                            E-CC254x-1.4.0\Projects\ble\TPMS_OBD\CC2541DB\CC2 #
#                            541EM\Obj\osal_cbtimer.r51"                       #
#                            "C:\Users\MON\Desktop\IAR_TPMS\IAR Systems\SDK\BL #
#                            E-CC254x-1.4.0\Projects\ble\TPMS_OBD\CC2541DB\CC2 #
#                            541EM\Obj\osal_snv.r51"                           #
#                            -o                                                #
#                            "C:\Users\MON\Desktop\IAR_TPMS\IAR Systems\SDK\BL #
#                            E-CC254x-1.4.0\Projects\ble\TPMS_OBD\CC2541DB\CC2 #
#                            541EM\Exe\TPMS_OBD.d51"                           #
#                            -l                                                #
#                            "C:\Users\MON\Desktop\IAR_TPMS\IAR Systems\SDK\BL #
#                            E-CC254x-1.4.0\Projects\ble\TPMS_OBD\CC2541DB\CC2 #
#                            541EM\List\TPMS_OBD.map"                          #
#                            -xmsn -f                                          #
#                            "C:\Users\MON\Desktop\IAR_TPMS\IAR Systems\SDK\BL #
#                            E-CC254x-1.4.0\Projects\ble\TPMS_OBD\CC2541DB\..\ #
#                            ..\common\cc2540\ti_51ew_cc2540b.xcl"             #
#                            (-D_IDATA_END=0xFF -D_PDATA_START=0x1E00          #
#                            -D_PDATA_END=0x1EFF -D_IXDATA_START=0x0001        #
#                            -D_IXDATA_END=0x1EFF                              #
#                            -D_XDATA_START=_IXDATA_START                      #
#                            -D_XDATA_END=_IXDATA_END -D_CODE_START=0x0000     #
#                            -D_CODE_END=0x7FFF -D_FIRST_BANK_ADDR=0x10000     #
#                            -D_NEAR_CODE_END=_CODE_END -D?REGISTER_BANK=0     #
#                            -D_REGISTER_BANK_START=0 -D?PBANK_NUMBER=0x1E     #
#                            -D_BREG_START=0x00 -D?VB=0x20                     #
#                            -D_FAR_DATA_NR_OF_BANKS=0x0E                      #
#                            -D_FAR_DATA_START=0x010001                        #
#                            -D_FAR_DATA_END=0xFFFFFF                          #
#                            -D_FAR_CODE_START=_CODE_START                     #
#                            -D_FAR_CODE_END=_CODE_END                         #
#                            -Z(BIT)BREG=_BREG_START -Z(BIT)BIT_N=0-7F         #
#                            -Z(DATA)REGISTERS+8=_REGISTER_BANK_START          #
#                            -Z(DATA)BDATA_Z,BDATA_N,BDATA_I=20-2F             #
#                            -Z(DATA)VREG+_NR_OF_VIRTUAL_REGISTERS=08-7F       #
#                            -Z(DATA)PSP,XSP=08-7F -Z(DATA)DOVERLAY=08-7F      #
#                            -Z(DATA)DATA_I,DATA_Z,DATA_N=08-7F                #
#                            -U(IDATA)0-7F=(DATA)0-7F                          #
#                            -Z(IDATA)IDATA_I,IDATA_Z,IDATA_N=08-_IDATA_END    #
#                            -Z(IDATA)ISTACK+_IDATA_STACK_SIZE#08-_IDATA_END   #
#                            -Z(IDATA)IOVERLAY=08-FF                           #
#                            -Z(CODE)INTVEC=_CODE_START                        #
#                            -Z(CODE)CSTART=_CODE_START-_CODE_END              #
#                            -Z(CODE)BIT_ID,BDATA_ID,DATA_ID,IDATA_ID,IXDATA_I #
#                            D,PDATA_ID,XDATA_ID=_CODE_START-_CODE_END         #
#                            -Z(CODE)HUGE_ID=_FAR_CODE_START-_FAR_CODE_END     #
#                            -D_SLEEP_CODE_SPACE_START=(_CODE_END-7)           #
#                            -D_SLEEP_CODE_SPACE_END=(_CODE_END)               #
#                            -Z(CODE)SLEEP_CODE=_SLEEP_CODE_SPACE_START-_SLEEP #
#                            _CODE_SPACE_END                                   #
#                            -Z(CODE)BANK_RELAYS,RCODE,DIFUNCT,CODE_N,NEAR_COD #
#                            E=_CODE_START-_CODE_END                           #
#                            -P(CODE)CODE_C=_CODE_START-_CODE_END              #
#                            -P(CONST)XDATA_ROM_C=0x8000-0xFFFF                #
#                            -P(CODE)XDATA_ROM_C_FLASH=0x18000-0x1FFFF         #
#                            -QXDATA_ROM_C=XDATA_ROM_C_FLASH                   #
#                            -P(CODE)BANKED_CODE=_CODE_START-_CODE_END,[(_CODE #
#                            BANK_START+_FIRST_BANK_ADDR)-(_CODEBANK_END+_FIRS #
#                            T_BANK_ADDR)]*_NR_OF_BANKS+10000                  #
#                            -P(CODE)FAR_CODE_C,FAR_CODE_N,FAR_CODE=[_FAR_CODE #
#                            _START-_FAR_CODE_END]/10000                       #
#                            -P(CODE)HUGE_CODE_C=_FAR_CODE_START-_FAR_CODE_END #
#                            -Z(CODE)CHECKSUM#_CODE_END                        #
#                            -Z(XDATA)EXT_STACK+_EXTENDED_STACK_SIZE=_EXTENDED #
#                            _STACK_START                                      #
#                            -Z(XDATA)PSTACK+_PDATA_STACK_SIZE=_PDATA_START-_P #
#                            DATA_END                                          #
#                            -Z(XDATA)XSTACK+_XDATA_STACK_SIZE=_XDATA_START-_X #
#                            DATA_END                                          #
#                            -Z(XDATA)PDATA_Z,PDATA_I=_PDATA_START-_PDATA_END  #
#                            -P(XDATA)PDATA_N=_PDATA_START-_PDATA_END          #
#                            -Z(XDATA)IXDATA_Z,IXDATA_I=_IXDATA_START-_IXDATA_ #
#                            END                                               #
#                            -P(XDATA)IXDATA_N=_IXDATA_START-_IXDATA_END       #
#                            -Z(XDATA)XDATA_Z,XDATA_I=_XDATA_START-_XDATA_END  #
#                            -P(XDATA)XDATA_N=_XDATA_START-_XDATA_END          #
#                            -Z(XDATA)XDATA_HEAP+_XDATA_HEAP_SIZE=_XDATA_START #
#                            -_XDATA_END                                       #
#                            -Z(XDATA)FAR_Z=[_FAR_DATA_START-_FAR_DATA_END]/10 #
#                            000                                               #
#                            -Z(XDATA)FAR_I=[_FAR_DATA_START-_FAR_DATA_END]/10 #
#                            000                                               #
#                            -Z(CODE)FAR_ID=[_FAR_CODE_START-_FAR_CODE_END]/10 #
#                            000                                               #
#                            -Z(XDATA)FAR_HEAP+_FAR_HEAP_SIZE=[_FAR_DATA_START #
#                            -_FAR_DATA_END]/10000                             #
#                            -P(XDATA)FAR_N=[_FAR_DATA_START-_FAR_DATA_END]*_F #
#                            AR_DATA_NR_OF_BANKS+10000                         #
#                            -P(CONST)FAR_ROM_C=[_FAR_DATA_START-_FAR_DATA_END #
#                            ]*_FAR_DATA_NR_OF_BANKS+10000                     #
#                            -Z(XDATA)HUGE_Z,HUGE_I=_FAR_DATA_START-_FAR_DATA_ #
#                            END                                               #
#                            -P(XDATA)HUGE_N=_FAR_DATA_START-_FAR_DATA_END     #
#                            -Z(XDATA)HUGE_HEAP+_HUGE_HEAP_SIZE=_FAR_DATA_STAR #
#                            T-_FAR_DATA_END                                   #
#                            -Z(CONST)HUGE_ROM_C=_FAR_DATA_START-_FAR_DATA_END #
#                            -cx51 -D_BLENV_ADDRESS_SPACE_START=0x7E800        #
#                            -D_BLENV_ADDRESS_SPACE_END=0x7F7FF                #
#                            -Z(CODE)BLENV_ADDRESS_SPACE=_BLENV_ADDRESS_SPACE_ #
#                            START-_BLENV_ADDRESS_SPACE_END                    #
#                            -D_BANK0_START=0x00000 -D_BANK0_END=0x07FFF       #
#                            -D_BANK1_START=0x18000 -D_BANK1_END=0x1FFFF       #
#                            -D_BANK2_START=0x28000 -D_BANK2_END=0x2FFFF       #
#                            -D_BANK3_START=0x38000 -D_BANK3_END=0x3FFFF       #
#                            -D_BANK4_START=0x48000 -D_BANK4_END=0x4FFFF       #
#                            -D_BANK5_START=0x58000 -D_BANK5_END=0x5FFFF       #
#                            -D_BANK6_START=0x68000 -D_BANK6_END=0x6FFFF       #
#                            -D_BANK7_START=0x78000                            #
#                            -D_BANK7_END=(_BLENV_ADDRESS_SPACE_START-1)       #
#                            -P(CODE)BANK0=_BANK0_START-_BANK0_END             #
#                            -P(CODE)BANK1=_BANK1_START-_BANK1_END             #
#                            -P(CODE)BANK2=_BANK2_START-_BANK2_END             #
#                            -P(CODE)BANK3=_BANK3_START-_BANK3_END             #
#                            -P(CODE)BANK4=_BANK4_START-_BANK4_END             #
#                            -P(CODE)BANK5=_BANK5_START-_BANK5_END             #
#                            -P(CODE)BANK6=_BANK6_START-_BANK6_END             #
#                            -P(CODE)BANK7=_BANK7_START-_BANK7_END             #
#                            -M(CODE)[(_CODEBANK_START+_FIRST_BANK_ADDR)-(_COD #
#                            EBANK_END+_FIRST_BANK_ADDR)]*_NR_OF_BANKS+0x10000 #
#                            =0x8000                                           #
#                            -ww69=i                                           #
#                            -D_FLASH_LOCK_BITS_START=((_NR_OF_BANKS*_FIRST_BA #
#                            NK_ADDR)+0xFFF0)                                  #
#                            -D_FLASH_LOCK_BITS_END=((_NR_OF_BANKS*_FIRST_BANK #
#                            _ADDR)+0xFFFF)                                    #
#                            -Z(CODE)FLASH_LOCK_BITS=_FLASH_LOCK_BITS_START-_F #
#                            LASH_LOCK_BITS_END                                #
#                            -U(CODE)0x0000=(CODE)_FLASH_LOCK_BITS_START-_FLAS #
#                            H_LOCK_BITS_END)                                  #
#                            -D_NR_OF_VIRTUAL_REGISTERS=8 -D?PBANK=0x93        #
#                            -e?BCALL_FF=?BCALL -e?BRET_FF=?BRET               #
#                            -e?BDISPATCH_FF=?BDISPATCH                        #
#                            -e_small_write=_formatted_write                   #
#                            -e_medium_read=_formatted_read -rt                #
#                            "-Ointel-extended=C:\Users\MON\Desktop\IAR_TPMS\I #
#                            AR Systems\SDK\BLE-CC254x-1.4.0\Projects\ble\TPMS #
#                            _OBD\cc2541.hex"                                  #
#                            -s __program_start                                #
#                            "C:\Users\MON\Desktop\IAR_TPMS\IAR Systems\Embedd #
#                            ed Workbench 6.5\8051\LIB\CLIB\cl-pli-blxd-1e16x0 #
#                            1.r51"                                            #
#                            -D_IDATA_STACK_SIZE=0xC0 -D?ESP=0 -D?ESP_MASK=0   #
#                            -D_EXTENDED_STACK_START=0                         #
#                            -D_EXTENDED_STACK_SIZE=0                          #
#                            -D_PDATA_STACK_SIZE=0x00                          #
#                            -D_XDATA_STACK_SIZE=0x280                         #
#                            -D_XDATA_HEAP_SIZE=0xFF -D_FAR_HEAP_SIZE=0xFFF    #
#                            -D_HUGE_HEAP_SIZE=0xFFF                           #
#                            -D_FAR22_HEAP_SIZE=0xFFF                          #
#                                                                              #
#                           Copyright (C) 1987-2013 IAR Systems AB.            #
################################################################################





                ****************************************
                *                                      *
                *           CROSS REFERENCE            *
                *                                      *
                ****************************************

       Program entry at : CODE      0000011A  Relocatable, from module : CSTARTUP




                ****************************************
                *                                      *
                *            RUNTIME MODEL             *
                *                                      *
                ****************************************

  __SystemLibrary          = CLib
  __calling_convention     = xdata_reentrant
  __code_model             = banked
  __core                   = plain
  __data_model             = large
  __dptr_size              = 16
  __extended_stack         = disabled
  __location_for_constants = data
  __number_of_dptrs        = 1
  __rt_version             = 1

                ****************************************
                *                                      *
                *    AUTOMATIC SYMBOL REDIRECTIONS     *
                *                                      *
                ****************************************

                  There are no automatic symbol redirections.



                ****************************************
                *                                      *
                *              MODULE MAP              *
                *                                      *
                ****************************************


  DEFINED ABSOLUTE ENTRIES
    *************************************************************************

  DEFINED ABSOLUTE ENTRIES
  PROGRAM MODULE, NAME : ?ABS_ENTRY_MOD

Absolute parts
           ENTRY                   ADDRESS         REF BY
           =====                   =======         ======
           _FAR22_HEAP_SIZE        00000FFF 
           _HUGE_HEAP_SIZE         00000FFF 
           _FAR_HEAP_SIZE          00000FFF 
           _XDATA_HEAP_SIZE        000000FF 
           _XDATA_STACK_SIZE       00000280 
           _PDATA_STACK_SIZE       00000000 
           _EXTENDED_STACK_SIZE    00000000 
           _EXTENDED_STACK_START   00000000 
           ?ESP_MASK               00000000 
           ?ESP                    00000000 
           _IDATA_STACK_SIZE       000000C0 
           ?PBANK                  00000093 
           _NR_OF_VIRTUAL_REGISTERS
                                   00000008 
           _FLASH_LOCK_BITS_END    0003FFFF 
           _FLASH_LOCK_BITS_START
                                   0003FFF0 
           _BANK7_END              0003E7FF 
           _BANK7_START            00038000 
           _BANK6_END              00037FFF 
           _BANK6_START            00030000 
           _BANK5_END              0002FFFF 
           _BANK5_START            00028000 
           _BANK4_END              00027FFF 
           _BANK4_START            00020000 
           _BANK3_END              0001FFFF 
           _BANK3_START            00018000 
           _BANK2_END              00017FFF 
           _BANK2_START            00010000 
           _BANK1_END              0000FFFF 
           _BANK1_START            00008000 
           _BANK0_END              00007FFF 
           _BANK0_START            00000000 
           _BLENV_ADDRESS_SPACE_END
                                   0003F7FF 
           _BLENV_ADDRESS_SPACE_START
                                   0003E800 
           _SLEEP_CODE_SPACE_END   00007FFF 
           _SLEEP_CODE_SPACE_START
                                   00007FF8 
           _FAR_CODE_END           00007FFF 
           _FAR_CODE_START         00000000 
           _FAR_DATA_END           00FFFFFF 
           _FAR_DATA_START         00010001 
           _FAR_DATA_NR_OF_BANKS   0000000E 
           ?VB                     00000020        ?BANKED_ENTER_XDATA (?BANKED_ENTER_XDATA)
                                                   ?BANKED_LEAVE_XDATA (?BANKED_LEAVE_XDATA)
                                                   ?FUNC_ENTER_XDATA (?FUNC_ENTER_XDATA)
                                                   ?FUNC_LEAVE_XDATA (?FUNC_LEAVE_XDATA)
                                                   ?INTERRUPT_ENTER_XSP (?INTERRUPT_ENTER_XSP)
                                                   ?INTERRUPT_LEAVE_XSP (?INTERRUPT_LEAVE_XSP)
           _BREG_START             00000000 
           ?PBANK_NUMBER           0000001E 
           _REGISTER_BANK_START    00000000 
           ?REGISTER_BANK          00000000        Segment part 6 (CSTARTUP)
           _NEAR_CODE_END          00007FFF 
           _FIRST_BANK_ADDR        00010000 
           _CODE_END               00007FFF 
           _CODE_START             00000000 
           _XDATA_END              00001EFF 
           _XDATA_START            00000001 
           _IXDATA_END             00001EFF 
           _IXDATA_START           00000001 
           _PDATA_END              00001EFF 
           _PDATA_START            00001E00 
           _IDATA_END              000000FF 
           ?CBANK                  0000009F        ?RESET_CODE_BANK (CSTARTUP)
                                                   Segment part 0 (?BANKED_CODE_SUPPORT)
           ?CBANK_MASK             000000FF 
           _CODEBANK_START         00008000 
           _CODEBANK_END           0000FFFF 
           _NR_OF_BANKS            00000007 
    *************************************************************************

  FILE NAME : C:\Users\MON\Desktop\IAR_TPMS\IAR Systems\SDK\BLE-CC254x-1.4.0\Projects\ble\Libraries\CC2541DB\bin\CC2541_BLE_observ.lib
  LIBRARY MODULE, NAME : gap_centdevmgr

  SEGMENTS IN THE MODULE
  ======================
XDATA_Z
  Relative segment, address: XDATA 00000281 - 00000282 (0x2 bytes), align: 0
  Segment part 6.             Intra module refs:   GAP_CentDevMgrInit
                                                   Segment part 42
                                                   Segment part 50
                                                   gapFreeScanRecs
                                                   gapProcessAdvertDevInfo
                                                   gapSendDevDiscEvent
    -------------------------------------------------------------------------
XDATA_Z
  Relative segment, address: XDATA 00000283 - 00000283 (0x1 bytes), align: 0
  Segment part 7.             Intra module refs:   GAP_CentDevMgrInit
                                                   gapProcessAdvertDevInfo
                                                   gapSendDevDiscEvent
    -------------------------------------------------------------------------
XDATA_I
  Relative segment, address: XDATA 00000405 - 00000408 (0x4 bytes), align: 0
  Segment part 8.             Intra module refs:   GAP_CentDevMgrInit
    -------------------------------------------------------------------------
<BANKED_CODE,CODE_C> 1 (was BANKED_CODE)
  Relative segment, address: CODE 000014B8 - 00001594 (0xdd bytes), align: 0
  Segment part 12.            Intra module refs:   GAP_DeviceDiscoveryRequest::?relay
           ENTRY                   ADDRESS         REF BY
           =====                   =======         ======
           GAP_DeviceDiscoveryRequest
                                   000014B8 
               calls direct
               XSTACK = 00000000 ( 0000000E )
    -------------------------------------------------------------------------
<BANKED_CODE,CODE_C> 1 (was BANKED_CODE)
  Relative segment, address: CODE 00001595 - 00001599 (0x5 bytes), align: 0
  Segment part 14.            Intra module refs:   GAP_DeviceDiscoveryRequest
                                                   gapProcessScanningEvt
                                                   gapSetScanParamStatus
    -------------------------------------------------------------------------
<BANKED_CODE,CODE_C> 1 (was BANKED_CODE)
  Relative segment, address: CODE 0000159A - 0000159C (0x3 bytes), align: 0
  Segment part 15.            Intra module refs:   GAP_DeviceDiscoveryRequest
                                                   gapSendDevDiscEvent
    -------------------------------------------------------------------------
<BANKED_CODE,CODE_C> 1 (was BANKED_CODE)
  Relative segment, address: CODE 0000159D - 000015A2 (0x6 bytes), align: 0
  Segment part 16.            Intra module refs:   Segment part 15
                                                   gapFreeScanRecs
                                                   gapSendDeviceInfoEvent
    -------------------------------------------------------------------------
<BANKED_CODE,CODE_C> 1 (was BANKED_CODE)
  Relative segment, address: CODE 000015A3 - 000015A4 (0x2 bytes), align: 0
  Segment part 17.            Intra module refs:   GAP_DeviceDiscoveryCancel
                                                   gapSetScanParamStatus
    -------------------------------------------------------------------------
<BANKED_CODE,CODE_C> 1 (was BANKED_CODE)
  Relative segment, address: CODE 000015A5 - 000015A7 (0x3 bytes), align: 0
  Segment part 18.            Intra module refs:   GAP_DeviceDiscoveryRequest
                                                   Segment part 17
                                                   gapProcessAdvertDevInfo
                                                   gapProcessScanningEvt
                                                   gapSendDevDiscEvent
                                                   gapSendDeviceInfoEvent
    -------------------------------------------------------------------------
<BANKED_CODE,CODE_C> 1 (was BANKED_CODE)
  Relative segment, address: CODE 000015A8 - 000015AF (0x8 bytes), align: 0
  Segment part 19.            Intra module refs:   GAP_CentDevMgrInit
                                                   Segment part 18
                                                   gapFreeScanRecs
                                                   gapProcessAdvertDevInfo
                                                   gapSendDevDiscEvent
    -------------------------------------------------------------------------
<BANKED_CODE,CODE_C> 1 (was BANKED_CODE)
  Relative segment, address: CODE 000015B0 - 000015DE (0x2f bytes), align: 0
  Segment part 20.            Intra module refs:   GAP_DeviceDiscoveryCancel::?relay
           ENTRY                   ADDRESS         REF BY
           =====                   =======         ======
           GAP_DeviceDiscoveryCancel
                                   000015B0 
               calls direct
               XSTACK = 00000000 ( 00000009 )
    -------------------------------------------------------------------------
<BANKED_CODE,CODE_C> 1 (was BANKED_CODE)
  Relative segment, address: CODE 000015DF - 000015E3 (0x5 bytes), align: 0
  Segment part 22.            Intra module refs:   GAP_CentDevMgrInit
                                                   GAP_DeviceDiscoveryCancel
    -------------------------------------------------------------------------
<BANKED_CODE,CODE_C> 1 (was BANKED_CODE)
  Relative segment, address: CODE 000015E4 - 00001665 (0x82 bytes), align: 0
  Segment part 23.            Intra module refs:   GAP_CentDevMgrInit::?relay
           ENTRY                   ADDRESS         REF BY
           =====                   =======         ======
           GAP_CentDevMgrInit      000015E4 
               calls direct
               XSTACK = 00000000 ( 00000009 )
    -------------------------------------------------------------------------
<BANKED_CODE,CODE_C> 1 (was BANKED_CODE)
  Relative segment, address: CODE 00001666 - 0000169F (0x3a bytes), align: 0
  Segment part 27.            Intra module refs:   gapCentProcessHCICmdEvt::?relay
           LOCAL                   ADDRESS         
           =====                   =======         
           gapCentProcessHCICmdEvt
                                   00001666 
               calls direct, is indirectly called
               XSTACK = 00000000 ( 0000000A )
    -------------------------------------------------------------------------
<BANKED_CODE,CODE_C> 1 (was BANKED_CODE)
  Relative segment, address: CODE 000016A0 - 000016A4 (0x5 bytes), align: 0
  Segment part 29.            Intra module refs:   gapCentProcessHCICmdEvt
                                                   gapSendScanEnable
    -------------------------------------------------------------------------
<BANKED_CODE,CODE_C> 1 (was BANKED_CODE)
  Relative segment, address: CODE 000016A5 - 000016A7 (0x3 bytes), align: 0
  Segment part 30.            Intra module refs:   gapCentProcessHCICmdEvt
                                                   gapProcessAdvertDevInfo
    -------------------------------------------------------------------------
<BANKED_CODE,CODE_C> 1 (was BANKED_CODE)
  Relative segment, address: CODE 000016A8 - 000016AD (0x6 bytes), align: 0
  Segment part 31.            Intra module refs:   GAP_DeviceDiscoveryCancel
                                                   Segment part 30
                                                   gapSetScanParamStatus
    -------------------------------------------------------------------------
<BANKED_CODE,CODE_C> 1 (was BANKED_CODE)
  Relative segment, address: CODE 000016AE - 00001711 (0x64 bytes), align: 0
  Segment part 34.            Intra module refs:   gapSetScanParamStatus::?relay
           ENTRY                   ADDRESS         REF BY
           =====                   =======         ======
           gapSetScanParamStatus   000016AE 
               calls direct
               XSTACK = 0000000A ( 00000010 )
    -------------------------------------------------------------------------
<BANKED_CODE,CODE_C> 1 (was BANKED_CODE)
  Relative segment, address: CODE 00001712 - 0000179E (0x8d bytes), align: 0
  Segment part 36.            Intra module refs:   gapProcessScanningEvt::?relay
           LOCAL                   ADDRESS         
           =====                   =======         
           gapProcessScanningEvt   00001712 
               calls direct, is indirectly called
               XSTACK = 00000000 ( 0000000C )
    -------------------------------------------------------------------------
<BANKED_CODE,CODE_C> 1 (was BANKED_CODE)
  Relative segment, address: CODE 0000179F - 00001831 (0x93 bytes), align: 0
  Segment part 38.            Intra module refs:   gapFreeScanRecs::?relay
           LOCAL                   ADDRESS         
           =====                   =======         
           gapFreeScanRecs         0000179F 
               calls direct
               XSTACK = 00000010 ( 0000000B )
    -------------------------------------------------------------------------
<BANKED_CODE,CODE_C> 1 (was BANKED_CODE)
  Relative segment, address: CODE 00001832 - 00001838 (0x7 bytes), align: 0
  Segment part 40.            Intra module refs:   GAP_CentDevMgrInit
                                                   gapFreeScanRecs
    -------------------------------------------------------------------------
<BANKED_CODE,CODE_C> 1 (was BANKED_CODE)
  Relative segment, address: CODE 00001839 - 0000183C (0x4 bytes), align: 0
  Segment part 41.            Intra module refs:   gapFreeScanRecs
    -------------------------------------------------------------------------
<BANKED_CODE,CODE_C> 1 (was BANKED_CODE)
  Relative segment, address: CODE 0000183D - 00001852 (0x16 bytes), align: 0
  Segment part 42.            Intra module refs:   Segment part 41
                                                   Segment part 43
    -------------------------------------------------------------------------
<BANKED_CODE,CODE_C> 1 (was BANKED_CODE)
  Relative segment, address: CODE 00001853 - 00001858 (0x6 bytes), align: 0
  Segment part 43.            Intra module refs:   gapFreeScanRecs
    -------------------------------------------------------------------------
<BANKED_CODE,CODE_C> 1 (was BANKED_CODE)
  Relative segment, address: CODE 00001859 - 00001B56 (0x2fe bytes), align: 0
  Segment part 44.            Intra module refs:   gapProcessAdvertDevInfo::?relay
           LOCAL                   ADDRESS         
           =====                   =======         
           gapProcessAdvertDevInfo
                                   00001859 
               calls direct
               XSTACK = 0000000C ( 0000001B )
               ISTACK = 00000000 ( 00000001 )
    -------------------------------------------------------------------------
<BANKED_CODE,CODE_C> 1 (was BANKED_CODE)
  Relative segment, address: CODE 00001B57 - 00001B5F (0x9 bytes), align: 0
  Segment part 46.            Intra module refs:   gapProcessAdvertDevInfo
    -------------------------------------------------------------------------
<BANKED_CODE,CODE_C> 1 (was BANKED_CODE)
  Relative segment, address: CODE 00001B60 - 00001B67 (0x8 bytes), align: 0
  Segment part 47.            Intra module refs:   gapFreeScanRecs
                                                   gapProcessAdvertDevInfo
    -------------------------------------------------------------------------
<BANKED_CODE,CODE_C> 1 (was BANKED_CODE)
  Relative segment, address: CODE 00001B68 - 00001CAE (0x147 bytes), align: 0
  Segment part 48.            Intra module refs:   gapSendDevDiscEvent::?relay
           LOCAL                   ADDRESS         
           =====                   =======         
           gapSendDevDiscEvent     00001B68 
               calls direct
               XSTACK = 0000000C ( 00000012 )
               ISTACK = 00000000 ( 00000001 )
    -------------------------------------------------------------------------
<BANKED_CODE,CODE_C> 1 (was BANKED_CODE)
  Relative segment, address: CODE 00001CAF - 00001CC3 (0x15 bytes), align: 0
  Segment part 50.            Intra module refs:   Segment part 40
                                                   gapSendDevDiscEvent
    -------------------------------------------------------------------------
<BANKED_CODE,CODE_C> 1 (was BANKED_CODE)
  Relative segment, address: CODE 00001CC4 - 00001CCE (0xb bytes), align: 0
  Segment part 51.            Intra module refs:   gapProcessAdvertDevInfo
                                                   gapSendDevDiscEvent
    -------------------------------------------------------------------------
<BANKED_CODE,CODE_C> 1 (was BANKED_CODE)
  Relative segment, address: CODE 00001CCF - 00001CE0 (0x12 bytes), align: 0
  Segment part 52.            Intra module refs:   gapProcessAdvertDevInfo
                                                   gapSendDevDiscEvent
    -------------------------------------------------------------------------
<BANKED_CODE,CODE_C> 1 (was BANKED_CODE)
  Relative segment, address: CODE 00001CE1 - 00001CE7 (0x7 bytes), align: 0
  Segment part 53.            Intra module refs:   gapSendDevDiscEvent
                                                   gapSendDeviceInfoEvent
    -------------------------------------------------------------------------
<BANKED_CODE,CODE_C> 1 (was BANKED_CODE)
  Relative segment, address: CODE 00001CE8 - 00001CF2 (0xb bytes), align: 0
  Segment part 54.            Intra module refs:   Segment part 53
                                                   gapCentProcessHCICmdEvt
    -------------------------------------------------------------------------
<BANKED_CODE,CODE_C> 1 (was BANKED_CODE)
  Relative segment, address: CODE 00001CF3 - 00001D15 (0x23 bytes), align: 0
  Segment part 55.            Intra module refs:   gapSendScanEnable::?relay
           LOCAL                   ADDRESS         
           =====                   =======         
           gapSendScanEnable       00001CF3 
               calls direct
               XSTACK = 0000000C ( 0000000A )
    -------------------------------------------------------------------------
<BANKED_CODE,CODE_C> 1 (was BANKED_CODE)
  Relative segment, address: CODE 00001D16 - 00001E2F (0x11a bytes), align: 0
  Segment part 57.            Intra module refs:   gapSendDeviceInfoEvent::?relay
           LOCAL                   ADDRESS         
           =====                   =======         
           gapSendDeviceInfoEvent
                                   00001D16 
               calls direct
               XSTACK = 0000000C ( 00000010 )
               ISTACK = 00000000 ( 00000001 )
    -------------------------------------------------------------------------
<BANKED_CODE,CODE_C> 1 (was BANKED_CODE)
  Relative segment, address: CODE 00001E30 - 00001E37 (0x8 bytes), align: 0
  Segment part 59.            Intra module refs:   gapSendDevDiscEvent
                                                   gapSendDeviceInfoEvent
    -------------------------------------------------------------------------
<BANKED_CODE,CODE_C> 1 (was BANKED_CODE)
  Relative segment, address: CODE 00001E38 - 00001E40 (0x9 bytes), align: 0
  Segment part 60.            Intra module refs:   gapSendDeviceInfoEvent
    -------------------------------------------------------------------------
XDATA_ID
  Relative segment, address: CODE 0000014B - 0000014E (0x4 bytes), align: 0
  Segment part 9.             Intra module refs:   Segment part 8
    -------------------------------------------------------------------------
BANK_RELAYS
  Relative segment, address: CODE 000001C4 - 000001C9 (0x6 bytes), align: 0
  Segment part 13.
           ENTRY                   ADDRESS         REF BY
           =====                   =======         ======
           GAP_DeviceDiscoveryRequest::?relay
                                   000001C4        GAPObserverRole_StartDiscovery (observer)
    -------------------------------------------------------------------------
BANK_RELAYS
  Relative segment, address: CODE 000001CA - 000001CF (0x6 bytes), align: 0
  Segment part 21.
           ENTRY                   ADDRESS         REF BY
           =====                   =======         ======
           GAP_DeviceDiscoveryCancel::?relay
                                   000001CA        GAPObserverRole_CancelDiscovery (observer)
    -------------------------------------------------------------------------
BANK_RELAYS
  Relative segment, address: CODE 000001D0 - 000001D5 (0x6 bytes), align: 0
  Segment part 24.
           ENTRY                   ADDRESS         REF BY
           =====                   =======         ======
           GAP_CentDevMgrInit::?relay
                                   000001D0        GAP_DeviceInit (gap)
    -------------------------------------------------------------------------
BANK_RELAYS
  Relative segment, address: CODE 000001D6 - 000001DB (0x6 bytes), align: 0
  Segment part 28.            Intra module refs:   Segment part 9
           LOCAL                   ADDRESS         
           =====                   =======         
           gapCentProcessHCICmdEvt::?relay
                                   000001D6 
    -------------------------------------------------------------------------
BANK_RELAYS
  Relative segment, address: CODE 000001DC - 000001E1 (0x6 bytes), align: 0
  Segment part 35.            Intra module refs:   gapCentProcessHCICmdEvt
           ENTRY                   ADDRESS         REF BY
           =====                   =======         ======
           gapSetScanParamStatus::?relay
                                   000001DC 
    -------------------------------------------------------------------------
BANK_RELAYS
  Relative segment, address: CODE 000001E2 - 000001E7 (0x6 bytes), align: 0
  Segment part 37.            Intra module refs:   Segment part 9
           LOCAL                   ADDRESS         
           =====                   =======         
           gapProcessScanningEvt::?relay
                                   000001E2 
    -------------------------------------------------------------------------
BANK_RELAYS
  Relative segment, address: CODE 000001E8 - 000001ED (0x6 bytes), align: 0
  Segment part 39.            Intra module refs:   GAP_CentDevMgrInit
                                                   gapSendDevDiscEvent
           LOCAL                   ADDRESS         
           =====                   =======         
           gapFreeScanRecs::?relay
                                   000001E8 
    -------------------------------------------------------------------------
BANK_RELAYS
  Relative segment, address: CODE 000001EE - 000001F3 (0x6 bytes), align: 0
  Segment part 45.            Intra module refs:   gapProcessScanningEvt
           LOCAL                   ADDRESS         
           =====                   =======         
           gapProcessAdvertDevInfo::?relay
                                   000001EE 
    -------------------------------------------------------------------------
BANK_RELAYS
  Relative segment, address: CODE 000001F4 - 000001F9 (0x6 bytes), align: 0
  Segment part 49.            Intra module refs:   GAP_DeviceDiscoveryCancel
                                                   gapProcessScanningEvt
                                                   gapSetScanParamStatus
           LOCAL                   ADDRESS         
           =====                   =======         
           gapSendDevDiscEvent::?relay
                                   000001F4 
    -------------------------------------------------------------------------
BANK_RELAYS
  Relative segment, address: CODE 000001FA - 000001FF (0x6 bytes), align: 0
  Segment part 56.            Intra module refs:   GAP_DeviceDiscoveryCancel
                                                   gapProcessScanningEvt
                                                   gapSetScanParamStatus
           LOCAL                   ADDRESS         
           =====                   =======         
           gapSendScanEnable::?relay
                                   000001FA 
    -------------------------------------------------------------------------
BANK_RELAYS
  Relative segment, address: CODE 00000200 - 00000205 (0x6 bytes), align: 0
  Segment part 58.            Intra module refs:   gapProcessScanningEvt
           LOCAL                   ADDRESS         
           =====                   =======         
           gapSendDeviceInfoEvent::?relay
                                   00000200 

    -------------------------------------------------------------------------
  LIBRARY MODULE, NAME : gap_configmgr

  SEGMENTS IN THE MODULE
  ======================
XDATA_I
  Relative segment, address: XDATA 00000409 - 00000409 (0x1 bytes), align: 0
  Segment part 6.             Intra module refs:   GAP_ParamsInit
                                                   gapProcessRandomAddrComplete
                                                   gapSendDeviceInitDoneEvent
           ENTRY                   ADDRESS         REF BY
           =====                   =======         ======
           gapAppTaskID            00000409 
    -------------------------------------------------------------------------
XDATA_Z
  Relative segment, address: XDATA 00000284 - 00000284 (0x1 bytes), align: 0
  Segment part 8.             Intra module refs:   GAP_ParamsInit
           ENTRY                   ADDRESS         REF BY
           =====                   =======         ======
           gapProfileRole          00000284        GAP_CentDevMgrInit (gap_centdevmgr)
                                                   GAP_DeviceDiscoveryRequest (gap_centdevmgr)
    -------------------------------------------------------------------------
XDATA_Z
  Relative segment, address: XDATA 00000285 - 00000285 (0x1 bytes), align: 0
  Segment part 9.             Intra module refs:   gapProcessRandomAddrComplete
           ENTRY                   ADDRESS         REF BY
           =====                   =======         ======
           gapDeviceAddrMode       00000285        GAP_DeviceDiscoveryRequest (gap_centdevmgr)
    -------------------------------------------------------------------------
XDATA_Z
  Relative segment, address: XDATA 00000286 - 00000286 (0x1 bytes), align: 0
  Segment part 11.            Intra module refs:   gapProcessRandomAddrComplete
           ENTRY                   ADDRESS         REF BY
           =====                   =======         ======
           gapAutoAdvPrivateAddrChange
                                   00000286 
    -------------------------------------------------------------------------
XDATA_Z
  Relative segment, address: XDATA 00000287 - 00000296 (0x10 bytes), align: 0
  Segment part 12.            Intra module refs:   GAP_ParamsInit
                                                   gapReadBD_ADDRStatus
                                                   gapReadBufSizeCmdStatus
                                                   gapSendDeviceInitDoneEvent
    -------------------------------------------------------------------------
XDATA_I
  Relative segment, address: XDATA 0000040A - 00000457 (0x4e bytes), align: 0
  Segment part 13.            Intra module refs:   Segment part 22
    -------------------------------------------------------------------------
XDATA_Z
  Relative segment, address: XDATA 00000297 - 0000029C (0x6 bytes), align: 0
  Segment part 15.            Intra module refs:   gapProcessRandomAddrComplete
    -------------------------------------------------------------------------
<BANKED_CODE,CODE_C> 1 (was BANKED_CODE)
  Relative segment, address: CODE 00005C85 - 00005CAC (0x28 bytes), align: 0
  Segment part 18.            Intra module refs:   GAP_SetParamValue::?relay
           ENTRY                   ADDRESS         REF BY
           =====                   =======         ======
           GAP_SetParamValue       00005C85 
               ISTACK = 00000000 ( 00000002 )
    -------------------------------------------------------------------------
<BANKED_CODE,CODE_C> 1 (was BANKED_CODE)
  Relative segment, address: CODE 00005CAD - 00005CC8 (0x1c bytes), align: 0
  Segment part 20.            Intra module refs:   GAP_GetParamValue::?relay
           ENTRY                   ADDRESS         REF BY
           =====                   =======         ======
           GAP_GetParamValue       00005CAD 
               XSTACK = 00000014 ( 00000000 )
               ISTACK = 00000000 ( 00000002 )
    -------------------------------------------------------------------------
<BANKED_CODE,CODE_C> 1 (was BANKED_CODE)
  Relative segment, address: CODE 00005CC9 - 00005CDA (0x12 bytes), align: 0
  Segment part 22.            Intra module refs:   GAP_GetParamValue
                                                   GAP_SetParamValue
    -------------------------------------------------------------------------
<BANKED_CODE,CODE_C> 1 (was BANKED_CODE)
  Relative segment, address: CODE 00005CDB - 00005D0C (0x32 bytes), align: 0
  Segment part 23.            Intra module refs:   GAP_ParamsInit::?relay
           ENTRY                   ADDRESS         REF BY
           =====                   =======         ======
           GAP_ParamsInit          00005CDB 
               calls direct
               XSTACK = 00000000 ( 00000009 )
    -------------------------------------------------------------------------
<BANKED_CODE,CODE_C> 1 (was BANKED_CODE)
  Relative segment, address: CODE 00005D0D - 00005D11 (0x5 bytes), align: 0
  Segment part 25.            Intra module refs:   GAP_ParamsInit
                                                   gapReadBufSizeCmdStatus
    -------------------------------------------------------------------------
<BANKED_CODE,CODE_C> 1 (was BANKED_CODE)
  Relative segment, address: CODE 00005D12 - 00005D57 (0x46 bytes), align: 0
  Segment part 30.            Intra module refs:   gapReadBD_ADDRStatus::?relay
           ENTRY                   ADDRESS         REF BY
           =====                   =======         ======
           gapReadBD_ADDRStatus    00005D12 
               calls direct
               XSTACK = 00000000 ( 0000000C )
    -------------------------------------------------------------------------
<BANKED_CODE,CODE_C> 1 (was BANKED_CODE)
  Relative segment, address: CODE 00005D58 - 00005D5C (0x5 bytes), align: 0
  Segment part 32.            Intra module refs:   gapReadBD_ADDRStatus
    -------------------------------------------------------------------------
<BANKED_CODE,CODE_C> 1 (was BANKED_CODE)
  Relative segment, address: CODE 00005D5D - 00005DA7 (0x4b bytes), align: 0
  Segment part 33.            Intra module refs:   gapReadBufSizeCmdStatus::?relay
           ENTRY                   ADDRESS         REF BY
           =====                   =======         ======
           gapReadBufSizeCmdStatus
                                   00005D5D 
               calls direct
               XSTACK = 00000000 ( 00000009 )
    -------------------------------------------------------------------------
<BANKED_CODE,CODE_C> 1 (was BANKED_CODE)
  Relative segment, address: CODE 00005DA8 - 00005DAE (0x7 bytes), align: 0
  Segment part 40.            Intra module refs:   GAP_GetParamValue
                                                   GAP_SetParamValue
                                                   gapDetermineAddrType
    -------------------------------------------------------------------------
<BANKED_CODE,CODE_C> 1 (was BANKED_CODE)
  Relative segment, address: CODE 00005DAF - 00005DB4 (0x6 bytes), align: 0
  Segment part 42.            Intra module refs:   GAP_GetParamValue
    -------------------------------------------------------------------------
<BANKED_CODE,CODE_C> 1 (was BANKED_CODE)
  Relative segment, address: CODE 00005DB5 - 00005DE2 (0x2e bytes), align: 0
  Segment part 43.            Intra module refs:   gapDetermineAddrType::?relay
           ENTRY                   ADDRESS         REF BY
           =====                   =======         ======
           gapDetermineAddrType    00005DB5 
               ISTACK = 00000000 ( 00000002 )
    -------------------------------------------------------------------------
<BANKED_CODE,CODE_C> 1 (was BANKED_CODE)
  Relative segment, address: CODE 00005DE3 - 00005E81 (0x9f bytes), align: 0
  Segment part 45.            Intra module refs:   gapProcessRandomAddrComplete::?relay
           ENTRY                   ADDRESS         REF BY
           =====                   =======         ======
           gapProcessRandomAddrComplete
                                   00005DE3 
               calls direct
               XSTACK = 00000000 ( 00000010 )
               ISTACK = 00000000 ( 00000001 )
    -------------------------------------------------------------------------
<BANKED_CODE,CODE_C> 1 (was BANKED_CODE)
  Relative segment, address: CODE 00005E82 - 00005E86 (0x5 bytes), align: 0
  Segment part 47.            Intra module refs:   gapProcessRandomAddrComplete
                                                   gapSendDeviceInitDoneEvent
    -------------------------------------------------------------------------
<BANKED_CODE,CODE_C> 1 (was BANKED_CODE)
  Relative segment, address: CODE 00005E87 - 00005E87 (0x1 bytes), align: 0
  Segment part 48.            Intra module refs:   gapProcessRandomAddrComplete
                                                   gapReadBufSizeCmdStatus
    -------------------------------------------------------------------------
<BANKED_CODE,CODE_C> 1 (was BANKED_CODE)
  Relative segment, address: CODE 00005E88 - 00005E8D (0x6 bytes), align: 0
  Segment part 49.            Intra module refs:   Segment part 48
                                                   gapProcessRandomAddrComplete
                                                   gapSendDeviceInitDoneEvent
    -------------------------------------------------------------------------
<BANKED_CODE,CODE_C> 1 (was BANKED_CODE)
  Relative segment, address: CODE 00005E8E - 00005E97 (0xa bytes), align: 0
  Segment part 50.            Intra module refs:   gapProcessRandomAddrComplete
                                                   gapSendDeviceInitDoneEvent
    -------------------------------------------------------------------------
<BANKED_CODE,CODE_C> 1 (was BANKED_CODE)
  Relative segment, address: CODE 00005E98 - 00005E9F (0x8 bytes), align: 0
  Segment part 51.            Intra module refs:   Segment part 50
    -------------------------------------------------------------------------
<BANKED_CODE,CODE_C> 1 (was BANKED_CODE)
  Relative segment, address: CODE 00005EA0 - 00005F1D (0x7e bytes), align: 0
  Segment part 67.            Intra module refs:   gapSendDeviceInitDoneEvent::?relay
           LOCAL                   ADDRESS         
           =====                   =======         
           gapSendDeviceInitDoneEvent
                                   00005EA0 
               calls direct
               XSTACK = 0000000A ( 0000000E )
               ISTACK = 00000000 ( 00000001 )
    -------------------------------------------------------------------------
<BANKED_CODE,CODE_C> 1 (was BANKED_CODE)
  Relative segment, address: CODE 00005F1E - 00005F26 (0x9 bytes), align: 0
  Segment part 71.            Intra module refs:   gapReadBufSizeCmdStatus
    -------------------------------------------------------------------------
XDATA_ID
  Relative segment, address: CODE 0000014F - 0000014F (0x1 bytes), align: 0
  Segment part 7.             Intra module refs:   gapAppTaskID
    -------------------------------------------------------------------------
XDATA_ID
  Relative segment, address: CODE 00000150 - 0000019D (0x4e bytes), align: 0
  Segment part 14.            Intra module refs:   Segment part 13
    -------------------------------------------------------------------------
<XDATA_ROM_C> 1 (was XDATA_ROM_C)
  Relative segment, address: CONST 00008040 - 00008043 (0x4 bytes), align: 0
  Segment part 16.            Intra module refs:   gapProcessRandomAddrComplete
           ENTRY                   ADDRESS         REF BY
           =====                   =======         ======
           __Constant_ea60         00008040 
    -------------------------------------------------------------------------
BANK_RELAYS
  Relative segment, address: CODE 00000206 - 0000020B (0x6 bytes), align: 0
  Segment part 19.
           ENTRY                   ADDRESS         REF BY
           =====                   =======         ======
           GAP_SetParamValue::?relay
                                   00000206        TPMS_OBD_Init (TPMS_OBD)
    -------------------------------------------------------------------------
BANK_RELAYS
  Relative segment, address: CODE 0000020C - 00000211 (0x6 bytes), align: 0
  Segment part 21.
           ENTRY                   ADDRESS         REF BY
           =====                   =======         ======
           GAP_GetParamValue::?relay
                                   0000020C        GAP_DeviceDiscoveryRequest (gap_centdevmgr)
                                                   gapProcessScanningEvt (gap_centdevmgr)
                                                   gapSendScanEnable (gap_centdevmgr)
                                                   gapSetScanParamStatus (gap_centdevmgr)
    -------------------------------------------------------------------------
BANK_RELAYS
  Relative segment, address: CODE 00000212 - 00000217 (0x6 bytes), align: 0
  Segment part 24.
           ENTRY                   ADDRESS         REF BY
           =====                   =======         ======
           GAP_ParamsInit::?relay
                                   00000212        GAP_DeviceInit (gap)
    -------------------------------------------------------------------------
BANK_RELAYS
  Relative segment, address: CODE 00000218 - 0000021D (0x6 bytes), align: 0
  Segment part 31.
           ENTRY                   ADDRESS         REF BY
           =====                   =======         ======
           gapReadBD_ADDRStatus::?relay
                                   00000218        gapProcessHCICmdCompleteEvt (gap_simpletask)
    -------------------------------------------------------------------------
BANK_RELAYS
  Relative segment, address: CODE 0000021E - 00000223 (0x6 bytes), align: 0
  Segment part 34.
           ENTRY                   ADDRESS         REF BY
           =====                   =======         ======
           gapReadBufSizeCmdStatus::?relay
                                   0000021E        gapProcessHCICmdCompleteEvt (gap_simpletask)
    -------------------------------------------------------------------------
BANK_RELAYS
  Relative segment, address: CODE 00000224 - 00000229 (0x6 bytes), align: 0
  Segment part 44.
           ENTRY                   ADDRESS         REF BY
           =====                   =======         ======
           gapDetermineAddrType::?relay
                                   00000224        gapProcessAdvertDevInfo (gap_centdevmgr)
    -------------------------------------------------------------------------
BANK_RELAYS
  Relative segment, address: CODE 0000022A - 0000022F (0x6 bytes), align: 0
  Segment part 46.
           ENTRY                   ADDRESS         REF BY
           =====                   =======         ======
           gapProcessRandomAddrComplete::?relay
                                   0000022A        gapProcessHCICmdCompleteEvt (gap_simpletask)
    -------------------------------------------------------------------------
BANK_RELAYS
  Relative segment, address: CODE 00000230 - 00000235 (0x6 bytes), align: 0
  Segment part 68.            Intra module refs:   gapReadBD_ADDRStatus
                                                   gapReadBufSizeCmdStatus
           LOCAL                   ADDRESS         
           =====                   =======         
           gapSendDeviceInitDoneEvent::?relay
                                   00000230 
    -------------------------------------------------------------------------
<XDATA_ROM_C_FLASH> 1 (was XDATA_ROM_C_FLASH)
  Relative segment, address: CODE 00008040 - 00008043 (0x4 bytes), align: 0
  Segment part 72.            Intra module refs:   __Constant_ea60

    -------------------------------------------------------------------------
  LIBRARY MODULE, NAME : gap_devmgr

  SEGMENTS IN THE MODULE
  ======================
XDATA_Z
  Relative segment, address: XDATA 0000029D - 0000029E (0x2 bytes), align: 0
  Segment part 6.
           ENTRY                   ADDRESS         REF BY
           =====                   =======         ======
           pGapDiscReq             0000029D        GAP_DeviceDiscoveryRequest (gap_centdevmgr)
                                                   Segment part 15 (gap_centdevmgr)
                                                   Segment part 18 (gap_centdevmgr)
                                                   Segment part 53 (gap_centdevmgr)
                                                   gapProcessAdvertDevInfo (gap_centdevmgr)
                                                   gapSendDevDiscEvent (gap_centdevmgr)
    -------------------------------------------------------------------------
<BANKED_CODE,CODE_C> 1 (was BANKED_CODE)
  Relative segment, address: CODE 00006FFB - 00007012 (0x18 bytes), align: 0
  Segment part 15.            Intra module refs:   gapValidADType::?relay
           ENTRY                   ADDRESS         REF BY
           =====                   =======         ======
           gapValidADType          00006FFB 
               XSTACK = 00000012 ( 00000000 )
    -------------------------------------------------------------------------
<BANKED_CODE,CODE_C> 1 (was BANKED_CODE)
  Relative segment, address: CODE 00007013 - 000070AB (0x99 bytes), align: 0
  Segment part 17.            Intra module refs:   gapFindADType::?relay
           ENTRY                   ADDRESS         REF BY
           =====                   =======         ======
           gapFindADType           00007013 
               calls direct
               XSTACK = 00000002 ( 00000012 )
               ISTACK = 00000000 ( 00000001 )
    -------------------------------------------------------------------------
BANK_RELAYS
  Relative segment, address: CODE 00000236 - 0000023B (0x6 bytes), align: 0
  Segment part 16.            Intra module refs:   gapFindADType
           ENTRY                   ADDRESS         REF BY
           =====                   =======         ======
           gapValidADType::?relay
                                   00000236 
    -------------------------------------------------------------------------
BANK_RELAYS
  Relative segment, address: CODE 0000023C - 00000241 (0x6 bytes), align: 0
  Segment part 18.
           ENTRY                   ADDRESS         REF BY
           =====                   =======         ======
           gapFindADType::?relay   0000023C        gapProcessAdvertDevInfo (gap_centdevmgr)

    -------------------------------------------------------------------------
  LIBRARY MODULE, NAME : gap_simpletask

  SEGMENTS IN THE MODULE
  ======================
XDATA_Z
  Relative segment, address: XDATA 0000029F - 0000029F (0x1 bytes), align: 0
  Segment part 6.             Intra module refs:   GAP_Init
                                                   GAP_ProcessEvent
           ENTRY                   ADDRESS         REF BY
           =====                   =======         ======
           gapTaskID               0000029F        GAP_DeviceDiscoveryCancel (gap_centdevmgr)
                                                   gapProcessRandomAddrComplete (gap_configmgr)
                                                   gapSetScanParamStatus (gap_centdevmgr)
    -------------------------------------------------------------------------
XDATA_I
  Relative segment, address: XDATA 00000458 - 00000458 (0x1 bytes), align: 0
  Segment part 7.             Intra module refs:   GAP_ProcessEvent
                                                   GAP_RegisterForHCIMsgs
           ENTRY                   ADDRESS         REF BY
           =====                   =======         ======
           gapUnwantedTaskID       00000458 
    -------------------------------------------------------------------------
XDATA_Z
  Relative segment, address: XDATA 000002A0 - 000002A1 (0x2 bytes), align: 0
  Segment part 9.             Intra module refs:   GAP_ProcessEvent
                                                   gapProcessHCICmdCompleteEvt
           ENTRY                   ADDRESS         REF BY
           =====                   =======         ======
           pfnPeripheralCBs        000002A0        gapProcessRandomAddrComplete (gap_configmgr)
    -------------------------------------------------------------------------
XDATA_Z
  Relative segment, address: XDATA 000002A2 - 000002A3 (0x2 bytes), align: 0
  Segment part 10.            Intra module refs:   Segment part 26
                                                   gapRegisterCentral
    -------------------------------------------------------------------------
<BANKED_CODE,CODE_C> 1 (was BANKED_CODE)
  Relative segment, address: CODE 000065EC - 000065F6 (0xb bytes), align: 0
  Segment part 11.            Intra module refs:   GAP_RegisterForHCIMsgs::?relay
           ENTRY                   ADDRESS         REF BY
           =====                   =======         ======
           GAP_RegisterForHCIMsgs
                                   000065EC 
               ISTACK = 00000000 ( 00000002 )
    -------------------------------------------------------------------------
<BANKED_CODE,CODE_C> 1 (was BANKED_CODE)
  Relative segment, address: CODE 000065F7 - 00006608 (0x12 bytes), align: 0
  Segment part 13.            Intra module refs:   GAP_Init::?relay
           ENTRY                   ADDRESS         REF BY
           =====                   =======         ======
           GAP_Init                000065F7 
               calls direct
               XSTACK = 00000000 ( 00000009 )
    -------------------------------------------------------------------------
<BANKED_CODE,CODE_C> 1 (was BANKED_CODE)
  Relative segment, address: CODE 00006609 - 000066D3 (0xcb bytes), align: 0
  Segment part 15.            Intra module refs:   GAP_ProcessEvent::?relay
           ENTRY                   ADDRESS         REF BY
           =====                   =======         ======
           GAP_ProcessEvent        00006609 
               calls direct
               XSTACK = 00000000 ( 0000000C )
    -------------------------------------------------------------------------
<BANKED_CODE,CODE_C> 1 (was BANKED_CODE)
  Relative segment, address: CODE 000066D4 - 000066D8 (0x5 bytes), align: 0
  Segment part 17.            Intra module refs:   GAP_ProcessEvent
    -------------------------------------------------------------------------
<BANKED_CODE,CODE_C> 1 (was BANKED_CODE)
  Relative segment, address: CODE 000066D9 - 000066E0 (0x8 bytes), align: 0
  Segment part 18.            Intra module refs:   Segment part 17
                                                   gapProcessHCICmdCompleteEvt
    -------------------------------------------------------------------------
<BANKED_CODE,CODE_C> 1 (was BANKED_CODE)
  Relative segment, address: CODE 000066E1 - 000066E5 (0x5 bytes), align: 0
  Segment part 19.            Intra module refs:   GAP_NumActiveConnections::?relay
           ENTRY                   ADDRESS         REF BY
           =====                   =======         ======
           GAP_NumActiveConnections
                                   000066E1 
    -------------------------------------------------------------------------
<BANKED_CODE,CODE_C> 1 (was BANKED_CODE)
  Relative segment, address: CODE 000066E6 - 000067A0 (0xbb bytes), align: 0
  Segment part 21.            Intra module refs:   gapProcessHCICmdCompleteEvt::?relay
           LOCAL                   ADDRESS         
           =====                   =======         
           gapProcessHCICmdCompleteEvt
                                   000066E6 
               calls direct
               XSTACK = 0000000C ( 0000000B )
    -------------------------------------------------------------------------
<BANKED_CODE,CODE_C> 1 (was BANKED_CODE)
  Relative segment, address: CODE 000067A1 - 000067AA (0xa bytes), align: 0
  Segment part 23.            Intra module refs:   Segment part 18
                                                   gapProcessHCICmdCompleteEvt
    -------------------------------------------------------------------------
<BANKED_CODE,CODE_C> 1 (was BANKED_CODE)
  Relative segment, address: CODE 000067AB - 000067B0 (0x6 bytes), align: 0
  Segment part 24.            Intra module refs:   Segment part 17
                                                   Segment part 25
                                                   gapProcessHCICmdCompleteEvt
    -------------------------------------------------------------------------
<BANKED_CODE,CODE_C> 1 (was BANKED_CODE)
  Relative segment, address: CODE 000067B1 - 000067C1 (0x11 bytes), align: 0
  Segment part 25.            Intra module refs:   gapProcessHCICmdCompleteEvt
    -------------------------------------------------------------------------
<BANKED_CODE,CODE_C> 1 (was BANKED_CODE)
  Relative segment, address: CODE 000067C2 - 000067C4 (0x3 bytes), align: 0
  Segment part 26.            Intra module refs:   GAP_ProcessEvent
                                                   gapProcessHCICmdCompleteEvt
    -------------------------------------------------------------------------
<BANKED_CODE,CODE_C> 1 (was BANKED_CODE)
  Relative segment, address: CODE 000067C5 - 000067CC (0x8 bytes), align: 0
  Segment part 27.            Intra module refs:   GAP_ProcessEvent
                                                   Segment part 26
                                                   gapProcessHCICmdCompleteEvt
    -------------------------------------------------------------------------
<BANKED_CODE,CODE_C> 1 (was BANKED_CODE)
  Relative segment, address: CODE 000067CD - 000067D3 (0x7 bytes), align: 0
  Segment part 28.            Intra module refs:   gapRegisterCentral::?relay
           ENTRY                   ADDRESS         REF BY
           =====                   =======         ======
           gapRegisterCentral      000067CD 
               ISTACK = 00000000 ( 00000002 )
    -------------------------------------------------------------------------
<BANKED_CODE,CODE_C> 1 (was BANKED_CODE)
  Relative segment, address: CODE 000067D4 - 000067D7 (0x4 bytes), align: 0
  Segment part 30.            Intra module refs:   gapRegisterCentral
    -------------------------------------------------------------------------
<BANKED_CODE,CODE_C> 1 (was BANKED_CODE)
  Relative segment, address: CODE 000067D8 - 000067DF (0x8 bytes), align: 0
  Segment part 31.            Intra module refs:   GAP_RegisterForHCIMsgs
                                                   Segment part 30
    -------------------------------------------------------------------------
XDATA_ID
  Relative segment, address: CODE 0000019E - 0000019E (0x1 bytes), align: 0
  Segment part 8.             Intra module refs:   gapUnwantedTaskID
    -------------------------------------------------------------------------
BANK_RELAYS
  Relative segment, address: CODE 00000242 - 00000247 (0x6 bytes), align: 0
  Segment part 12.
           ENTRY                   ADDRESS         REF BY
           =====                   =======         ======
           GAP_RegisterForHCIMsgs::?relay
                                   00000242        GAPObserverRole_Init (observer)
    -------------------------------------------------------------------------
BANK_RELAYS
  Relative segment, address: CODE 00000248 - 0000024D (0x6 bytes), align: 0
  Segment part 14.
           ENTRY                   ADDRESS         REF BY
           =====                   =======         ======
           GAP_Init::?relay        00000248        osalInitTasks (OSAL_TPMS_OBD)
    -------------------------------------------------------------------------
BANK_RELAYS
  Relative segment, address: CODE 0000024E - 00000253 (0x6 bytes), align: 0
  Segment part 16.
           ENTRY                   ADDRESS         REF BY
           =====                   =======         ======
           GAP_ProcessEvent::?relay
                                   0000024E        tasksArr (OSAL_TPMS_OBD)
    -------------------------------------------------------------------------
BANK_RELAYS
  Relative segment, address: CODE 00000254 - 00000259 (0x6 bytes), align: 0
  Segment part 20.
           ENTRY                   ADDRESS         REF BY
           =====                   =======         ======
           GAP_NumActiveConnections::?relay
                                   00000254        GAP_DeviceDiscoveryRequest (gap_centdevmgr)
    -------------------------------------------------------------------------
BANK_RELAYS
  Relative segment, address: CODE 0000025A - 0000025F (0x6 bytes), align: 0
  Segment part 22.            Intra module refs:   GAP_ProcessEvent
           LOCAL                   ADDRESS         
           =====                   =======         
           gapProcessHCICmdCompleteEvt::?relay
                                   0000025A 
    -------------------------------------------------------------------------
BANK_RELAYS
  Relative segment, address: CODE 00000260 - 00000265 (0x6 bytes), align: 0
  Segment part 29.
           ENTRY                   ADDRESS         REF BY
           =====                   =======         ======
           gapRegisterCentral::?relay
                                   00000260        GAP_CentDevMgrInit (gap_centdevmgr)

    -------------------------------------------------------------------------
  LIBRARY MODULE, NAME : hci

  SEGMENTS IN THE MODULE
  ======================
XDATA_Z
  Relative segment, address: XDATA 000002A4 - 000002A4 (0x1 bytes), align: 0
  Segment part 9.
           ENTRY                   ADDRESS         REF BY
           =====                   =======         ======
           hciPTMenabled           000002A4        HCI_CommandCompleteEvent (hci_event)
                                                   HCI_Init (hci_tl)
    -------------------------------------------------------------------------
XDATA_Z
  Relative segment, address: XDATA 000002A5 - 000002A5 (0x1 bytes), align: 0
  Segment part 12.
           ENTRY                   ADDRESS         REF BY
           =====                   =======         ======
           hciCtrlCmdToken         000002A5        Segment part 35 (hci_event)
    -------------------------------------------------------------------------
<BANKED_CODE,CODE_C> 1 (was BANKED_CODE)
  Relative segment, address: CODE 000067E0 - 000067E7 (0x8 bytes), align: 0
  Segment part 30.            Intra module refs:   Segment part 110
                                                   Segment part 45
[...]

    -------------------------------------------------------------------------
  LIBRARY MODULE, NAME : ?smallwr

  SEGMENTS IN THE MODULE
  ======================
<BANKED_CODE,CODE_C> 1 (was BANKED_CODE)
  Relative segment, address: CODE 000054BE - 00005878 (0x3bb bytes), align: 0
  Segment part 10.            Intra module refs:   _small_write::?relay
           ENTRY                   ADDRESS         REF BY
           =====                   =======         ======
           _small_write            000054BE 
               XSTACK = 00000004 ( 0000001F )
               ISTACK = 00000000 ( 00000001 )
    -------------------------------------------------------------------------
<BANKED_CODE,CODE_C> 1 (was BANKED_CODE)
  Relative segment, address: CODE 00005879 - 00005882 (0xa bytes), align: 0
  Segment part 12.            Intra module refs:   _small_write
    -------------------------------------------------------------------------
<BANKED_CODE,CODE_C> 1 (was BANKED_CODE)
  Relative segment, address: CODE 00005883 - 00005886 (0x4 bytes), align: 0
  Segment part 13.            Intra module refs:   _small_write
    -------------------------------------------------------------------------
<BANKED_CODE,CODE_C> 1 (was BANKED_CODE)
  Relative segment, address: CODE 00005887 - 00005893 (0xd bytes), align: 0
  Segment part 14.            Intra module refs:   Segment part 13
                                                   Segment part 15
    -------------------------------------------------------------------------
<BANKED_CODE,CODE_C> 1 (was BANKED_CODE)
  Relative segment, address: CODE 00005894 - 00005898 (0x5 bytes), align: 0
  Segment part 15.            Intra module refs:   _small_write
    -------------------------------------------------------------------------
<BANKED_CODE,CODE_C> 1 (was BANKED_CODE)
  Relative segment, address: CODE 00005899 - 0000589E (0x6 bytes), align: 0
  Segment part 16.            Intra module refs:   _small_write
    -------------------------------------------------------------------------
<BANKED_CODE,CODE_C> 1 (was BANKED_CODE)
  Relative segment, address: CODE 0000589F - 000058A2 (0x4 bytes), align: 0
  Segment part 17.            Intra module refs:   _small_write
    -------------------------------------------------------------------------
<BANKED_CODE,CODE_C> 1 (was BANKED_CODE)
  Relative segment, address: CODE 000058A3 - 000058A6 (0x4 bytes), align: 0
  Segment part 18.            Intra module refs:   Segment part 17
                                                   Segment part 20
    -------------------------------------------------------------------------
<BANKED_CODE,CODE_C> 1 (was BANKED_CODE)
  Relative segment, address: CODE 000058A7 - 000058AF (0x9 bytes), align: 0
  Segment part 19.            Intra module refs:   Segment part 18
                                                   Segment part 22
    -------------------------------------------------------------------------
<BANKED_CODE,CODE_C> 1 (was BANKED_CODE)
  Relative segment, address: CODE 000058B0 - 000058B4 (0x5 bytes), align: 0
  Segment part 20.            Intra module refs:   _small_write
    -------------------------------------------------------------------------
<BANKED_CODE,CODE_C> 1 (was BANKED_CODE)
  Relative segment, address: CODE 000058B5 - 000058B8 (0x4 bytes), align: 0
  Segment part 21.            Intra module refs:   _small_write
    -------------------------------------------------------------------------
<BANKED_CODE,CODE_C> 1 (was BANKED_CODE)
  Relative segment, address: CODE 000058B9 - 000058C6 (0xe bytes), align: 0
  Segment part 22.            Intra module refs:   Segment part 21
                                                   Segment part 24
    -------------------------------------------------------------------------
<BANKED_CODE,CODE_C> 1 (was BANKED_CODE)
  Relative segment, address: CODE 000058C7 - 000058D2 (0xc bytes), align: 0
  Segment part 23.            Intra module refs:   _small_write
    -------------------------------------------------------------------------
<BANKED_CODE,CODE_C> 1 (was BANKED_CODE)
  Relative segment, address: CODE 000058D3 - 000058DC (0xa bytes), align: 0
  Segment part 24.            Intra module refs:   _small_write
    -------------------------------------------------------------------------
<BANKED_CODE,CODE_C> 1 (was BANKED_CODE)
  Relative segment, address: CODE 000058DD - 000058E5 (0x9 bytes), align: 0
  Segment part 25.            Intra module refs:   _small_write
    -------------------------------------------------------------------------
XDATA_I
  Relative segment, address: XDATA 00000476 - 00000479 (0x4 bytes), align: 0
  Segment part 6.             Intra module refs:   _small_write
           ENTRY                   ADDRESS         REF BY
           =====                   =======         ======
           __Constant_0            00000476 
    -------------------------------------------------------------------------
XDATA_ID
  Relative segment, address: CODE 000001BC - 000001BF (0x4 bytes), align: 0
  Segment part 7.             Intra module refs:   __Constant_0
    -------------------------------------------------------------------------
XDATA_I
  Relative segment, address: XDATA 0000047A - 0000047D (0x4 bytes), align: 0
  Segment part 8.             Intra module refs:   _small_write
           ENTRY                   ADDRESS         REF BY
           =====                   =======         ======
           __Constant_2            0000047A 
    -------------------------------------------------------------------------
XDATA_ID
  Relative segment, address: CODE 000001C0 - 000001C3 (0x4 bytes), align: 0
  Segment part 9.             Intra module refs:   __Constant_2
    -------------------------------------------------------------------------
BANK_RELAYS
  Relative segment, address: CODE 00000686 - 0000068B (0x6 bytes), align: 0
  Segment part 11.
           ENTRY                   ADDRESS         REF BY
           =====                   =======         ======
           _small_write::?relay    00000686        sprintf (?sprintf)

    -------------------------------------------------------------------------
  LIBRARY MODULE, NAME : ?sprintf

  SEGMENTS IN THE MODULE
  ======================
<BANKED_CODE,CODE_C> 1 (was BANKED_CODE)
  Relative segment, address: CODE 00007282 - 000072AB (0x2a bytes), align: 0
  Segment part 6.             Intra module refs:   put_c_in_string::?relay
           LOCAL                   ADDRESS         
           =====                   =======         
           put_c_in_string         00007282 
               is indirectly called
               ISTACK = 00000000 ( 00000003 )
    -------------------------------------------------------------------------
<BANKED_CODE,CODE_C> 1 (was BANKED_CODE)
  Relative segment, address: CODE 000072AC - 0000730E (0x63 bytes), align: 0
  Segment part 8.             Intra module refs:   sprintf::?relay
           ENTRY                   ADDRESS         REF BY
           =====                   =======         ======
           sprintf                 000072AC 
               calls direct
               XSTACK = 00000000 ( 00000012 )
    -------------------------------------------------------------------------
<BANKED_CODE,CODE_C> 1 (was BANKED_CODE)
  Relative segment, address: CODE 0000730F - 00007317 (0x9 bytes), align: 0
  Segment part 10.            Intra module refs:   put_c_in_string
                                                   sprintf
    -------------------------------------------------------------------------
BANK_RELAYS
  Relative segment, address: CODE 0000068C - 00000691 (0x6 bytes), align: 0
  Segment part 7.             Intra module refs:   sprintf
           LOCAL                   ADDRESS         
           =====                   =======         
           put_c_in_string::?relay
                                   0000068C 
    -------------------------------------------------------------------------
BANK_RELAYS
  Relative segment, address: CODE 00000692 - 00000697 (0x6 bytes), align: 0
  Segment part 9.
           ENTRY                   ADDRESS         REF BY
           =====                   =======         ======
           sprintf::?relay         00000692        TPMS_OBD_Init (TPMS_OBD)

    -------------------------------------------------------------------------
  LIBRARY MODULE, NAME : ?strlen

  SEGMENTS IN THE MODULE
  ======================
<BANKED_CODE,CODE_C> 1 (was BANKED_CODE)
  Relative segment, address: CODE 0000743D - 0000745A (0x1e bytes), align: 0
  Segment part 6.             Intra module refs:   strlen::?relay
           ENTRY                   ADDRESS         REF BY
           =====                   =======         ======
           strlen                  0000743D 
               ISTACK = 00000000 ( 00000002 )
    -------------------------------------------------------------------------
BANK_RELAYS
  Relative segment, address: CODE 00000698 - 0000069D (0x6 bytes), align: 0
  Segment part 7.
           ENTRY                   ADDRESS         REF BY
           =====                   =======         ======
           strlen::?relay          00000698        TPMS_OBD_Init (TPMS_OBD)




                ****************************************
                *                                      *
                *            MODULE SUMMARY            *
                *                                      *
                ****************************************

Module                     CODE      DATA      XDATA  IDATA    BIT  CONST
------                     ----      ----      -----  -----    ---  -----
                          (Rel)  (Rel)  (Abs)  (Rel)  (Rel)  (Rel)  (Rel)
?ADD_XSTACK_DISP8            27
?ALLOC_XSTACK8               22
?BANKED_CODE_SUPPORT         30
?BANKED_ENTER_XDATA         108
?BANKED_LEAVE_XDATA          70
?CALL_IND                     2
?DEALLOC_XSTACK8             27
?FUNC_ENTER_XDATA           102
?FUNC_LEAVE_XDATA            64
?INTERRUPT_ENTER_XSP         95
?INTERRUPT_LEAVE_XSP         88
?L_ADD                       19
?L_ADD_TO_X                  19
?L_ADD_X                     19
?L_AND                       19
?L_AND_X                     19
?L_EQ_X                      21
?L_MOV_TO_X                  15
?L_MOV_X                     15
?L_MUL                      128
?L_NEG                       17
?L_SHL                       31
?L_SUB                       20
?L_SUB_FROM_X                20
?MOVE_LONG8_XDATA_IDATA      13
?MOVE_LONG8_XDATA_XDATA      33
?PUSH_XSTACK8_X              49
?PUSH_XSTACK_I               23
?SL_GT_X                     21
?SS_SHR                      16
?S_DIV_MOD                   89
?S_SHL                       19
?UL_DIV_MOD                 111
?UL_GE_X                     31
?UL_GT                       16
?UL_GT_X                     16
?UL_SHR                      25
?US_JMP_IF_IN_RANGE          63
?US_JMP_IF_VALUE             43
?US_SHR                      15
?US_SWITCH_DENSE             70
?US_SWITCH_SPARSE            76
?XLOAD_R0123                 12
?XLOAD_R2345                 12
?XSTACK_DISP8                10
?XSTACK_DISP8_RP             24
?XSTORE_R0123                12
?XSTORE_R2345                12
?cexit                        5
?cmain                      132
?memset                      50
?smallwr                  1 078                    8
?sprintf                    162
?strlen                      36
CSTARTUP                     18
  + common                    3
OSAL                      1 282                    3
OSAL_ClockBLE               256                   10
OSAL_Memory                 535                2 051
OSAL_PwrMgr                 176                    7
OSAL_TPMS_OBD                84                    2                   13
OSAL_Timers               1 160                    6
OnBoard                       6
TPMS_OBD                    777             5      7                   30
  + shared                   30            14
  + common
TPMS_OBD_Main                21
VIRTUAL_REGISTERS                   10                           8
gap                          43
gap_centdevmgr            2 511                    7
gap_configmgr               805                  104                    4
gap_devmgr                  189                    2
gap_simpletask              537                    6
hal_adc                     171             4      1
  + shared                                  1
hal_aes                                     2
  + shared                                  1
hal_dma                                     4     40
hal_drivers                  16                    1
  + shared                                                              4
hal_flash                   278
  + shared                                  3
hal_key                     304             4                           4
  + shared                  110             9
  + common
hal_led                   1 284                   40
hal_sleep                   655      1      2      2                   24
  + shared                   46             3
  + common
hal_startup                  11
hci                         510                    2
hci_event                 1 403                    9
hci_tl                      171                    6
ll                        1 764             4    100      2
  + shared                                  2
ll_common                 1 716             9                          18
ll_constData                  8
ll_enc                      315             3
ll_errorEndCauses             9
ll_halt                       7      2
ll_isr                      668
  + shared                  134            10
  + common
ll_scanEndCauses          1 336                   37
ll_scheduler              1 658                   29
ll_sleep                    806
ll_timer2                 1 179             8
observer                    388                   10
osal_bufmgr                 153                    2
osal_cbtimer                269                   62
osal_snv                  5 538                    4                    4
  + shared                                                              4
phy                       1 601                    1
N/A (command line)                  16           640    192
N/A (alignment)
----------               ------     --     --  -----    ---      -    ---
Total:                   33 889     29     88  3 199    194      8    105
  + common                  134


                ****************************************
                *                                      *
                *      SEGMENTS IN ADDRESS ORDER       *
                *                                      *
                ****************************************


SEGMENT              SPACE    START ADDRESS   END ADDRESS     SIZE  TYPE  ALIGN
=======              =====    =============   ===========     ====  ====  =====
INTVEC               CODE          00000000 - 00000085          86   com    0
CSTART               CODE          00000086 - 00000149          C4   rel    0
BIT_ID               CODE               0000014A                     dse    0
BDATA_ID             CODE               0000014A                     dse    0
DATA_ID              CODE          0000014A - 0000014A           1   rel    0
IXDATA_ID            CODE               0000014B                     dse    0
IDATA_ID             CODE               0000014B                     dse    0
PDATA_ID             CODE               0000014B                     dse    0
XDATA_ID             CODE          0000014B - 000001C3          79   rel    0
BANK_RELAYS          CODE          000001C4 - 0000069D         4DA   rel    0
RCODE                CODE          0000069E - 00000D8F         6F2   rel    0
DIFUNCT              CODE               00000D90                     dse    0
CODE_N               CODE               00000D90                     dse    0
NEAR_CODE            CODE          00000D90 - 000014AC         71D   rel    2
<BANKED_CODE> 1      CODE          000014AD - 000014AF           3   rel    0
<BANKED_CODE,CODE_C> 1
                     CODE          000014B0 - 00007475        5FC6   rel    2
SLEEP_CODE           CODE          00007FF8 - 00007FFF           8   rel    0
<XDATA_ROM_C_FLASH> 1
                     CODE          00008000 - 00008068          69   rel    0
BLENV_ADDRESS_SPACE
                     CODE          0003E800 - 0003F7FF        1000   rel    0
REGISTERS            DATA          00000000 - 00000007           8   rel    0
VREG                 DATA          00000008 - 00000017          10   rel    0
PSP                  DATA               00000018                     dse    0
XSP                  DATA          00000018 - 00000019           2   rel    0
DATA_I               DATA          0000001A - 0000001A           1   rel    0
DATA_Z               DATA          0000001B - 0000001C           2   rel    0
BREG                 BIT        00000020.0  -  00000020.7        8   rel    0
SFR_AN               DATA          00000080 - 00000080           1   rel    0
                     DATA          00000086 - 00000089           4 
                     DATA          0000008B - 0000008D           3 
                     DATA          00000090 - 00000091           2 
                     DATA          00000094 - 00000097           4 
                     DATA          0000009A - 0000009C           3 
                     DATA          0000009E - 000000A9           C 
                     DATA          000000AB - 000000AF           5 
                     DATA          000000B1 - 000000B4           4 
                     DATA          000000B6 - 000000B6           1 
                     DATA          000000B8 - 000000C7          10 
                     DATA          000000C9 - 000000C9           1 
                     DATA          000000D1 - 000000D7           7 
                     DATA          000000D9 - 000000DB           3 
                     DATA          000000E1 - 000000E5           5 
                     DATA          000000E8 - 000000E9           2 
                     DATA          000000F1 - 000000F2           2 
                     DATA          000000F2 - 000000F5           4 
                     DATA          000000F7 - 000000FF           9 
XSTACK               XDATA         00000001 - 00000280         280   rel    0
XDATA_Z              XDATA         00000281 - 00000404         184   rel    0
XDATA_I              XDATA         00000405 - 0000047D          79   rel    0
<XDATA_N> 1          XDATA         0000047E - 00000C7F         802   rel    0
<XDATA_ROM_C> 1      CONST         00008000 - 00008068          69   rel    0
IDATA_I              IDATA              0000001D                     dse    0
IDATA_Z              IDATA         0000001D - 0000001E           2   rel    0
ISTACK               IDATA         00000040 - 000000FF          C0   rel    0

                ****************************************
                *                                      *
                *        END OF CROSS REFERENCE        *
                *                                      *
                ****************************************

 34 023 bytes of CODE  memory
     29 bytes of DATA  memory (+ 88 absolute )
  3 199 bytes of XDATA memory
    194 bytes of IDATA memory
      8 bits  of BIT   memory
    105 bytes of CONST memory

Errors: none
Warnings: 2

