Warning[w6]: Type conflict for external/entry "osal_pwrmgr_powerconserve", in module OSAL against external/entry in module OSAL_PwrMgr; prototyped function vs K&R function
  /* In module OSAL: */
  /* K&R Function, args 0, attr 0 */
  int (__xdata_reentrant osal_pwrmgr_powerconserve)();
  /* In module OSAL_PwrMgr: */
  /* Function, args 0, attr 0 */
  void (__xdata_reentrant osal_pwrmgr_powerconserve)(void);
################################################################################
#                                                                              #
#      IAR Universal Linker V5.7.0.39                                          #
#                                                                              #
#           Link time     =  09/Dec/2022  12:57:44                             #
#           Target CPU    =  x51                                               #
#           List file     =  "C:\Users\MON\Desktop\IAR_TPMS\IAR Systems\SDK\BL #
#                            E-CC254x-1.4.0\Projects\ble\TPMSBroadcast_Tester\ #
#                            CC2541DB\CC2541\List\TPMSBroadcast_Tester.map"    #
#           Output file 1 =  "C:\Users\MON\Desktop\IAR_TPMS\IAR Systems\SDK\BL #
#                            E-CC254x-1.4.0\Projects\ble\TPMSBroadcast_Tester\ #
#                            CC2541TPMSBroadcast_Tester.hex"                   #
#                            Format: intel-extended                            #
#           Output file 2 =  "C:\Users\MON\Desktop\IAR_TPMS\IAR Systems\SDK\BL #
#                            E-CC254x-1.4.0\Projects\ble\TPMSBroadcast_Tester\ #
#                            CC2541DB\CC2541\Exe\TPMSBroadcast_Tester.d51"     #
#                            Format: debug                                     #
#                            UBROF version 10.0.6                              #
#                            Using library modules for C-SPY (-rt)             #
#           Command line  =  "-IC:\Users\MON\Desktop\IAR_TPMS\IAR Systems\Embe #
#                            dded Workbench 6.5\8051\CONFIG\"                  #
#                            -D_NR_OF_BANKS=0x07 -D_CODEBANK_END=0xFFFF        #
#                            -D_CODEBANK_START=0x8000 -D?CBANK_MASK=0xFF       #
#                            -D?CBANK=0x9F                                     #
#                            "C:\Users\MON\Desktop\IAR_TPMS\IAR Systems\SDK\BL #
#                            E-CC254x-1.4.0\Projects\ble\Libraries\CC2541DB\bi #
#                            n\CC2541_BLE_bcast.lib"                           #
#                            "C:\Users\MON\Desktop\IAR_TPMS\IAR Systems\SDK\BL #
#                            E-CC254x-1.4.0\Projects\ble\Libraries\Common\bin\ #
#                            CC254x_BLE_HCI_TL_None.lib"                       #
#                            "C:\Users\MON\Desktop\IAR_TPMS\IAR Systems\SDK\BL #
#                            E-CC254x-1.4.0\Projects\ble\TPMSBroadcast_Tester\ #
#                            CC2541DB\CC2541\Obj\OSAL.r51"                     #
#                            "C:\Users\MON\Desktop\IAR_TPMS\IAR Systems\SDK\BL #
#                            E-CC254x-1.4.0\Projects\ble\TPMSBroadcast_Tester\ #
#                            CC2541DB\CC2541\Obj\OSAL_ClockBLE.r51"            #
#                            "C:\Users\MON\Desktop\IAR_TPMS\IAR Systems\SDK\BL #
#                            E-CC254x-1.4.0\Projects\ble\TPMSBroadcast_Tester\ #
#                            CC2541DB\CC2541\Obj\OSAL_Memory.r51"              #
#                            "C:\Users\MON\Desktop\IAR_TPMS\IAR Systems\SDK\BL #
#                            E-CC254x-1.4.0\Projects\ble\TPMSBroadcast_Tester\ #
#                            CC2541DB\CC2541\Obj\OSAL_PwrMgr.r51"              #
#                            "C:\Users\MON\Desktop\IAR_TPMS\IAR Systems\SDK\BL #
#                            E-CC254x-1.4.0\Projects\ble\TPMSBroadcast_Tester\ #
#                            CC2541DB\CC2541\Obj\OSAL_TPMSBroadcast_Tester.r51 #
#                            "                                                 #
#                            "C:\Users\MON\Desktop\IAR_TPMS\IAR Systems\SDK\BL #
#                            E-CC254x-1.4.0\Projects\ble\TPMSBroadcast_Tester\ #
#                            CC2541DB\CC2541\Obj\OSAL_Timers.r51"              #
#                            "C:\Users\MON\Desktop\IAR_TPMS\IAR Systems\SDK\BL #
#                            E-CC254x-1.4.0\Projects\ble\TPMSBroadcast_Tester\ #
#                            CC2541DB\CC2541\Obj\OnBoard.r51"                  #
#                            "C:\Users\MON\Desktop\IAR_TPMS\IAR Systems\SDK\BL #
#                            E-CC254x-1.4.0\Projects\ble\TPMSBroadcast_Tester\ #
#                            CC2541DB\CC2541\Obj\TPMSBroadcast_Tester.r51"     #
#                            "C:\Users\MON\Desktop\IAR_TPMS\IAR Systems\SDK\BL #
#                            E-CC254x-1.4.0\Projects\ble\TPMSBroadcast_Tester\ #
#                            CC2541DB\CC2541\Obj\TPMSBroadcast_Tester_Main.r51 #
#                            "                                                 #
#                            "C:\Users\MON\Desktop\IAR_TPMS\IAR Systems\SDK\BL #
#                            E-CC254x-1.4.0\Projects\ble\TPMSBroadcast_Tester\ #
#                            CC2541DB\CC2541\Obj\broadcaster.r51"              #
#                            "C:\Users\MON\Desktop\IAR_TPMS\IAR Systems\SDK\BL #
#                            E-CC254x-1.4.0\Projects\ble\TPMSBroadcast_Tester\ #
#                            CC2541DB\CC2541\Obj\gap.r51"                      #
#                            "C:\Users\MON\Desktop\IAR_TPMS\IAR Systems\SDK\BL #
#                            E-CC254x-1.4.0\Projects\ble\TPMSBroadcast_Tester\ #
#                            CC2541DB\CC2541\Obj\hal_adc.r51"                  #
#                            "C:\Users\MON\Desktop\IAR_TPMS\IAR Systems\SDK\BL #
#                            E-CC254x-1.4.0\Projects\ble\TPMSBroadcast_Tester\ #
#                            CC2541DB\CC2541\Obj\hal_aes.r51"                  #
#                            "C:\Users\MON\Desktop\IAR_TPMS\IAR Systems\SDK\BL #
#                            E-CC254x-1.4.0\Projects\ble\TPMSBroadcast_Tester\ #
#                            CC2541DB\CC2541\Obj\hal_dma.r51"                  #
#                            "C:\Users\MON\Desktop\IAR_TPMS\IAR Systems\SDK\BL #
#                            E-CC254x-1.4.0\Projects\ble\TPMSBroadcast_Tester\ #
#                            CC2541DB\CC2541\Obj\hal_drivers.r51"              #
#                            "C:\Users\MON\Desktop\IAR_TPMS\IAR Systems\SDK\BL #
#                            E-CC254x-1.4.0\Projects\ble\TPMSBroadcast_Tester\ #
#                            CC2541DB\CC2541\Obj\hal_flash.r51"                #
#                            "C:\Users\MON\Desktop\IAR_TPMS\IAR Systems\SDK\BL #
#                            E-CC254x-1.4.0\Projects\ble\TPMSBroadcast_Tester\ #
#                            CC2541DB\CC2541\Obj\hal_key.r51"                  #
#                            "C:\Users\MON\Desktop\IAR_TPMS\IAR Systems\SDK\BL #
#                            E-CC254x-1.4.0\Projects\ble\TPMSBroadcast_Tester\ #
#                            CC2541DB\CC2541\Obj\hal_lcd.r51"                  #
#                            "C:\Users\MON\Desktop\IAR_TPMS\IAR Systems\SDK\BL #
#                            E-CC254x-1.4.0\Projects\ble\TPMSBroadcast_Tester\ #
#                            CC2541DB\CC2541\Obj\hal_led.r51"                  #
#                            "C:\Users\MON\Desktop\IAR_TPMS\IAR Systems\SDK\BL #
#                            E-CC254x-1.4.0\Projects\ble\TPMSBroadcast_Tester\ #
#                            CC2541DB\CC2541\Obj\hal_sleep.r51"                #
#                            "C:\Users\MON\Desktop\IAR_TPMS\IAR Systems\SDK\BL #
#                            E-CC254x-1.4.0\Projects\ble\TPMSBroadcast_Tester\ #
#                            CC2541DB\CC2541\Obj\hal_startup.r51"              #
#                            "C:\Users\MON\Desktop\IAR_TPMS\IAR Systems\SDK\BL #
#                            E-CC254x-1.4.0\Projects\ble\TPMSBroadcast_Tester\ #
#                            CC2541DB\CC2541\Obj\hal_timer.r51"                #
#                            "C:\Users\MON\Desktop\IAR_TPMS\IAR Systems\SDK\BL #
#                            E-CC254x-1.4.0\Projects\ble\TPMSBroadcast_Tester\ #
#                            CC2541DB\CC2541\Obj\hal_uart.r51"                 #
#                            "C:\Users\MON\Desktop\IAR_TPMS\IAR Systems\SDK\BL #
#                            E-CC254x-1.4.0\Projects\ble\TPMSBroadcast_Tester\ #
#                            CC2541DB\CC2541\Obj\npi.r51"                      #
#                            "C:\Users\MON\Desktop\IAR_TPMS\IAR Systems\SDK\BL #
#                            E-CC254x-1.4.0\Projects\ble\TPMSBroadcast_Tester\ #
#                            CC2541DB\CC2541\Obj\osal_bufmgr.r51"              #
#                            "C:\Users\MON\Desktop\IAR_TPMS\IAR Systems\SDK\BL #
#                            E-CC254x-1.4.0\Projects\ble\TPMSBroadcast_Tester\ #
#                            CC2541DB\CC2541\Obj\osal_cbtimer.r51"             #
#                            "C:\Users\MON\Desktop\IAR_TPMS\IAR Systems\SDK\BL #
#                            E-CC254x-1.4.0\Projects\ble\TPMSBroadcast_Tester\ #
#                            CC2541DB\CC2541\Obj\osal_snv.r51"                 #
#                            -o                                                #
#                            "C:\Users\MON\Desktop\IAR_TPMS\IAR Systems\SDK\BL #
#                            E-CC254x-1.4.0\Projects\ble\TPMSBroadcast_Tester\ #
#                            CC2541DB\CC2541\Exe\TPMSBroadcast_Tester.d51"     #
#                            -l                                                #
#                            "C:\Users\MON\Desktop\IAR_TPMS\IAR Systems\SDK\BL #
#                            E-CC254x-1.4.0\Projects\ble\TPMSBroadcast_Tester\ #
#                            CC2541DB\CC2541\List\TPMSBroadcast_Tester.map"    #
#                            -xmsn -f                                          #
#                            "C:\Users\MON\Desktop\IAR_TPMS\IAR Systems\SDK\BL #
#                            E-CC254x-1.4.0\Projects\ble\TPMSBroadcast_Tester\ #
#                            CC2541DB\..\..\common\cc2540\ti_51ew_cc2540b.xcl" #
#                            (-D_IDATA_END=0xFF -D_PDATA_START=0x1E00          #
#                            -D_PDATA_END=0x1EFF -D_IXDATA_START=0x0001        #
#                            -D_IXDATA_END=0x1EFF                              #
#                            -D_XDATA_START=_IXDATA_START                      #
#                            -D_XDATA_END=_IXDATA_END -D_CODE_START=0x0000     #
#                            -D_CODE_END=0x7FFF -D_FIRST_BANK_ADDR=0x10000     #
#                            -D_NEAR_CODE_END=_CODE_END -D?REGISTER_BANK=0     #
#                            -D_REGISTER_BANK_START=0 -D?PBANK_NUMBER=0x1E     #
#                            -D_BREG_START=0x00 -D?VB=0x20                     #
#                            -D_FAR_DATA_NR_OF_BANKS=0x0E                      #
#                            -D_FAR_DATA_START=0x010001                        #
#                            -D_FAR_DATA_END=0xFFFFFF                          #
#                            -D_FAR_CODE_START=_CODE_START                     #
#                            -D_FAR_CODE_END=_CODE_END                         #
#                            -Z(BIT)BREG=_BREG_START -Z(BIT)BIT_N=0-7F         #
#                            -Z(DATA)REGISTERS+8=_REGISTER_BANK_START          #
#                            -Z(DATA)BDATA_Z,BDATA_N,BDATA_I=20-2F             #
#                            -Z(DATA)VREG+_NR_OF_VIRTUAL_REGISTERS=08-7F       #
#                            -Z(DATA)PSP,XSP=08-7F -Z(DATA)DOVERLAY=08-7F      #
#                            -Z(DATA)DATA_I,DATA_Z,DATA_N=08-7F                #
#                            -U(IDATA)0-7F=(DATA)0-7F                          #
#                            -Z(IDATA)IDATA_I,IDATA_Z,IDATA_N=08-_IDATA_END    #
#                            -Z(IDATA)ISTACK+_IDATA_STACK_SIZE#08-_IDATA_END   #
#                            -Z(IDATA)IOVERLAY=08-FF                           #
#                            -Z(CODE)INTVEC=_CODE_START                        #
#                            -Z(CODE)CSTART=_CODE_START-_CODE_END              #
#                            -Z(CODE)BIT_ID,BDATA_ID,DATA_ID,IDATA_ID,IXDATA_I #
#                            D,PDATA_ID,XDATA_ID=_CODE_START-_CODE_END         #
#                            -Z(CODE)HUGE_ID=_FAR_CODE_START-_FAR_CODE_END     #
#                            -D_SLEEP_CODE_SPACE_START=(_CODE_END-7)           #
#                            -D_SLEEP_CODE_SPACE_END=(_CODE_END)               #
#                            -Z(CODE)SLEEP_CODE=_SLEEP_CODE_SPACE_START-_SLEEP #
#                            _CODE_SPACE_END                                   #
#                            -Z(CODE)BANK_RELAYS,RCODE,DIFUNCT,CODE_N,NEAR_COD #
#                            E=_CODE_START-_CODE_END                           #
#                            -P(CODE)CODE_C=_CODE_START-_CODE_END              #
#                            -P(CONST)XDATA_ROM_C=0x8000-0xFFFF                #
#                            -P(CODE)XDATA_ROM_C_FLASH=0x18000-0x1FFFF         #
#                            -QXDATA_ROM_C=XDATA_ROM_C_FLASH                   #
#                            -P(CODE)BANKED_CODE=_CODE_START-_CODE_END,[(_CODE #
#                            BANK_START+_FIRST_BANK_ADDR)-(_CODEBANK_END+_FIRS #
#                            T_BANK_ADDR)]*_NR_OF_BANKS+10000                  #
#                            -P(CODE)FAR_CODE_C,FAR_CODE_N,FAR_CODE=[_FAR_CODE #
#                            _START-_FAR_CODE_END]/10000                       #
#                            -P(CODE)HUGE_CODE_C=_FAR_CODE_START-_FAR_CODE_END #
#                            -Z(CODE)CHECKSUM#_CODE_END                        #
#                            -Z(XDATA)EXT_STACK+_EXTENDED_STACK_SIZE=_EXTENDED #
#                            _STACK_START                                      #
#                            -Z(XDATA)PSTACK+_PDATA_STACK_SIZE=_PDATA_START-_P #
#                            DATA_END                                          #
#                            -Z(XDATA)XSTACK+_XDATA_STACK_SIZE=_XDATA_START-_X #
#                            DATA_END                                          #
#                            -Z(XDATA)PDATA_Z,PDATA_I=_PDATA_START-_PDATA_END  #
#                            -P(XDATA)PDATA_N=_PDATA_START-_PDATA_END          #
#                            -Z(XDATA)IXDATA_Z,IXDATA_I=_IXDATA_START-_IXDATA_ #
#                            END                                               #
#                            -P(XDATA)IXDATA_N=_IXDATA_START-_IXDATA_END       #
#                            -Z(XDATA)XDATA_Z,XDATA_I=_XDATA_START-_XDATA_END  #
#                            -P(XDATA)XDATA_N=_XDATA_START-_XDATA_END          #
#                            -Z(XDATA)XDATA_HEAP+_XDATA_HEAP_SIZE=_XDATA_START #
#                            -_XDATA_END                                       #
#                            -Z(XDATA)FAR_Z=[_FAR_DATA_START-_FAR_DATA_END]/10 #
#                            000                                               #
#                            -Z(XDATA)FAR_I=[_FAR_DATA_START-_FAR_DATA_END]/10 #
#                            000                                               #
#                            -Z(CODE)FAR_ID=[_FAR_CODE_START-_FAR_CODE_END]/10 #
#                            000                                               #
#                            -Z(XDATA)FAR_HEAP+_FAR_HEAP_SIZE=[_FAR_DATA_START #
#                            -_FAR_DATA_END]/10000                             #
#                            -P(XDATA)FAR_N=[_FAR_DATA_START-_FAR_DATA_END]*_F #
#                            AR_DATA_NR_OF_BANKS+10000                         #
#                            -P(CONST)FAR_ROM_C=[_FAR_DATA_START-_FAR_DATA_END #
#                            ]*_FAR_DATA_NR_OF_BANKS+10000                     #
#                            -Z(XDATA)HUGE_Z,HUGE_I=_FAR_DATA_START-_FAR_DATA_ #
#                            END                                               #
#                            -P(XDATA)HUGE_N=_FAR_DATA_START-_FAR_DATA_END     #
#                            -Z(XDATA)HUGE_HEAP+_HUGE_HEAP_SIZE=_FAR_DATA_STAR #
#                            T-_FAR_DATA_END                                   #
#                            -Z(CONST)HUGE_ROM_C=_FAR_DATA_START-_FAR_DATA_END #
#                            -cx51 -D_BLENV_ADDRESS_SPACE_START=0x7E800        #
#                            -D_BLENV_ADDRESS_SPACE_END=0x7F7FF                #
#                            -Z(CODE)BLENV_ADDRESS_SPACE=_BLENV_ADDRESS_SPACE_ #
#                            START-_BLENV_ADDRESS_SPACE_END                    #
#                            -D_BANK0_START=0x00000 -D_BANK0_END=0x07FFF       #
#                            -D_BANK1_START=0x18000 -D_BANK1_END=0x1FFFF       #
#                            -D_BANK2_START=0x28000 -D_BANK2_END=0x2FFFF       #
#                            -D_BANK3_START=0x38000 -D_BANK3_END=0x3FFFF       #
#                            -D_BANK4_START=0x48000 -D_BANK4_END=0x4FFFF       #
#                            -D_BANK5_START=0x58000 -D_BANK5_END=0x5FFFF       #
#                            -D_BANK6_START=0x68000 -D_BANK6_END=0x6FFFF       #
#                            -D_BANK7_START=0x78000                            #
#                            -D_BANK7_END=(_BLENV_ADDRESS_SPACE_START-1)       #
#                            -P(CODE)BANK0=_BANK0_START-_BANK0_END             #
#                            -P(CODE)BANK1=_BANK1_START-_BANK1_END             #
#                            -P(CODE)BANK2=_BANK2_START-_BANK2_END             #
#                            -P(CODE)BANK3=_BANK3_START-_BANK3_END             #
#                            -P(CODE)BANK4=_BANK4_START-_BANK4_END             #
#                            -P(CODE)BANK5=_BANK5_START-_BANK5_END             #
#                            -P(CODE)BANK6=_BANK6_START-_BANK6_END             #
#                            -P(CODE)BANK7=_BANK7_START-_BANK7_END             #
#                            -M(CODE)[(_CODEBANK_START+_FIRST_BANK_ADDR)-(_COD #
#                            EBANK_END+_FIRST_BANK_ADDR)]*_NR_OF_BANKS+0x10000 #
#                            =0x8000                                           #
#                            -ww69=i                                           #
#                            -D_FLASH_LOCK_BITS_START=((_NR_OF_BANKS*_FIRST_BA #
#                            NK_ADDR)+0xFFF0)                                  #
#                            -D_FLASH_LOCK_BITS_END=((_NR_OF_BANKS*_FIRST_BANK #
#                            _ADDR)+0xFFFF)                                    #
#                            -Z(CODE)FLASH_LOCK_BITS=_FLASH_LOCK_BITS_START-_F #
#                            LASH_LOCK_BITS_END                                #
#                            -U(CODE)0x0000=(CODE)_FLASH_LOCK_BITS_START-_FLAS #
#                            H_LOCK_BITS_END)                                  #
#                            -D_NR_OF_VIRTUAL_REGISTERS=8 -D?PBANK=0x93        #
#                            -e?BCALL_FF=?BCALL -e?BRET_FF=?BRET               #
#                            -e?BDISPATCH_FF=?BDISPATCH                        #
#                            -e_large_write=_formatted_write                   #
#                            -e_large_read=_formatted_read -rt                 #
#                            "-Ointel-extended=C:\Users\MON\Desktop\IAR_TPMS\I #
#                            AR Systems\SDK\BLE-CC254x-1.4.0\Projects\ble\TPMS #
#                            Broadcast_Tester\CC2541TPMSBroadcast_Tester.hex"  #
#                            -s __program_start                                #
#                            "C:\Users\MON\Desktop\IAR_TPMS\IAR Systems\Embedd #
#                            ed Workbench 6.5\8051\LIB\CLIB\cl-pli-blxd-1e16x0 #
#                            1.r51"                                            #
#                            -D_IDATA_STACK_SIZE=0xC0 -D?ESP=0 -D?ESP_MASK=0   #
#                            -D_EXTENDED_STACK_START=0                         #
#                            -D_EXTENDED_STACK_SIZE=0                          #
#                            -D_PDATA_STACK_SIZE=0x00                          #
#                            -D_XDATA_STACK_SIZE=0x280                         #
#                            -D_XDATA_HEAP_SIZE=0xFF -D_FAR_HEAP_SIZE=0xFFF    #
#                            -D_HUGE_HEAP_SIZE=0xFFF                           #
#                            -D_FAR22_HEAP_SIZE=0xFFF                          #
#                                                                              #
#                           Copyright (C) 1987-2013 IAR Systems AB.            #
################################################################################





                ****************************************
                *                                      *
                *           CROSS REFERENCE            *
                *                                      *
                ****************************************

       Program entry at : CODE      0000011A  Relocatable, from module : CSTARTUP




                ****************************************
                *                                      *
                *            RUNTIME MODEL             *
                *                                      *
                ****************************************

  __SystemLibrary          = CLib
  __calling_convention     = xdata_reentrant
  __code_model             = banked
  __core                   = plain
  __data_model             = large
  __dptr_size              = 16
  __extended_stack         = disabled
  __location_for_constants = data
  __number_of_dptrs        = 1
  __rt_version             = 1

                ****************************************
                *                                      *
                *    AUTOMATIC SYMBOL REDIRECTIONS     *
                *                                      *
                ****************************************

                  There are no automatic symbol redirections.



                ****************************************
                *                                      *
                *              MODULE MAP              *
                *                                      *
                ****************************************


  DEFINED ABSOLUTE ENTRIES
    *************************************************************************

  DEFINED ABSOLUTE ENTRIES
  PROGRAM MODULE, NAME : ?ABS_ENTRY_MOD

Absolute parts
           ENTRY                   ADDRESS         REF BY
           =====                   =======         ======
           _FAR22_HEAP_SIZE        00000FFF 
           _HUGE_HEAP_SIZE         00000FFF 
           _FAR_HEAP_SIZE          00000FFF 
           _XDATA_HEAP_SIZE        000000FF 
           _XDATA_STACK_SIZE       00000280 
           _PDATA_STACK_SIZE       00000000 
           _EXTENDED_STACK_SIZE    00000000 
           _EXTENDED_STACK_START   00000000 
           ?ESP_MASK               00000000 
           ?ESP                    00000000 
           _IDATA_STACK_SIZE       000000C0 
           ?PBANK                  00000093 
           _NR_OF_VIRTUAL_REGISTERS
                                   00000008 
           _FLASH_LOCK_BITS_END    0003FFFF 
           _FLASH_LOCK_BITS_START
                                   0003FFF0 
           _BANK7_END              0003E7FF 
           _BANK7_START            00038000 
           _BANK6_END              00037FFF 
           _BANK6_START            00030000 
           _BANK5_END              0002FFFF 
           _BANK5_START            00028000 
           _BANK4_END              00027FFF 
           _BANK4_START            00020000 
           _BANK3_END              0001FFFF 
           _BANK3_START            00018000 
           _BANK2_END              00017FFF 
           _BANK2_START            00010000 
           _BANK1_END              0000FFFF 
           _BANK1_START            00008000 
           _BANK0_END              00007FFF 
           _BANK0_START            00000000 
           _BLENV_ADDRESS_SPACE_END
                                   0003F7FF 
           _BLENV_ADDRESS_SPACE_START
                                   0003E800 
           _SLEEP_CODE_SPACE_END   00007FFF 
           _SLEEP_CODE_SPACE_START
                                   00007FF8 
           _FAR_CODE_END           00007FFF 
           _FAR_CODE_START         00000000 
           _FAR_DATA_END           00FFFFFF 
           _FAR_DATA_START         00010001 
           _FAR_DATA_NR_OF_BANKS   0000000E 
           ?VB                     00000020        ?BANKED_ENTER_XDATA (?BANKED_ENTER_XDATA)
                                                   ?BANKED_LEAVE_XDATA (?BANKED_LEAVE_XDATA)
                                                   ?FUNC_ENTER_XDATA (?FUNC_ENTER_XDATA)
                                                   ?FUNC_LEAVE_XDATA (?FUNC_LEAVE_XDATA)
                                                   ?INTERRUPT_ENTER_XSP (?INTERRUPT_ENTER_XSP)
                                                   ?INTERRUPT_LEAVE_XSP (?INTERRUPT_LEAVE_XSP)
           _BREG_START             00000000 
           ?PBANK_NUMBER           0000001E 
           _REGISTER_BANK_START    00000000 
           ?REGISTER_BANK          00000000        Segment part 6 (CSTARTUP)
           _NEAR_CODE_END          00007FFF 
           _FIRST_BANK_ADDR        00010000 
           _CODE_END               00007FFF 
           _CODE_START             00000000 
           _XDATA_END              00001EFF 
           _XDATA_START            00000001 
           _IXDATA_END             00001EFF 
           _IXDATA_START           00000001 
           _PDATA_END              00001EFF 
           _PDATA_START            00001E00 
           _IDATA_END              000000FF 
           ?CBANK                  0000009F        ?RESET_CODE_BANK (CSTARTUP)
                                                   Segment part 0 (?BANKED_CODE_SUPPORT)
           ?CBANK_MASK             000000FF 
           _CODEBANK_START         00008000 
           _CODEBANK_END           0000FFFF 
           _NR_OF_BANKS            00000007 
    *************************************************************************

  FILE NAME : C:\Users\MON\Desktop\IAR_TPMS\IAR Systems\SDK\BLE-CC254x-1.4.0\Projects\ble\Libraries\CC2541DB\bin\CC2541_BLE_bcast.lib
  LIBRARY MODULE, NAME : gap_configmgr

  SEGMENTS IN THE MODULE
  ======================
XDATA_I
  Relative segment, address: XDATA 00000422 - 00000422 (0x1 bytes), align: 0
  Segment part 6.             Intra module refs:   GAP_ParamsInit
                                                   gapProcessRandomAddrComplete
                                                   gapSendDeviceInitDoneEvent
           ENTRY                   ADDRESS         REF BY
           =====                   =======         ======
           gapAppTaskID            00000422 
    -------------------------------------------------------------------------
XDATA_Z
  Relative segment, address: XDATA 00000281 - 00000281 (0x1 bytes), align: 0
  Segment part 8.             Intra module refs:   GAP_ParamsInit
           ENTRY                   ADDRESS         REF BY
           =====                   =======         ======
           gapProfileRole          00000281        GAP_MakeDiscoverable (gap_peridevmgr)
                                                   GAP_PeriDevMgrInit (gap_peridevmgr)
                                                   GAP_UpdateAdvertisingData (gap_peridevmgr)
                                                   gapProcessAdvertisingEvt (gap_peridevmgr)
    -------------------------------------------------------------------------
XDATA_Z
  Relative segment, address: XDATA 00000282 - 00000282 (0x1 bytes), align: 0
  Segment part 9.             Intra module refs:   gapProcessRandomAddrComplete
           ENTRY                   ADDRESS         REF BY
           =====                   =======         ======
           gapDeviceAddrMode       00000282        GAP_MakeDiscoverable (gap_peridevmgr)
                                                   gapSetAdvParams (gap_peridevmgr)
    -------------------------------------------------------------------------
XDATA_Z
  Relative segment, address: XDATA 00000283 - 00000284 (0x2 bytes), align: 0
  Segment part 10.
           ENTRY                   ADDRESS         REF BY
           =====                   =======         ======
           gapPrivateAddrChangeTimeout
                                   00000283        GAP_EndDiscoverable (gap_peridevmgr)
                                                   GAP_MakeDiscoverable (gap_peridevmgr)
    -------------------------------------------------------------------------
XDATA_Z
  Relative segment, address: XDATA 00000285 - 00000285 (0x1 bytes), align: 0
  Segment part 11.            Intra module refs:   gapProcessRandomAddrComplete
           ENTRY                   ADDRESS         REF BY
           =====                   =======         ======
           gapAutoAdvPrivateAddrChange
                                   00000285        gapProcessAdvertisingEvt (gap_peridevmgr)
                                                   gapWriteAdvEnableStatus (gap_peridevmgr)
    -------------------------------------------------------------------------
XDATA_Z
  Relative segment, address: XDATA 00000286 - 00000295 (0x10 bytes), align: 0
  Segment part 12.            Intra module refs:   GAP_ParamsInit
                                                   gapReadBD_ADDRStatus
                                                   gapReadBufSizeCmdStatus
                                                   gapSendDeviceInitDoneEvent
    -------------------------------------------------------------------------
XDATA_I
  Relative segment, address: XDATA 00000423 - 00000470 (0x4e bytes), align: 0
  Segment part 13.            Intra module refs:   Segment part 22
    -------------------------------------------------------------------------
XDATA_Z
  Relative segment, address: XDATA 00000296 - 0000029B (0x6 bytes), align: 0
  Segment part 15.            Intra module refs:   gapProcessRandomAddrComplete
    -------------------------------------------------------------------------
<BANKED_CODE,CODE_C> 1 (was BANKED_CODE)
  Relative segment, address: CODE 00005140 - 00005167 (0x28 bytes), align: 0
  Segment part 18.            Intra module refs:   GAP_SetParamValue::?relay
           ENTRY                   ADDRESS         REF BY
           =====                   =======         ======
           GAP_SetParamValue       00005140 
               ISTACK = 00000000 ( 00000002 )
    -------------------------------------------------------------------------
<BANKED_CODE,CODE_C> 1 (was BANKED_CODE)
  Relative segment, address: CODE 00005168 - 00005183 (0x1c bytes), align: 0
  Segment part 20.            Intra module refs:   GAP_GetParamValue::?relay
           ENTRY                   ADDRESS         REF BY
           =====                   =======         ======
           GAP_GetParamValue       00005168 
               XSTACK = 00000014 ( 00000000 )
               ISTACK = 00000000 ( 00000002 )
    -------------------------------------------------------------------------
<BANKED_CODE,CODE_C> 1 (was BANKED_CODE)
  Relative segment, address: CODE 00005184 - 00005195 (0x12 bytes), align: 0
  Segment part 22.            Intra module refs:   GAP_GetParamValue
                                                   GAP_SetParamValue
    -------------------------------------------------------------------------
<BANKED_CODE,CODE_C> 1 (was BANKED_CODE)
  Relative segment, address: CODE 00005196 - 000051C7 (0x32 bytes), align: 0
  Segment part 23.            Intra module refs:   GAP_ParamsInit::?relay
           ENTRY                   ADDRESS         REF BY
           =====                   =======         ======
           GAP_ParamsInit          00005196 
               calls direct
               XSTACK = 00000000 ( 00000009 )
    -------------------------------------------------------------------------
<BANKED_CODE,CODE_C> 1 (was BANKED_CODE)
  Relative segment, address: CODE 000051C8 - 000051CC (0x5 bytes), align: 0
  Segment part 25.            Intra module refs:   GAP_ParamsInit
                                                   gapReadBufSizeCmdStatus
    -------------------------------------------------------------------------
<BANKED_CODE,CODE_C> 1 (was BANKED_CODE)
  Relative segment, address: CODE 000051CD - 00005212 (0x46 bytes), align: 0
  Segment part 30.            Intra module refs:   gapReadBD_ADDRStatus::?relay
           ENTRY                   ADDRESS         REF BY
           =====                   =======         ======
           gapReadBD_ADDRStatus    000051CD 
               calls direct
               XSTACK = 00000000 ( 0000000C )
    -------------------------------------------------------------------------
<BANKED_CODE,CODE_C> 1 (was BANKED_CODE)
  Relative segment, address: CODE 00005213 - 00005217 (0x5 bytes), align: 0
  Segment part 32.            Intra module refs:   gapReadBD_ADDRStatus
    -------------------------------------------------------------------------
<BANKED_CODE,CODE_C> 1 (was BANKED_CODE)
  Relative segment, address: CODE 00005218 - 00005262 (0x4b bytes), align: 0
  Segment part 33.            Intra module refs:   gapReadBufSizeCmdStatus::?relay
           ENTRY                   ADDRESS         REF BY
           =====                   =======         ======
           gapReadBufSizeCmdStatus
                                   00005218 
               calls direct
               XSTACK = 00000000 ( 00000009 )
    -------------------------------------------------------------------------
<BANKED_CODE,CODE_C> 1 (was BANKED_CODE)
  Relative segment, address: CODE 00005263 - 00005295 (0x33 bytes), align: 0
  Segment part 37.            Intra module refs:   gapAddAddrAdj::?relay
           ENTRY                   ADDRESS         REF BY
           =====                   =======         ======
           gapAddAddrAdj           00005263 
               XSTACK = 0000000A ( 00000000 )
               ISTACK = 00000000 ( 00000002 )
    -------------------------------------------------------------------------
<BANKED_CODE,CODE_C> 1 (was BANKED_CODE)
  Relative segment, address: CODE 00005296 - 0000529C (0x7 bytes), align: 0
  Segment part 40.            Intra module refs:   GAP_GetParamValue
                                                   GAP_SetParamValue
                                                   gapAddAddrAdj
    -------------------------------------------------------------------------
<BANKED_CODE,CODE_C> 1 (was BANKED_CODE)
  Relative segment, address: CODE 0000529D - 000052A2 (0x6 bytes), align: 0
  Segment part 42.            Intra module refs:   GAP_GetParamValue
    -------------------------------------------------------------------------
<BANKED_CODE,CODE_C> 1 (was BANKED_CODE)
  Relative segment, address: CODE 000052A3 - 00005341 (0x9f bytes), align: 0
  Segment part 45.            Intra module refs:   gapProcessRandomAddrComplete::?relay
           ENTRY                   ADDRESS         REF BY
           =====                   =======         ======
           gapProcessRandomAddrComplete
                                   000052A3 
               calls direct
               XSTACK = 00000000 ( 00000010 )
               ISTACK = 00000000 ( 00000001 )
    -------------------------------------------------------------------------
<BANKED_CODE,CODE_C> 1 (was BANKED_CODE)
  Relative segment, address: CODE 00005342 - 00005346 (0x5 bytes), align: 0
  Segment part 47.            Intra module refs:   gapProcessRandomAddrComplete
                                                   gapSendDeviceInitDoneEvent
    -------------------------------------------------------------------------
<BANKED_CODE,CODE_C> 1 (was BANKED_CODE)
  Relative segment, address: CODE 00005347 - 00005347 (0x1 bytes), align: 0
  Segment part 48.            Intra module refs:   gapProcessRandomAddrComplete
                                                   gapReadBufSizeCmdStatus
    -------------------------------------------------------------------------
<BANKED_CODE,CODE_C> 1 (was BANKED_CODE)
  Relative segment, address: CODE 00005348 - 0000534D (0x6 bytes), align: 0
  Segment part 49.            Intra module refs:   Segment part 48
                                                   gapProcessRandomAddrComplete
                                                   gapSendDeviceInitDoneEvent
    -------------------------------------------------------------------------
<BANKED_CODE,CODE_C> 1 (was BANKED_CODE)
  Relative segment, address: CODE 0000534E - 00005357 (0xa bytes), align: 0
  Segment part 50.            Intra module refs:   gapProcessRandomAddrComplete
                                                   gapSendDeviceInitDoneEvent
    -------------------------------------------------------------------------
<BANKED_CODE,CODE_C> 1 (was BANKED_CODE)
  Relative segment, address: CODE 00005358 - 0000535F (0x8 bytes), align: 0
  Segment part 51.            Intra module refs:   Segment part 50
    -------------------------------------------------------------------------
<BANKED_CODE,CODE_C> 1 (was BANKED_CODE)
  Relative segment, address: CODE 00005360 - 000053DD (0x7e bytes), align: 0
  Segment part 67.            Intra module refs:   gapSendDeviceInitDoneEvent::?relay
           LOCAL                   ADDRESS         
           =====                   =======         
           gapSendDeviceInitDoneEvent
                                   00005360 
               calls direct
               XSTACK = 0000000A ( 0000000E )
               ISTACK = 00000000 ( 00000001 )
    -------------------------------------------------------------------------
<BANKED_CODE,CODE_C> 1 (was BANKED_CODE)
  Relative segment, address: CODE 000053DE - 000053E6 (0x9 bytes), align: 0
  Segment part 71.            Intra module refs:   gapReadBufSizeCmdStatus
    -------------------------------------------------------------------------
XDATA_ID
  Relative segment, address: CODE 0000014B - 0000014B (0x1 bytes), align: 0
  Segment part 7.             Intra module refs:   gapAppTaskID
    -------------------------------------------------------------------------
XDATA_ID
  Relative segment, address: CODE 0000014C - 00000199 (0x4e bytes), align: 0
  Segment part 14.            Intra module refs:   Segment part 13
    -------------------------------------------------------------------------
<XDATA_ROM_C> 1 (was XDATA_ROM_C)
  Relative segment, address: CONST 0000801C - 0000801F (0x4 bytes), align: 0
  Segment part 16.            Intra module refs:   GAP_MakeDiscoverable (gap_peridevmgr)
                                                   gapProcessRandomAddrComplete
                                                   gapWriteAdvEnableStatus (gap_peridevmgr)
           ENTRY                   ADDRESS         REF BY
           =====                   =======         ======
           __Constant_ea60         0000801C 
    -------------------------------------------------------------------------
BANK_RELAYS
  Relative segment, address: CODE 000002F1 - 000002F6 (0x6 bytes), align: 0
  Segment part 19.
           ENTRY                   ADDRESS         REF BY
           =====                   =======         ======
           GAP_SetParamValue::?relay
                                   000002F1        GAPRole_SetParameter (broadcaster)
                                                   TPMSBroadcast_Tester_Init (TPMSBroadcast_Tester)
    -------------------------------------------------------------------------
BANK_RELAYS
  Relative segment, address: CODE 000002F7 - 000002FC (0x6 bytes), align: 0
  Segment part 21.
           ENTRY                   ADDRESS         REF BY
           =====                   =======         ======
           GAP_GetParamValue::?relay
                                   000002F7        GAP_MakeDiscoverable (gap_peridevmgr)
                                                   gapSetAdvParams (gap_peridevmgr)
                                                   gapWriteAdvEnableStatus (gap_peridevmgr)
    -------------------------------------------------------------------------
BANK_RELAYS
  Relative segment, address: CODE 000002FD - 00000302 (0x6 bytes), align: 0
  Segment part 24.
           ENTRY                   ADDRESS         REF BY
           =====                   =======         ======
           GAP_ParamsInit::?relay
                                   000002FD        GAP_DeviceInit (gap)
    -------------------------------------------------------------------------
BANK_RELAYS
  Relative segment, address: CODE 00000303 - 00000308 (0x6 bytes), align: 0
  Segment part 31.
           ENTRY                   ADDRESS         REF BY
           =====                   =======         ======
           gapReadBD_ADDRStatus::?relay
                                   00000303        gapProcessHCICmdCompleteEvt (gap_simpletask)
    -------------------------------------------------------------------------
BANK_RELAYS
  Relative segment, address: CODE 00000309 - 0000030E (0x6 bytes), align: 0
  Segment part 34.
           ENTRY                   ADDRESS         REF BY
           =====                   =======         ======
           gapReadBufSizeCmdStatus::?relay
                                   00000309        gapProcessHCICmdCompleteEvt (gap_simpletask)
    -------------------------------------------------------------------------
BANK_RELAYS
  Relative segment, address: CODE 0000030F - 00000314 (0x6 bytes), align: 0
  Segment part 38.
           ENTRY                   ADDRESS         REF BY
           =====                   =======         ======
           gapAddAddrAdj::?relay   0000030F        gapSetAdvParams (gap_peridevmgr)
    -------------------------------------------------------------------------
BANK_RELAYS
  Relative segment, address: CODE 00000315 - 0000031A (0x6 bytes), align: 0
  Segment part 46.
           ENTRY                   ADDRESS         REF BY
           =====                   =======         ======
           gapProcessRandomAddrComplete::?relay
                                   00000315        gapProcessHCICmdCompleteEvt (gap_simpletask)
    -------------------------------------------------------------------------
BANK_RELAYS
  Relative segment, address: CODE 0000031B - 00000320 (0x6 bytes), align: 0
  Segment part 68.            Intra module refs:   gapReadBD_ADDRStatus
                                                   gapReadBufSizeCmdStatus
           LOCAL                   ADDRESS         
           =====                   =======         
           gapSendDeviceInitDoneEvent::?relay
                                   0000031B 
    -------------------------------------------------------------------------
<XDATA_ROM_C_FLASH> 1 (was XDATA_ROM_C_FLASH)
  Relative segment, address: CODE 0000801C - 0000801F (0x4 bytes), align: 0
  Segment part 72.            Intra module refs:   __Constant_ea60

    -------------------------------------------------------------------------
  LIBRARY MODULE, NAME : gap_devmgr

  SEGMENTS IN THE MODULE
  ======================
XDATA_Z
  Relative segment, address: XDATA 0000029C - 0000029D (0x2 bytes), align: 0
  Segment part 7.
           ENTRY                   ADDRESS         REF BY
           =====                   =======         ======
           pGapAdvertState         0000029C        GAP_MakeDiscoverable (gap_peridevmgr)
                                                   Segment part 47 (gap_peridevmgr)
                                                   Segment part 49 (gap_peridevmgr)
                                                   Segment part 91 (gap_peridevmgr)
                                                   gapFreeAdvertState (gap_peridevmgr)
                                                   gapSetAdvParams (gap_peridevmgr)
    -------------------------------------------------------------------------
<BANKED_CODE,CODE_C> 1 (was BANKED_CODE)
  Relative segment, address: CODE 000063A5 - 000063BC (0x18 bytes), align: 0
  Segment part 15.            Intra module refs:   gapValidADType::?relay
           ENTRY                   ADDRESS         REF BY
           =====                   =======         ======
           gapValidADType          000063A5 
               XSTACK = 00000012 ( 00000000 )
    -------------------------------------------------------------------------
<BANKED_CODE,CODE_C> 1 (was BANKED_CODE)
  Relative segment, address: CODE 000063BD - 00006455 (0x99 bytes), align: 0
  Segment part 17.            Intra module refs:   gapFindADType::?relay
           ENTRY                   ADDRESS         REF BY
           =====                   =======         ======
           gapFindADType           000063BD 
               calls direct
               XSTACK = 00000002 ( 00000012 )
               ISTACK = 00000000 ( 00000001 )
    -------------------------------------------------------------------------
BANK_RELAYS
  Relative segment, address: CODE 00000321 - 00000326 (0x6 bytes), align: 0
  Segment part 16.            Intra module refs:   gapFindADType
           ENTRY                   ADDRESS         REF BY
           =====                   =======         ======
           gapValidADType::?relay
                                   00000321 
    -------------------------------------------------------------------------
BANK_RELAYS
  Relative segment, address: CODE 00000327 - 0000032C (0x6 bytes), align: 0
  Segment part 18.
           ENTRY                   ADDRESS         REF BY
           =====                   =======         ======
           gapFindADType::?relay   00000327        isLimitedDiscoverableMode (gap_peridevmgr)

    -------------------------------------------------------------------------
  LIBRARY MODULE, NAME : gap_peridevmgr

  SEGMENTS IN THE MODULE
  ======================
XDATA_I
  Relative segment, address: XDATA 00000471 - 00000471 (0x1 bytes), align: 0
  Segment part 6.             Intra module refs:   GAP_UpdateAdvertisingData
                                                   gapWriteAdvDataStatus
    -------------------------------------------------------------------------
XDATA_Z
  Relative segment, address: XDATA 0000029E - 0000029F (0x2 bytes), align: 0
  Segment part 9.             Intra module refs:   GAP_MakeDiscoverable
                                                   GAP_PeriDevMgrInit
                                                   GAP_UpdateAdvertisingData
                                                   Segment part 35
                                                   Segment part 65
                                                   isLimitedDiscoverableMode
    -------------------------------------------------------------------------
XDATA_Z
  Relative segment, address: XDATA 000002A0 - 000002A1 (0x2 bytes), align: 0
  Segment part 10.            Intra module refs:   GAP_PeriDevMgrInit
                                                   GAP_UpdateAdvertisingData
    -------------------------------------------------------------------------
XDATA_Z
  Relative segment, address: XDATA 000002A2 - 000002A3 (0x2 bytes), align: 0
  Segment part 11.            Intra module refs:   GAP_EndDiscoverable
                                                   gapProcessAdvertisingEvt
                                                   gapWriteAdvEnableStatus
    -------------------------------------------------------------------------
XDATA_I
  Relative segment, address: XDATA 00000472 - 00000477 (0x6 bytes), align: 0
  Segment part 12.            Intra module refs:   GAP_PeriDevMgrInit
    -------------------------------------------------------------------------
<BANKED_CODE,CODE_C> 1 (was BANKED_CODE)
  Relative segment, address: CODE 00002543 - 00002615 (0xd3 bytes), align: 0
  Segment part 16.            Intra module refs:   GAP_MakeDiscoverable::?relay
           ENTRY                   ADDRESS         REF BY
           =====                   =======         ======
           GAP_MakeDiscoverable    00002543 
               calls direct
               XSTACK = 00000000 ( 00000010 )
               ISTACK = 00000000 ( 00000001 )
    -------------------------------------------------------------------------
<BANKED_CODE,CODE_C> 1 (was BANKED_CODE)
  Relative segment, address: CODE 00002616 - 000026BE (0xa9 bytes), align: 0
  Segment part 18.            Intra module refs:   GAP_UpdateAdvertisingData::?relay
           ENTRY                   ADDRESS         REF BY
           =====                   =======         ======
           GAP_UpdateAdvertisingData
                                   00002616 
               calls direct
               XSTACK = 00000000 ( 00000014 )
               ISTACK = 00000000 ( 00000001 )
    -------------------------------------------------------------------------
<BANKED_CODE,CODE_C> 1 (was BANKED_CODE)
  Relative segment, address: CODE 000026BF - 0000270A (0x4c bytes), align: 0
  Segment part 20.            Intra module refs:   GAP_EndDiscoverable::?relay
           ENTRY                   ADDRESS         REF BY
           =====                   =======         ======
           GAP_EndDiscoverable     000026BF 
               calls direct
               XSTACK = 0000000C ( 00000009 )
    -------------------------------------------------------------------------
<BANKED_CODE,CODE_C> 1 (was BANKED_CODE)
  Relative segment, address: CODE 0000270B - 00002711 (0x7 bytes), align: 0
  Segment part 31.            Intra module refs:   gapFreeAdvertState
    -------------------------------------------------------------------------
<BANKED_CODE,CODE_C> 1 (was BANKED_CODE)
  Relative segment, address: CODE 00002712 - 000027B3 (0xa2 bytes), align: 0
  Segment part 32.            Intra module refs:   GAP_PeriDevMgrInit::?relay
           ENTRY                   ADDRESS         REF BY
           =====                   =======         ======
           GAP_PeriDevMgrInit      00002712 
               calls direct
               XSTACK = 00000000 ( 00000009 )
    -------------------------------------------------------------------------
<BANKED_CODE,CODE_C> 1 (was BANKED_CODE)
  Relative segment, address: CODE 000027B4 - 000027B8 (0x5 bytes), align: 0
  Segment part 34.            Intra module refs:   GAP_EndDiscoverable
                                                   GAP_PeriDevMgrInit
                                                   gapSetAdvParamsStatus
    -------------------------------------------------------------------------
<BANKED_CODE,CODE_C> 1 (was BANKED_CODE)
  Relative segment, address: CODE 000027B9 - 000027BB (0x3 bytes), align: 0
  Segment part 35.            Intra module refs:   GAP_PeriDevMgrInit
    -------------------------------------------------------------------------
<BANKED_CODE,CODE_C> 1 (was BANKED_CODE)
  Relative segment, address: CODE 000027BC - 000027C1 (0x6 bytes), align: 0
  Segment part 36.            Intra module refs:   GAP_MakeDiscoverable
                                                   GAP_PeriDevMgrInit
                                                   Segment part 35
    -------------------------------------------------------------------------
<BANKED_CODE,CODE_C> 1 (was BANKED_CODE)
  Relative segment, address: CODE 000027C2 - 0000284D (0x8c bytes), align: 0
  Segment part 37.            Intra module refs:   gapPeriProcessHCICmdCompleteEvt::?relay
           LOCAL                   ADDRESS         
           =====                   =======         
           gapPeriProcessHCICmdCompleteEvt
                                   000027C2 
               calls direct, is indirectly called
               XSTACK = 00000000 ( 0000000A )
    -------------------------------------------------------------------------
<BANKED_CODE,CODE_C> 1 (was BANKED_CODE)
  Relative segment, address: CODE 0000284E - 0000292C (0xdf bytes), align: 0
  Segment part 39.            Intra module refs:   gapSetAdvParams::?relay
           ENTRY                   ADDRESS         REF BY
           =====                   =======         ======
           gapSetAdvParams         0000284E 
               calls direct, is indirectly called
               XSTACK = 0000000C ( 00000014 )
    -------------------------------------------------------------------------
<BANKED_CODE,CODE_C> 1 (was BANKED_CODE)
  Relative segment, address: CODE 0000292D - 00002939 (0xd bytes), align: 0
  Segment part 41.            Intra module refs:   gapSetAdvParams
    -------------------------------------------------------------------------
<BANKED_CODE,CODE_C> 1 (was BANKED_CODE)
  Relative segment, address: CODE 0000293A - 00002968 (0x2f bytes), align: 0
  Segment part 42.            Intra module refs:   gapSetAdvParamsStatus::?relay
           ENTRY                   ADDRESS         REF BY
           =====                   =======         ======
           gapSetAdvParamsStatus   0000293A 
               calls direct
               XSTACK = 0000000A ( 00000009 )
    -------------------------------------------------------------------------
<BANKED_CODE,CODE_C> 1 (was BANKED_CODE)
  Relative segment, address: CODE 00002969 - 00002A5C (0xf4 bytes), align: 0
  Segment part 44.            Intra module refs:   gapWriteAdvEnableStatus::?relay
           ENTRY                   ADDRESS         REF BY
           =====                   =======         ======
           gapWriteAdvEnableStatus
                                   00002969 
               calls direct
               XSTACK = 0000000A ( 00000018 )
               ISTACK = 00000000 ( 00000001 )
    -------------------------------------------------------------------------
<BANKED_CODE,CODE_C> 1 (was BANKED_CODE)
  Relative segment, address: CODE 00002A5D - 00002A5D (0x1 bytes), align: 0
  Segment part 46.            Intra module refs:   GAP_EndDiscoverable
                                                   GAP_MakeDiscoverable
    -------------------------------------------------------------------------
<BANKED_CODE,CODE_C> 1 (was BANKED_CODE)
  Relative segment, address: CODE 00002A5E - 00002A63 (0x6 bytes), align: 0
  Segment part 47.            Intra module refs:   Segment part 46
                                                   gapSetAdvParams
                                                   gapWriteAdvEnableStatus
    -------------------------------------------------------------------------
<BANKED_CODE,CODE_C> 1 (was BANKED_CODE)
  Relative segment, address: CODE 00002A64 - 00002A68 (0x5 bytes), align: 0
  Segment part 48.            Intra module refs:   Segment part 47
                                                   gapSetAdvParams
                                                   gapSetAdvParamsStatus
                                                   gapWriteAdvEnableStatus
    -------------------------------------------------------------------------
<BANKED_CODE,CODE_C> 1 (was BANKED_CODE)
  Relative segment, address: CODE 00002A69 - 00002A6C (0x4 bytes), align: 0
  Segment part 49.            Intra module refs:   gapSendMakeDiscEvent
                                                   gapWriteAdvEnableStatus
    -------------------------------------------------------------------------
<BANKED_CODE,CODE_C> 1 (was BANKED_CODE)
  Relative segment, address: CODE 00002A6D - 00002A75 (0x9 bytes), align: 0
  Segment part 50.            Intra module refs:   Segment part 49
                                                   gapPeriProcessHCICmdCompleteEvt
    -------------------------------------------------------------------------
<BANKED_CODE,CODE_C> 1 (was BANKED_CODE)
  Relative segment, address: CODE 00002A76 - 00002A7B (0x6 bytes), align: 0
  Segment part 51.            Intra module refs:   GAP_MakeDiscoverable
                                                   Segment part 48
                                                   Segment part 50
                                                   Segment part 88
    -------------------------------------------------------------------------
<BANKED_CODE,CODE_C> 1 (was BANKED_CODE)
  Relative segment, address: CODE 00002A7C - 00002AB6 (0x3b bytes), align: 0
  Segment part 52.            Intra module refs:   gapWriteAdvDataStatus::?relay
           ENTRY                   ADDRESS         REF BY
           =====                   =======         ======
           gapWriteAdvDataStatus   00002A7C 
               calls direct
               XSTACK = 0000000A ( 0000000A )
               ISTACK = 00000000 ( 00000001 )
    -------------------------------------------------------------------------
<BANKED_CODE,CODE_C> 1 (was BANKED_CODE)
  Relative segment, address: CODE 00002AB7 - 00002ABB (0x5 bytes), align: 0
  Segment part 54.            Intra module refs:   gapPeriProcessHCICmdCompleteEvt
                                                   gapWriteAdvDataStatus
                                                   isLimitedDiscoverableMode
    -------------------------------------------------------------------------
<BANKED_CODE,CODE_C> 1 (was BANKED_CODE)
  Relative segment, address: CODE 00002ABC - 00002AC3 (0x8 bytes), align: 0
  Segment part 55.            Intra module refs:   gapSendMakeDiscEvent
                                                   gapWriteAdvDataStatus
                                                   gapWriteAdvEnableStatus
    -------------------------------------------------------------------------
<BANKED_CODE,CODE_C> 1 (was BANKED_CODE)
  Relative segment, address: CODE 00002AC4 - 00002B84 (0xc1 bytes), align: 0
  Segment part 56.            Intra module refs:   gapProcessAdvertisingEvt::?relay
           LOCAL                   ADDRESS         
           =====                   =======         
           gapProcessAdvertisingEvt
                                   00002AC4 
               calls direct, is indirectly called
               XSTACK = 00000000 ( 00000010 )
    -------------------------------------------------------------------------
<BANKED_CODE,CODE_C> 1 (was BANKED_CODE)
  Relative segment, address: CODE 00002B85 - 00002B89 (0x5 bytes), align: 0
  Segment part 60.            Intra module refs:   GAP_MakeDiscoverable
                                                   gapProcessAdvertisingEvt
                                                   gapSendMakeDiscEvent
    -------------------------------------------------------------------------
<BANKED_CODE,CODE_C> 1 (was BANKED_CODE)
  Relative segment, address: CODE 00002B8A - 00002B8C (0x3 bytes), align: 0
  Segment part 65.            Intra module refs:   GAP_PeriDevMgrInit
    -------------------------------------------------------------------------
<BANKED_CODE,CODE_C> 1 (was BANKED_CODE)
  Relative segment, address: CODE 00002B8D - 00002B92 (0x6 bytes), align: 0
  Segment part 66.            Intra module refs:   GAP_PeriDevMgrInit
                                                   Segment part 65
                                                   gapFreeAdvertState
    -------------------------------------------------------------------------
<BANKED_CODE,CODE_C> 1 (was BANKED_CODE)
  Relative segment, address: CODE 00002B93 - 00002B98 (0x6 bytes), align: 0
  Segment part 72.            Intra module refs:   Segment part 92
                                                   gapPeriProcessHCICmdCompleteEvt
    -------------------------------------------------------------------------
<BANKED_CODE,CODE_C> 1 (was BANKED_CODE)
  Relative segment, address: CODE 00002B99 - 00002BD4 (0x3c bytes), align: 0
  Segment part 80.            Intra module refs:   gapSendMakeDiscEvent::?relay
           LOCAL                   ADDRESS         
           =====                   =======         
           gapSendMakeDiscEvent    00002B99 
               calls direct
               XSTACK = 00000014 ( 0000000C )
               ISTACK = 00000000 ( 00000001 )
    -------------------------------------------------------------------------
<BANKED_CODE,CODE_C> 1 (was BANKED_CODE)
  Relative segment, address: CODE 00002BD5 - 00002BF0 (0x1c bytes), align: 0
  Segment part 82.            Intra module refs:   gapFreeAdvertState::?relay
           LOCAL                   ADDRESS         
           =====                   =======         
           gapFreeAdvertState      00002BD5 
               calls direct
               XSTACK = 00000014 ( 00000000 )
               ISTACK = 00000000 ( 00000002 )
    -------------------------------------------------------------------------
<BANKED_CODE,CODE_C> 1 (was BANKED_CODE)
  Relative segment, address: CODE 00002BF1 - 00002C4C (0x5c bytes), align: 0
  Segment part 84.            Intra module refs:   isLimitedDiscoverableMode::?relay
           LOCAL                   ADDRESS         
           =====                   =======         
           isLimitedDiscoverableMode
                                   00002BF1 
               calls direct
               XSTACK = 00000014 ( 0000000D )
    -------------------------------------------------------------------------
<BANKED_CODE,CODE_C> 1 (was BANKED_CODE)
  Relative segment, address: CODE 00002C4D - 00002C4E (0x2 bytes), align: 0
  Segment part 86.            Intra module refs:   gapPeriProcessHCICmdCompleteEvt
    -------------------------------------------------------------------------
<BANKED_CODE,CODE_C> 1 (was BANKED_CODE)
  Relative segment, address: CODE 00002C4F - 00002C51 (0x3 bytes), align: 0
  Segment part 87.            Intra module refs:   Segment part 86
                                                   isLimitedDiscoverableMode
    -------------------------------------------------------------------------
<BANKED_CODE,CODE_C> 1 (was BANKED_CODE)
  Relative segment, address: CODE 00002C52 - 00002C56 (0x5 bytes), align: 0
  Segment part 88.            Intra module refs:   GAP_EndDiscoverable
                                                   GAP_MakeDiscoverable
                                                   Segment part 87
                                                   gapProcessAdvertisingEvt
    -------------------------------------------------------------------------
<BANKED_CODE,CODE_C> 1 (was BANKED_CODE)
  Relative segment, address: CODE 00002C57 - 00002C58 (0x2 bytes), align: 0
  Segment part 89.            Intra module refs:   GAP_MakeDiscoverable
                                                   gapSendMakeDiscEvent
    -------------------------------------------------------------------------
<BANKED_CODE,CODE_C> 1 (was BANKED_CODE)
  Relative segment, address: CODE 00002C59 - 00002C5C (0x4 bytes), align: 0
  Segment part 90.            Intra module refs:   Segment part 89
                                                   gapWriteAdvEnableStatus
    -------------------------------------------------------------------------
<BANKED_CODE,CODE_C> 1 (was BANKED_CODE)
  Relative segment, address: CODE 00002C5D - 00002C5F (0x3 bytes), align: 0
  Segment part 91.            Intra module refs:   GAP_EndDiscoverable
                                                   GAP_MakeDiscoverable
                                                   Segment part 90
                                                   gapFreeAdvertState
                                                   gapProcessAdvertisingEvt
                                                   gapSetAdvParams
                                                   gapSetAdvParamsStatus
    -------------------------------------------------------------------------
<BANKED_CODE,CODE_C> 1 (was BANKED_CODE)
  Relative segment, address: CODE 00002C60 - 00002C65 (0x6 bytes), align: 0
  Segment part 92.            Intra module refs:   GAP_MakeDiscoverable
                                                   GAP_PeriDevMgrInit
                                                   GAP_UpdateAdvertisingData
                                                   Segment part 91
                                                   gapProcessAdvertisingEvt
                                                   isLimitedDiscoverableMode
    -------------------------------------------------------------------------
XDATA_ID
  Relative segment, address: CODE 0000019A - 0000019A (0x1 bytes), align: 0
  Segment part 7.             Intra module refs:   Segment part 6
    -------------------------------------------------------------------------
XDATA_ID
  Relative segment, address: CODE 0000019B - 000001A0 (0x6 bytes), align: 0
  Segment part 13.            Intra module refs:   Segment part 12
    -------------------------------------------------------------------------
<XDATA_ROM_C> 1 (was XDATA_ROM_C)
  Relative segment, address: CONST 00008018 - 0000801B (0x4 bytes), align: 0
  Segment part 15.            Intra module refs:   gapWriteAdvEnableStatus
           ENTRY                   ADDRESS         REF BY
           =====                   =======         ======
           __Constant_3e8          00008018 
    -------------------------------------------------------------------------
BANK_RELAYS
  Relative segment, address: CODE 0000032D - 00000332 (0x6 bytes), align: 0
  Segment part 17.
           ENTRY                   ADDRESS         REF BY
           =====                   =======         ======
           GAP_MakeDiscoverable::?relay
                                   0000032D        GAPRole_ProcessEvent (broadcaster)
    -------------------------------------------------------------------------
BANK_RELAYS
  Relative segment, address: CODE 00000333 - 00000338 (0x6 bytes), align: 0
  Segment part 19.
           ENTRY                   ADDRESS         REF BY
           =====                   =======         ======
           GAP_UpdateAdvertisingData::?relay
                                   00000333        gapRole_ProcessGAPMsg (broadcaster)
                                                   performPeriodicTask (TPMSBroadcast_Tester)
    -------------------------------------------------------------------------
BANK_RELAYS
  Relative segment, address: CODE 00000339 - 0000033E (0x6 bytes), align: 0
  Segment part 21.            Intra module refs:   gapProcessAdvertisingEvt
           ENTRY                   ADDRESS         REF BY
           =====                   =======         ======
           GAP_EndDiscoverable::?relay
                                   00000339        GAPRole_SetParameter (broadcaster)
    -------------------------------------------------------------------------
BANK_RELAYS
  Relative segment, address: CODE 0000033F - 00000344 (0x6 bytes), align: 0
  Segment part 33.
           ENTRY                   ADDRESS         REF BY
           =====                   =======         ======
           GAP_PeriDevMgrInit::?relay
                                   0000033F        GAP_DeviceInit (gap)
    -------------------------------------------------------------------------
BANK_RELAYS
  Relative segment, address: CODE 00000345 - 0000034A (0x6 bytes), align: 0
  Segment part 38.            Intra module refs:   Segment part 13
           LOCAL                   ADDRESS         
           =====                   =======         
           gapPeriProcessHCICmdCompleteEvt::?relay
                                   00000345 
    -------------------------------------------------------------------------
BANK_RELAYS
  Relative segment, address: CODE 0000034B - 00000350 (0x6 bytes), align: 0
  Segment part 40.            Intra module refs:   GAP_MakeDiscoverable
                                                   Segment part 13
           ENTRY                   ADDRESS         REF BY
           =====                   =======         ======
           gapSetAdvParams::?relay
                                   0000034B 
    -------------------------------------------------------------------------
BANK_RELAYS
  Relative segment, address: CODE 00000351 - 00000356 (0x6 bytes), align: 0
  Segment part 43.            Intra module refs:   gapPeriProcessHCICmdCompleteEvt
           ENTRY                   ADDRESS         REF BY
           =====                   =======         ======
           gapSetAdvParamsStatus::?relay
                                   00000351 
    -------------------------------------------------------------------------
BANK_RELAYS
  Relative segment, address: CODE 00000357 - 0000035C (0x6 bytes), align: 0
  Segment part 45.            Intra module refs:   gapPeriProcessHCICmdCompleteEvt
           ENTRY                   ADDRESS         REF BY
           =====                   =======         ======
           gapWriteAdvEnableStatus::?relay
                                   00000357 
    -------------------------------------------------------------------------
BANK_RELAYS
  Relative segment, address: CODE 0000035D - 00000362 (0x6 bytes), align: 0
  Segment part 53.            Intra module refs:   gapPeriProcessHCICmdCompleteEvt
           ENTRY                   ADDRESS         REF BY
           =====                   =======         ======
           gapWriteAdvDataStatus::?relay
                                   0000035D 
    -------------------------------------------------------------------------
BANK_RELAYS
  Relative segment, address: CODE 00000363 - 00000368 (0x6 bytes), align: 0
  Segment part 57.            Intra module refs:   Segment part 13
           LOCAL                   ADDRESS         
           =====                   =======         
           gapProcessAdvertisingEvt::?relay
                                   00000363 
    -------------------------------------------------------------------------
BANK_RELAYS
  Relative segment, address: CODE 00000369 - 0000036E (0x6 bytes), align: 0
  Segment part 81.            Intra module refs:   gapSetAdvParamsStatus
                                                   gapWriteAdvEnableStatus
           LOCAL                   ADDRESS         
           =====                   =======         
           gapSendMakeDiscEvent::?relay
                                   00000369 
    -------------------------------------------------------------------------
BANK_RELAYS
  Relative segment, address: CODE 0000036F - 00000374 (0x6 bytes), align: 0
  Segment part 83.            Intra module refs:   GAP_MakeDiscoverable
                                                   gapProcessAdvertisingEvt
                                                   gapSendMakeDiscEvent
                                                   gapWriteAdvEnableStatus
           LOCAL                   ADDRESS         
           =====                   =======         
           gapFreeAdvertState::?relay
                                   0000036F 
    -------------------------------------------------------------------------
BANK_RELAYS
  Relative segment, address: CODE 00000375 - 0000037A (0x6 bytes), align: 0
  Segment part 85.            Intra module refs:   gapSetAdvParams
                                                   gapWriteAdvEnableStatus
           LOCAL                   ADDRESS         
           =====                   =======         
           isLimitedDiscoverableMode::?relay
                                   00000375 
    -------------------------------------------------------------------------
<XDATA_ROM_C_FLASH> 1 (was XDATA_ROM_C_FLASH)
  Relative segment, address: CODE 00008018 - 0000801B (0x4 bytes), align: 0
  Segment part 94.            Intra module refs:   __Constant_3e8

    -------------------------------------------------------------------------
  LIBRARY MODULE, NAME : gap_simpletask

  SEGMENTS IN THE MODULE
  ======================
XDATA_Z
  Relative segment, address: XDATA 000002A4 - 000002A4 (0x1 bytes), align: 0
  Segment part 6.             Intra module refs:   GAP_Init
                                                   GAP_ProcessEvent
           ENTRY                   ADDRESS         REF BY
           =====                   =======         ======
           gapTaskID               000002A4        GAP_EndDiscoverable (gap_peridevmgr)
                                                   GAP_MakeDiscoverable (gap_peridevmgr)
                                                   gapProcessAdvertisingEvt (gap_peridevmgr)
                                                   gapProcessRandomAddrComplete (gap_configmgr)
                                                   gapWriteAdvEnableStatus (gap_peridevmgr)
    -------------------------------------------------------------------------
XDATA_I
  Relative segment, address: XDATA 00000478 - 00000478 (0x1 bytes), align: 0
  Segment part 7.             Intra module refs:   GAP_ProcessEvent
                                                   GAP_RegisterForHCIMsgs
           ENTRY                   ADDRESS         REF BY
           =====                   =======         ======
           gapUnwantedTaskID       00000478 
    -------------------------------------------------------------------------
XDATA_Z
  Relative segment, address: XDATA 000002A5 - 000002A6 (0x2 bytes), align: 0
  Segment part 9.             Intra module refs:   GAP_ProcessEvent
                                                   gapProcessHCICmdCompleteEvt
                                                   gapRegisterPeripheral
           ENTRY                   ADDRESS         REF BY
           =====                   =======         ======
           pfnPeripheralCBs        000002A5        gapProcessRandomAddrComplete (gap_configmgr)
    -------------------------------------------------------------------------
XDATA_Z
  Relative segment, address: XDATA 000002A7 - 000002A8 (0x2 bytes), align: 0
  Segment part 10.            Intra module refs:   Segment part 26
    -------------------------------------------------------------------------
<BANKED_CODE,CODE_C> 1 (was BANKED_CODE)
  Relative segment, address: CODE 00005CC2 - 00005CCC (0xb bytes), align: 0
  Segment part 11.            Intra module refs:   GAP_RegisterForHCIMsgs::?relay
           ENTRY                   ADDRESS         REF BY
           =====                   =======         ======
           GAP_RegisterForHCIMsgs
                                   00005CC2 
               ISTACK = 00000000 ( 00000002 )
    -------------------------------------------------------------------------
<BANKED_CODE,CODE_C> 1 (was BANKED_CODE)
  Relative segment, address: CODE 00005CCD - 00005CDE (0x12 bytes), align: 0
  Segment part 13.            Intra module refs:   GAP_Init::?relay
           ENTRY                   ADDRESS         REF BY
           =====                   =======         ======
           GAP_Init                00005CCD 
               calls direct
               XSTACK = 00000000 ( 00000009 )
    -------------------------------------------------------------------------
<BANKED_CODE,CODE_C> 1 (was BANKED_CODE)
  Relative segment, address: CODE 00005CDF - 00005DA9 (0xcb bytes), align: 0
  Segment part 15.            Intra module refs:   GAP_ProcessEvent::?relay
           ENTRY                   ADDRESS         REF BY
           =====                   =======         ======
           GAP_ProcessEvent        00005CDF 
               calls direct
               XSTACK = 00000000 ( 0000000C )
    -------------------------------------------------------------------------
<BANKED_CODE,CODE_C> 1 (was BANKED_CODE)
  Relative segment, address: CODE 00005DAA - 00005DAE (0x5 bytes), align: 0
  Segment part 17.            Intra module refs:   GAP_ProcessEvent
    -------------------------------------------------------------------------
<BANKED_CODE,CODE_C> 1 (was BANKED_CODE)
  Relative segment, address: CODE 00005DAF - 00005DB6 (0x8 bytes), align: 0
  Segment part 18.            Intra module refs:   Segment part 17
                                                   gapProcessHCICmdCompleteEvt
    -------------------------------------------------------------------------
<BANKED_CODE,CODE_C> 1 (was BANKED_CODE)
  Relative segment, address: CODE 00005DB7 - 00005DBB (0x5 bytes), align: 0
  Segment part 19.            Intra module refs:   GAP_NumActiveConnections::?relay
           ENTRY                   ADDRESS         REF BY
           =====                   =======         ======
           GAP_NumActiveConnections
                                   00005DB7 
    -------------------------------------------------------------------------
<BANKED_CODE,CODE_C> 1 (was BANKED_CODE)
  Relative segment, address: CODE 00005DBC - 00005E76 (0xbb bytes), align: 0
  Segment part 21.            Intra module refs:   gapProcessHCICmdCompleteEvt::?relay
           LOCAL                   ADDRESS         
           =====                   =======         
           gapProcessHCICmdCompleteEvt
                                   00005DBC 
               calls direct
               XSTACK = 0000000C ( 0000000B )
    -------------------------------------------------------------------------
<BANKED_CODE,CODE_C> 1 (was BANKED_CODE)
  Relative segment, address: CODE 00005E77 - 00005E80 (0xa bytes), align: 0
  Segment part 23.            Intra module refs:   Segment part 18
                                                   gapProcessHCICmdCompleteEvt
    -------------------------------------------------------------------------
<BANKED_CODE,CODE_C> 1 (was BANKED_CODE)
  Relative segment, address: CODE 00005E81 - 00005E86 (0x6 bytes), align: 0
  Segment part 24.            Intra module refs:   Segment part 17
                                                   Segment part 25
                                                   gapProcessHCICmdCompleteEvt
[...]
                                                   halSleep (hal_sleep)
                                                   osal_start_timerEx (OSAL_Timers)
    -------------------------------------------------------------------------
RCODE
  Relative segment, address: CODE 00000D47 - 00000D4A (0x4 bytes), align: 0
  Segment part 3.
           ENTRY                   ADDRESS         REF BY
           =====                   =======         ======
           ?PUSH_XSTACK8_X_TWO     00000D47        llScheduleTask (ll_scheduler)
    -------------------------------------------------------------------------
RCODE
  Relative segment, address: CODE 00000D4B - 00000D73 (0x29 bytes), align: 0
  Segment part 5.             Intra module refs:   ?PUSH_XSTACK8_X_FOUR
                                                   ?PUSH_XSTACK8_X_TWO
           ENTRY                   ADDRESS         REF BY
           =====                   =======         ======
           ?PUSH_XSTACK8_X         00000D4B 

    -------------------------------------------------------------------------
  LIBRARY MODULE, NAME : ?US_SWITCH_DENSE

  SEGMENTS IN THE MODULE
  ======================
RCODE
  Relative segment, address: CODE 00000D74 - 00000D7A (0x7 bytes), align: 0
  Segment part 0.
           ENTRY                   ADDRESS         REF BY
           =====                   =======         ======
           ?US_SWITCH_DENSE        00000D74        GAPRole_SetParameter (broadcaster)
                                                   gapPeriProcessHCICmdCompleteEvt (gap_peridevmgr)
                                                   performPeriodicTask (TPMSBroadcast_Tester)
           ?US_SWITCH_DENSE_CFI_INVALID_BEGINS
                                   00000D74 
    -------------------------------------------------------------------------
RCODE
  Relative segment, address: CODE 00000D7B - 00000DB8 (0x3e bytes), align: 0
  Segment part 2.             Intra module refs:   Segment part 0
    -------------------------------------------------------------------------
RCODE
  Relative segment, address: CODE 00000DB9 - 00000DB9 (0x1 bytes), align: 0
  Segment part 4.             Intra module refs:   Segment part 0
           ENTRY                   ADDRESS         REF BY
           =====                   =======         ======
           ?US_SWITCH_DENSE_CFI_INVALID_ENDS
                                   00000DBA 

    -------------------------------------------------------------------------
  LIBRARY MODULE, NAME : ?US_SWITCH_SPARSE

  SEGMENTS IN THE MODULE
  ======================
RCODE
  Relative segment, address: CODE 00000DBA - 00000DC3 (0xa bytes), align: 0
  Segment part 0.
           ENTRY                   ADDRESS         REF BY
           =====                   =======         ======
           ?US_SWITCH_SPARSE       00000DBA        gapProcessHCICmdCompleteEvt (gap_simpletask)
           ?US_SWITCH_SPARSE_CFI_INVALID_BEGINS
                                   00000DBA 
    -------------------------------------------------------------------------
RCODE
  Relative segment, address: CODE 00000DC4 - 00000E04 (0x41 bytes), align: 0
  Segment part 2.             Intra module refs:   Segment part 0
           ENTRY                   ADDRESS         REF BY
           =====                   =======         ======
           ?US_SWITCH_SPARSE_LEAVE
                                   00000DF6        Segment part 0 (?US_JMP_IF_IN_RANGE)
                                                   Segment part 0 (?US_JMP_IF_VALUE)
    -------------------------------------------------------------------------
RCODE
  Relative segment, address: CODE 00000E05 - 00000E05 (0x1 bytes), align: 0
  Segment part 4.             Intra module refs:   Segment part 0
           ENTRY                   ADDRESS         REF BY
           =====                   =======         ======
           ?US_SWITCH_SPARSE_CFI_INVALID_ENDS
                                   00000E06 

    -------------------------------------------------------------------------
  LIBRARY MODULE, NAME : ?US_JMP_IF_IN_RANGE

  SEGMENTS IN THE MODULE
  ======================
RCODE
  Relative segment, address: CODE 00000E06 - 00000E44 (0x3f bytes), align: 0
  Segment part 0.
           ENTRY                   ADDRESS         REF BY
           =====                   =======         ======
           ?US_JMP_IF_IN_RANGE     00000E06        ?US_SWITCH_SPARSE_LEAVE (?US_SWITCH_SPARSE)
           ?US_JMP_IF_IN_RANGE_CFI_INVALID_BEGINS
                                   00000E06 
           ?US_JMP_IF_IN_RANGE_CFI_INVALID_ENDS
                                   00000E45 

    -------------------------------------------------------------------------
  LIBRARY MODULE, NAME : ?US_JMP_IF_VALUE

  SEGMENTS IN THE MODULE
  ======================
RCODE
  Relative segment, address: CODE 00000E45 - 00000E6F (0x2b bytes), align: 0
  Segment part 0.
           ENTRY                   ADDRESS         REF BY
           =====                   =======         ======
           ?US_JMP_IF_VALUE        00000E45        ?US_SWITCH_SPARSE_LEAVE (?US_SWITCH_SPARSE)
           ?US_JMP_IF_VALUE_CFI_INVALID_BEGINS
                                   00000E45 
           ?US_JMP_IF_VALUE_CFI_INVALID_ENDS
                                   00000E70 

    -------------------------------------------------------------------------
  LIBRARY MODULE, NAME : ?memset

  SEGMENTS IN THE MODULE
  ======================
<BANKED_CODE,CODE_C> 1 (was BANKED_CODE)
  Relative segment, address: CODE 00006747 - 00006772 (0x2c bytes), align: 0
  Segment part 6.             Intra module refs:   memset::?relay
           ENTRY                   ADDRESS         REF BY
           =====                   =======         ======
           memset                  00006747 
               XSTACK = 00000002 ( 00000000 )
               ISTACK = 00000000 ( 00000002 )
    -------------------------------------------------------------------------
BANK_RELAYS
  Relative segment, address: CODE 0000075F - 00000764 (0x6 bytes), align: 0
  Segment part 7.
           ENTRY                   ADDRESS         REF BY
           =====                   =======         ======
           memset::?relay          0000075F        osal_memset (OSAL)

    -------------------------------------------------------------------------
  LIBRARY MODULE, NAME : ?rand

  SEGMENTS IN THE MODULE
  ======================
XDATA_I
  Relative segment, address: XDATA 000005BC - 000005BF (0x4 bytes), align: 0
  Segment part 6.             Intra module refs:   rand
           ENTRY                   ADDRESS         REF BY
           =====                   =======         ======
           __next_rand             000005BC 
    -------------------------------------------------------------------------
XDATA_I
  Relative segment, address: XDATA 000005C0 - 000005C3 (0x4 bytes), align: 0
  Segment part 8.             Intra module refs:   rand
           ENTRY                   ADDRESS         REF BY
           =====                   =======         ======
           __Constant_41c64e6d     000005C0 
    -------------------------------------------------------------------------
XDATA_I
  Relative segment, address: XDATA 000005C4 - 000005C7 (0x4 bytes), align: 0
  Segment part 10.            Intra module refs:   rand
           ENTRY                   ADDRESS         REF BY
           =====                   =======         ======
           __Constant_3039         000005C4 
    -------------------------------------------------------------------------
<BANKED_CODE,CODE_C> 1 (was BANKED_CODE)
  Relative segment, address: CODE 000066BF - 00006705 (0x47 bytes), align: 0
  Segment part 12.            Intra module refs:   rand::?relay
           ENTRY                   ADDRESS         REF BY
           =====                   =======         ======
           rand                    000066BF 
               XSTACK = 00000000 ( 00000010 )
    -------------------------------------------------------------------------
XDATA_ID
  Relative segment, address: CODE 000002E5 - 000002E8 (0x4 bytes), align: 0
  Segment part 7.             Intra module refs:   __next_rand
    -------------------------------------------------------------------------
XDATA_ID
  Relative segment, address: CODE 000002E9 - 000002EC (0x4 bytes), align: 0
  Segment part 9.             Intra module refs:   __Constant_41c64e6d
    -------------------------------------------------------------------------
XDATA_ID
  Relative segment, address: CODE 000002ED - 000002F0 (0x4 bytes), align: 0
  Segment part 11.            Intra module refs:   __Constant_3039
    -------------------------------------------------------------------------
BANK_RELAYS
  Relative segment, address: CODE 00000765 - 0000076A (0x6 bytes), align: 0
  Segment part 13.
           ENTRY                   ADDRESS         REF BY
           =====                   =======         ======
           rand::?relay            00000765        performPeriodicTask (TPMSBroadcast_Tester)




                ****************************************
                *                                      *
                *            MODULE SUMMARY            *
                *                                      *
                ****************************************

Module                       CODE      DATA      XDATA  IDATA    BIT  CONST
------                       ----      ----      -----  -----    ---  -----
                            (Rel)  (Rel)  (Abs)  (Rel)  (Rel)  (Rel)  (Rel)
?ADD_XSTACK_DISP8              27
?ALLOC_XSTACK8                 22
?BANKED_CODE_SUPPORT           30
?BANKED_ENTER_XDATA           108
?BANKED_LEAVE_XDATA            70
?CALL_IND                       2
?DEALLOC_XSTACK8               27
?FUNC_ENTER_XDATA             102
?FUNC_LEAVE_XDATA              64
?INTERRUPT_ENTER_XSP           95
?INTERRUPT_LEAVE_XSP           88
?L_ADD                         19
?L_ADD_TO_X                    19
?L_ADD_X                       19
?L_AND                         19
?L_AND_X                       19
?L_EQ_X                        21
?L_MOV_TO_X                    15
?L_MOV_X                       15
?L_MUL                        128
?L_SHL                         31
?L_SUB                         20
?L_SUB_FROM_X                  20
?MOVE_LONG8_XDATA_IDATA        13
?MOVE_LONG8_XDATA_XDATA        33
?PUSH_XSTACK8_X                49
?PUSH_XSTACK_I                 23
?SS_SHR                        16
?S_DIV_MOD                    154
?S_SHL                         19
?UL_DIV_MOD                   111
?UL_GE_X                       31
?UL_GT                         16
?UL_GT_X                       16
?UL_SHR                        25
?US_JMP_IF_IN_RANGE            63
?US_JMP_IF_VALUE               43
?US_SHR                        15
?US_SWITCH_DENSE               70
?US_SWITCH_SPARSE              76
?XLOAD_R0123                   12
?XLOAD_R2345                   12
?XSTACK_DISP8                  10
?XSTACK_DISP8_RP               16
?XSTORE_R0123                  12
?XSTORE_R2345                  12
?cexit                          5
?cmain                        132
?memset                        50
?rand                          89                   12
CSTARTUP                       18
  + common                      3
OSAL                        1 282                    3
OSAL_ClockBLE                 256                   10
OSAL_Memory                   535                2 051
OSAL_PwrMgr                   176                    7
OSAL_TPMSBroadcast_Tester      84                    2                   13
OSAL_Timers                 1 141                    6
OnBoard                         6
TPMSBroadcast_Tester        1 200                  262                    4
TPMSBroadcast_Tester_Main      21
VIRTUAL_REGISTERS                     10                           8
broadcaster                 1 169                   88
gap                            40
gap_configmgr                 810                  106
  + shared                                                                4
gap_devmgr                    189                    2
gap_peridevmgr              1 916                   13                    4
gap_simpletask                539                    6
hal_adc                       171             4      1
  + shared                                    1
hal_aes
  + shared                                    3
hal_dma                                       4     40
hal_drivers                    12                    1
hal_flash                     278
  + shared                                    1
hal_key                       304             5                           4
  + shared                    110            11
  + common
hal_lcd                                       6
  + shared                                    3
hal_led                        18
hal_sleep                     655      1      2      2                   24
  + shared                     46             3
  + common
hal_startup                    11
hci                           693                    2
hci_event                     770                    9
hci_tl                        171                    6
ll                          2 246             4    162      2
  + shared                                    2
ll_advEndCauses               879
ll_common                   1 979            10                          12
  + shared                                    1
ll_constData                    8
ll_enc                        315             3
ll_errorEndCauses               9
ll_halt                         7      2
ll_isr                        668
  + shared                    134            10
  + common
ll_scheduler                1 291                   29
ll_sleep                      806
ll_timer2                   1 179             8
osal_bufmgr                   153                    2
osal_cbtimer                  269                   62
osal_snv                    5 538                    4                    4
  + shared                                                                4
phy                           681                    1
N/A (command line)                    16           640    192
N/A (alignment)
----------                 ------     --     --  -----    ---      -     --
Total:                     30 596     29     81  3 529    194      8     73
  + common                    134


                ****************************************
                *                                      *
                *      SEGMENTS IN ADDRESS ORDER       *
                *                                      *
                ****************************************


SEGMENT              SPACE    START ADDRESS   END ADDRESS     SIZE  TYPE  ALIGN
=======              =====    =============   ===========     ====  ====  =====
INTVEC               CODE          00000000 - 00000085          86   com    0
CSTART               CODE          00000086 - 00000149          C4   rel    0
BIT_ID               CODE               0000014A                     dse    0
BDATA_ID             CODE               0000014A                     dse    0
DATA_ID              CODE          0000014A - 0000014A           1   rel    0
IDATA_ID             CODE               0000014B                     dse    0
IXDATA_ID            CODE               0000014B                     dse    0
PDATA_ID             CODE               0000014B                     dse    0
XDATA_ID             CODE          0000014B - 000002F0         1A6   rel    0
BANK_RELAYS          CODE          000002F1 - 0000076A         47A   rel    0
RCODE                CODE          0000076B - 00000E6F         705   rel    0
DIFUNCT              CODE               00000E70                     dse    0
CODE_N               CODE               00000E70                     dse    0
NEAR_CODE            CODE          00000E70 - 00001557         6E8   rel    2
<BANKED_CODE,CODE_C> 1
                     CODE          00001558 - 000067B8        5261   rel    2
SLEEP_CODE           CODE          00007FF8 - 00007FFF           8   rel    0
<XDATA_ROM_C_FLASH> 1
                     CODE          00008000 - 00008048          49   rel    0
BLENV_ADDRESS_SPACE
                     CODE          0003E800 - 0003F7FF        1000   rel    0
REGISTERS            DATA          00000000 - 00000007           8   rel    0
VREG                 DATA          00000008 - 00000017          10   rel    0
PSP                  DATA               00000018                     dse    0
XSP                  DATA          00000018 - 00000019           2   rel    0
DATA_I               DATA          0000001A - 0000001A           1   rel    0
DATA_Z               DATA          0000001B - 0000001C           2   rel    0
BREG                 BIT        00000020.0  -  00000020.7        8   rel    0
SFR_AN               DATA          00000080 - 00000080           1   rel    0
                     DATA          00000087 - 00000089           3 
                     DATA          0000008B - 0000008D           3 
                     DATA          00000090 - 00000091           2 
                     DATA          00000094 - 00000097           4 
                     DATA          0000009A - 0000009C           3 
                     DATA          0000009E - 000000A9           C 
                     DATA          000000AB - 000000AF           5 
                     DATA          000000B3 - 000000B4           2 
                     DATA          000000B6 - 000000B6           1 
                     DATA          000000B8 - 000000C0           9 
                     DATA          000000C3 - 000000C3           1 
                     DATA          000000C6 - 000000C7           2 
                     DATA          000000C9 - 000000C9           1 
                     DATA          000000D1 - 000000D7           7 
                     DATA          000000D9 - 000000DB           3 
                     DATA          000000E1 - 000000E5           5 
                     DATA          000000E8 - 000000E9           2 
                     DATA          000000F1 - 000000F2           2 
                     DATA          000000F2 - 000000F5           4 
                     DATA          000000F7 - 000000FF           9 
XSTACK               XDATA         00000001 - 00000280         280   rel    0
XDATA_Z              XDATA         00000281 - 00000421         1A1   rel    0
XDATA_I              XDATA         00000422 - 000005C7         1A6   rel    0
<XDATA_N> 1          XDATA         000005C8 - 00000DC9         802   rel    0
<XDATA_ROM_C> 1      CONST         00008000 - 00008048          49   rel    0
IDATA_I              IDATA              0000001D                     dse    0
IDATA_Z              IDATA         0000001D - 0000001E           2   rel    0
ISTACK               IDATA         00000040 - 000000FF          C0   rel    0

                ****************************************
                *                                      *
                *        END OF CROSS REFERENCE        *
                *                                      *
                ****************************************

 30 730 bytes of CODE  memory
     29 bytes of DATA  memory (+ 81 absolute )
  3 529 bytes of XDATA memory
    194 bytes of IDATA memory
      8 bits  of BIT   memory
     73 bytes of CONST memory

Errors: none
Warnings: 1

