Warning[w6]: Type conflict for external/entry "osal_pwrmgr_powerconserve", in module OSAL against external/entry in module OSAL_PwrMgr; prototyped function vs K&R function
  /* In module OSAL: */
  /* K&R Function, args 0, attr 0 */
  int (__xdata_reentrant osal_pwrmgr_powerconserve)();
  /* In module OSAL_PwrMgr: */
  /* Function, args 0, attr 0 */
  void (__xdata_reentrant osal_pwrmgr_powerconserve)(void);
################################################################################
#                                                                              #
#      IAR Universal Linker V5.7.0.39                                          #
#                                                                              #
#           Link time     =  09/Dec/2022  12:53:12                             #
#           Target CPU    =  x51                                               #
#           List file     =  "C:\Users\MON\Desktop\IAR_TPMS\IAR Systems\SDK\BL #
#                            E-CC254x-1.4.0\Projects\ble\BAT_MON\CC2541DB\CC25 #
#                            41\List\BAT_MON.map"                              #
#           Output file 1 =  "C:\Users\MON\Desktop\IAR_TPMS\IAR Systems\SDK\BL #
#                            E-CC254x-1.4.0\Projects\ble\BAT_MON\BAT_MON.hex"  #
#                            Format: intel-extended                            #
#           Output file 2 =  "C:\Users\MON\Desktop\IAR_TPMS\IAR Systems\SDK\BL #
#                            E-CC254x-1.4.0\Projects\ble\BAT_MON\CC2541DB\CC25 #
#                            41\Exe\BAT_MON.d51"                               #
#                            Format: debug                                     #
#                            UBROF version 10.0.6                              #
#                            Using library modules for C-SPY (-rt)             #
#           Command line  =  "-IC:\Users\MON\Desktop\IAR_TPMS\IAR Systems\Embe #
#                            dded Workbench 6.5\8051\CONFIG\"                  #
#                            -D_NR_OF_BANKS=0x07 -D_CODEBANK_END=0xFFFF        #
#                            -D_CODEBANK_START=0x8000 -D?CBANK_MASK=0xFF       #
#                            -D?CBANK=0x9F                                     #
#                            "C:\Users\MON\Desktop\IAR_TPMS\IAR Systems\SDK\BL #
#                            E-CC254x-1.4.0\Projects\ble\BAT_MON\CC2541DB\CC25 #
#                            41\Obj\BAT_MON.r51"                               #
#                            "C:\Users\MON\Desktop\IAR_TPMS\IAR Systems\SDK\BL #
#                            E-CC254x-1.4.0\Projects\ble\BAT_MON\CC2541DB\CC25 #
#                            41\Obj\BAT_MON_Main.r51"                          #
#                            "C:\Users\MON\Desktop\IAR_TPMS\IAR Systems\SDK\BL #
#                            E-CC254x-1.4.0\Projects\ble\Libraries\CC2541DB\bi #
#                            n\CC2541_BLE_bcast.lib"                           #
#                            "C:\Users\MON\Desktop\IAR_TPMS\IAR Systems\SDK\BL #
#                            E-CC254x-1.4.0\Projects\ble\Libraries\Common\bin\ #
#                            CC254x_BLE_HCI_TL_None.lib"                       #
#                            "C:\Users\MON\Desktop\IAR_TPMS\IAR Systems\SDK\BL #
#                            E-CC254x-1.4.0\Projects\ble\BAT_MON\CC2541DB\CC25 #
#                            41\Obj\OSAL.r51"                                  #
#                            "C:\Users\MON\Desktop\IAR_TPMS\IAR Systems\SDK\BL #
#                            E-CC254x-1.4.0\Projects\ble\BAT_MON\CC2541DB\CC25 #
#                            41\Obj\OSAL_BAT_MON.r51"                          #
#                            "C:\Users\MON\Desktop\IAR_TPMS\IAR Systems\SDK\BL #
#                            E-CC254x-1.4.0\Projects\ble\BAT_MON\CC2541DB\CC25 #
#                            41\Obj\OSAL_ClockBLE.r51"                         #
#                            "C:\Users\MON\Desktop\IAR_TPMS\IAR Systems\SDK\BL #
#                            E-CC254x-1.4.0\Projects\ble\BAT_MON\CC2541DB\CC25 #
#                            41\Obj\OSAL_Memory.r51"                           #
#                            "C:\Users\MON\Desktop\IAR_TPMS\IAR Systems\SDK\BL #
#                            E-CC254x-1.4.0\Projects\ble\BAT_MON\CC2541DB\CC25 #
#                            41\Obj\OSAL_PwrMgr.r51"                           #
#                            "C:\Users\MON\Desktop\IAR_TPMS\IAR Systems\SDK\BL #
#                            E-CC254x-1.4.0\Projects\ble\BAT_MON\CC2541DB\CC25 #
#                            41\Obj\OSAL_Timers.r51"                           #
#                            "C:\Users\MON\Desktop\IAR_TPMS\IAR Systems\SDK\BL #
#                            E-CC254x-1.4.0\Projects\ble\BAT_MON\CC2541DB\CC25 #
#                            41\Obj\OnBoard.r51"                               #
#                            "C:\Users\MON\Desktop\IAR_TPMS\IAR Systems\SDK\BL #
#                            E-CC254x-1.4.0\Projects\ble\BAT_MON\CC2541DB\CC25 #
#                            41\Obj\broadcaster.r51"                           #
#                            "C:\Users\MON\Desktop\IAR_TPMS\IAR Systems\SDK\BL #
#                            E-CC254x-1.4.0\Projects\ble\BAT_MON\CC2541DB\CC25 #
#                            41\Obj\gap.r51"                                   #
#                            "C:\Users\MON\Desktop\IAR_TPMS\IAR Systems\SDK\BL #
#                            E-CC254x-1.4.0\Projects\ble\BAT_MON\CC2541DB\CC25 #
#                            41\Obj\hal_adc.r51"                               #
#                            "C:\Users\MON\Desktop\IAR_TPMS\IAR Systems\SDK\BL #
#                            E-CC254x-1.4.0\Projects\ble\BAT_MON\CC2541DB\CC25 #
#                            41\Obj\hal_aes.r51"                               #
#                            "C:\Users\MON\Desktop\IAR_TPMS\IAR Systems\SDK\BL #
#                            E-CC254x-1.4.0\Projects\ble\BAT_MON\CC2541DB\CC25 #
#                            41\Obj\hal_dma.r51"                               #
#                            "C:\Users\MON\Desktop\IAR_TPMS\IAR Systems\SDK\BL #
#                            E-CC254x-1.4.0\Projects\ble\BAT_MON\CC2541DB\CC25 #
#                            41\Obj\hal_drivers.r51"                           #
#                            "C:\Users\MON\Desktop\IAR_TPMS\IAR Systems\SDK\BL #
#                            E-CC254x-1.4.0\Projects\ble\BAT_MON\CC2541DB\CC25 #
#                            41\Obj\hal_flash.r51"                             #
#                            "C:\Users\MON\Desktop\IAR_TPMS\IAR Systems\SDK\BL #
#                            E-CC254x-1.4.0\Projects\ble\BAT_MON\CC2541DB\CC25 #
#                            41\Obj\hal_key.r51"                               #
#                            "C:\Users\MON\Desktop\IAR_TPMS\IAR Systems\SDK\BL #
#                            E-CC254x-1.4.0\Projects\ble\BAT_MON\CC2541DB\CC25 #
#                            41\Obj\hal_lcd.r51"                               #
#                            "C:\Users\MON\Desktop\IAR_TPMS\IAR Systems\SDK\BL #
#                            E-CC254x-1.4.0\Projects\ble\BAT_MON\CC2541DB\CC25 #
#                            41\Obj\hal_led.r51"                               #
#                            "C:\Users\MON\Desktop\IAR_TPMS\IAR Systems\SDK\BL #
#                            E-CC254x-1.4.0\Projects\ble\BAT_MON\CC2541DB\CC25 #
#                            41\Obj\hal_sleep.r51"                             #
#                            "C:\Users\MON\Desktop\IAR_TPMS\IAR Systems\SDK\BL #
#                            E-CC254x-1.4.0\Projects\ble\BAT_MON\CC2541DB\CC25 #
#                            41\Obj\hal_startup.r51"                           #
#                            "C:\Users\MON\Desktop\IAR_TPMS\IAR Systems\SDK\BL #
#                            E-CC254x-1.4.0\Projects\ble\BAT_MON\CC2541DB\CC25 #
#                            41\Obj\hal_timer.r51"                             #
#                            "C:\Users\MON\Desktop\IAR_TPMS\IAR Systems\SDK\BL #
#                            E-CC254x-1.4.0\Projects\ble\BAT_MON\CC2541DB\CC25 #
#                            41\Obj\hal_uart.r51"                              #
#                            "C:\Users\MON\Desktop\IAR_TPMS\IAR Systems\SDK\BL #
#                            E-CC254x-1.4.0\Projects\ble\BAT_MON\CC2541DB\CC25 #
#                            41\Obj\npi.r51"                                   #
#                            "C:\Users\MON\Desktop\IAR_TPMS\IAR Systems\SDK\BL #
#                            E-CC254x-1.4.0\Projects\ble\BAT_MON\CC2541DB\CC25 #
#                            41\Obj\osal_bufmgr.r51"                           #
#                            "C:\Users\MON\Desktop\IAR_TPMS\IAR Systems\SDK\BL #
#                            E-CC254x-1.4.0\Projects\ble\BAT_MON\CC2541DB\CC25 #
#                            41\Obj\osal_cbtimer.r51"                          #
#                            "C:\Users\MON\Desktop\IAR_TPMS\IAR Systems\SDK\BL #
#                            E-CC254x-1.4.0\Projects\ble\BAT_MON\CC2541DB\CC25 #
#                            41\Obj\osal_snv.r51"                              #
#                            -o                                                #
#                            "C:\Users\MON\Desktop\IAR_TPMS\IAR Systems\SDK\BL #
#                            E-CC254x-1.4.0\Projects\ble\BAT_MON\CC2541DB\CC25 #
#                            41\Exe\BAT_MON.d51"                               #
#                            -l                                                #
#                            "C:\Users\MON\Desktop\IAR_TPMS\IAR Systems\SDK\BL #
#                            E-CC254x-1.4.0\Projects\ble\BAT_MON\CC2541DB\CC25 #
#                            41\List\BAT_MON.map"                              #
#                            -xmsn -f                                          #
#                            "C:\Users\MON\Desktop\IAR_TPMS\IAR Systems\SDK\BL #
#                            E-CC254x-1.4.0\Projects\ble\BAT_MON\CC2541DB\..\. #
#                            .\common\cc2540\ti_51ew_cc2540b.xcl"              #
#                            (-D_IDATA_END=0xFF -D_PDATA_START=0x1E00          #
#                            -D_PDATA_END=0x1EFF -D_IXDATA_START=0x0001        #
#                            -D_IXDATA_END=0x1EFF                              #
#                            -D_XDATA_START=_IXDATA_START                      #
#                            -D_XDATA_END=_IXDATA_END -D_CODE_START=0x0000     #
#                            -D_CODE_END=0x7FFF -D_FIRST_BANK_ADDR=0x10000     #
#                            -D_NEAR_CODE_END=_CODE_END -D?REGISTER_BANK=0     #
#                            -D_REGISTER_BANK_START=0 -D?PBANK_NUMBER=0x1E     #
#                            -D_BREG_START=0x00 -D?VB=0x20                     #
#                            -D_FAR_DATA_NR_OF_BANKS=0x0E                      #
#                            -D_FAR_DATA_START=0x010001                        #
#                            -D_FAR_DATA_END=0xFFFFFF                          #
#                            -D_FAR_CODE_START=_CODE_START                     #
#                            -D_FAR_CODE_END=_CODE_END                         #
#                            -Z(BIT)BREG=_BREG_START -Z(BIT)BIT_N=0-7F         #
#                            -Z(DATA)REGISTERS+8=_REGISTER_BANK_START          #
#                            -Z(DATA)BDATA_Z,BDATA_N,BDATA_I=20-2F             #
#                            -Z(DATA)VREG+_NR_OF_VIRTUAL_REGISTERS=08-7F       #
#                            -Z(DATA)PSP,XSP=08-7F -Z(DATA)DOVERLAY=08-7F      #
#                            -Z(DATA)DATA_I,DATA_Z,DATA_N=08-7F                #
#                            -U(IDATA)0-7F=(DATA)0-7F                          #
#                            -Z(IDATA)IDATA_I,IDATA_Z,IDATA_N=08-_IDATA_END    #
#                            -Z(IDATA)ISTACK+_IDATA_STACK_SIZE#08-_IDATA_END   #
#                            -Z(IDATA)IOVERLAY=08-FF                           #
#                            -Z(CODE)INTVEC=_CODE_START                        #
#                            -Z(CODE)CSTART=_CODE_START-_CODE_END              #
#                            -Z(CODE)BIT_ID,BDATA_ID,DATA_ID,IDATA_ID,IXDATA_I #
#                            D,PDATA_ID,XDATA_ID=_CODE_START-_CODE_END         #
#                            -Z(CODE)HUGE_ID=_FAR_CODE_START-_FAR_CODE_END     #
#                            -D_SLEEP_CODE_SPACE_START=(_CODE_END-7)           #
#                            -D_SLEEP_CODE_SPACE_END=(_CODE_END)               #
#                            -Z(CODE)SLEEP_CODE=_SLEEP_CODE_SPACE_START-_SLEEP #
#                            _CODE_SPACE_END                                   #
#                            -Z(CODE)BANK_RELAYS,RCODE,DIFUNCT,CODE_N,NEAR_COD #
#                            E=_CODE_START-_CODE_END                           #
#                            -P(CODE)CODE_C=_CODE_START-_CODE_END              #
#                            -P(CONST)XDATA_ROM_C=0x8000-0xFFFF                #
#                            -P(CODE)XDATA_ROM_C_FLASH=0x18000-0x1FFFF         #
#                            -QXDATA_ROM_C=XDATA_ROM_C_FLASH                   #
#                            -P(CODE)BANKED_CODE=_CODE_START-_CODE_END,[(_CODE #
#                            BANK_START+_FIRST_BANK_ADDR)-(_CODEBANK_END+_FIRS #
#                            T_BANK_ADDR)]*_NR_OF_BANKS+10000                  #
#                            -P(CODE)FAR_CODE_C,FAR_CODE_N,FAR_CODE=[_FAR_CODE #
#                            _START-_FAR_CODE_END]/10000                       #
#                            -P(CODE)HUGE_CODE_C=_FAR_CODE_START-_FAR_CODE_END #
#                            -Z(CODE)CHECKSUM#_CODE_END                        #
#                            -Z(XDATA)EXT_STACK+_EXTENDED_STACK_SIZE=_EXTENDED #
#                            _STACK_START                                      #
#                            -Z(XDATA)PSTACK+_PDATA_STACK_SIZE=_PDATA_START-_P #
#                            DATA_END                                          #
#                            -Z(XDATA)XSTACK+_XDATA_STACK_SIZE=_XDATA_START-_X #
#                            DATA_END                                          #
#                            -Z(XDATA)PDATA_Z,PDATA_I=_PDATA_START-_PDATA_END  #
#                            -P(XDATA)PDATA_N=_PDATA_START-_PDATA_END          #
#                            -Z(XDATA)IXDATA_Z,IXDATA_I=_IXDATA_START-_IXDATA_ #
#                            END                                               #
#                            -P(XDATA)IXDATA_N=_IXDATA_START-_IXDATA_END       #
#                            -Z(XDATA)XDATA_Z,XDATA_I=_XDATA_START-_XDATA_END  #
#                            -P(XDATA)XDATA_N=_XDATA_START-_XDATA_END          #
#                            -Z(XDATA)XDATA_HEAP+_XDATA_HEAP_SIZE=_XDATA_START #
#                            -_XDATA_END                                       #
#                            -Z(XDATA)FAR_Z=[_FAR_DATA_START-_FAR_DATA_END]/10 #
#                            000                                               #
#                            -Z(XDATA)FAR_I=[_FAR_DATA_START-_FAR_DATA_END]/10 #
#                            000                                               #
#                            -Z(CODE)FAR_ID=[_FAR_CODE_START-_FAR_CODE_END]/10 #
#                            000                                               #
#                            -Z(XDATA)FAR_HEAP+_FAR_HEAP_SIZE=[_FAR_DATA_START #
#                            -_FAR_DATA_END]/10000                             #
#                            -P(XDATA)FAR_N=[_FAR_DATA_START-_FAR_DATA_END]*_F #
#                            AR_DATA_NR_OF_BANKS+10000                         #
#                            -P(CONST)FAR_ROM_C=[_FAR_DATA_START-_FAR_DATA_END #
#                            ]*_FAR_DATA_NR_OF_BANKS+10000                     #
#                            -Z(XDATA)HUGE_Z,HUGE_I=_FAR_DATA_START-_FAR_DATA_ #
#                            END                                               #
#                            -P(XDATA)HUGE_N=_FAR_DATA_START-_FAR_DATA_END     #
#                            -Z(XDATA)HUGE_HEAP+_HUGE_HEAP_SIZE=_FAR_DATA_STAR #
#                            T-_FAR_DATA_END                                   #
#                            -Z(CONST)HUGE_ROM_C=_FAR_DATA_START-_FAR_DATA_END #
#                            -cx51 -D_BLENV_ADDRESS_SPACE_START=0x7E800        #
#                            -D_BLENV_ADDRESS_SPACE_END=0x7F7FF                #
#                            -Z(CODE)BLENV_ADDRESS_SPACE=_BLENV_ADDRESS_SPACE_ #
#                            START-_BLENV_ADDRESS_SPACE_END                    #
#                            -D_BANK0_START=0x00000 -D_BANK0_END=0x07FFF       #
#                            -D_BANK1_START=0x18000 -D_BANK1_END=0x1FFFF       #
#                            -D_BANK2_START=0x28000 -D_BANK2_END=0x2FFFF       #
#                            -D_BANK3_START=0x38000 -D_BANK3_END=0x3FFFF       #
#                            -D_BANK4_START=0x48000 -D_BANK4_END=0x4FFFF       #
#                            -D_BANK5_START=0x58000 -D_BANK5_END=0x5FFFF       #
#                            -D_BANK6_START=0x68000 -D_BANK6_END=0x6FFFF       #
#                            -D_BANK7_START=0x78000                            #
#                            -D_BANK7_END=(_BLENV_ADDRESS_SPACE_START-1)       #
#                            -P(CODE)BANK0=_BANK0_START-_BANK0_END             #
#                            -P(CODE)BANK1=_BANK1_START-_BANK1_END             #
#                            -P(CODE)BANK2=_BANK2_START-_BANK2_END             #
#                            -P(CODE)BANK3=_BANK3_START-_BANK3_END             #
#                            -P(CODE)BANK4=_BANK4_START-_BANK4_END             #
#                            -P(CODE)BANK5=_BANK5_START-_BANK5_END             #
#                            -P(CODE)BANK6=_BANK6_START-_BANK6_END             #
#                            -P(CODE)BANK7=_BANK7_START-_BANK7_END             #
#                            -M(CODE)[(_CODEBANK_START+_FIRST_BANK_ADDR)-(_COD #
#                            EBANK_END+_FIRST_BANK_ADDR)]*_NR_OF_BANKS+0x10000 #
#                            =0x8000                                           #
#                            -ww69=i                                           #
#                            -D_FLASH_LOCK_BITS_START=((_NR_OF_BANKS*_FIRST_BA #
#                            NK_ADDR)+0xFFF0)                                  #
#                            -D_FLASH_LOCK_BITS_END=((_NR_OF_BANKS*_FIRST_BANK #
#                            _ADDR)+0xFFFF)                                    #
#                            -Z(CODE)FLASH_LOCK_BITS=_FLASH_LOCK_BITS_START-_F #
#                            LASH_LOCK_BITS_END                                #
#                            -U(CODE)0x0000=(CODE)_FLASH_LOCK_BITS_START-_FLAS #
#                            H_LOCK_BITS_END)                                  #
#                            -D_NR_OF_VIRTUAL_REGISTERS=8 -D?PBANK=0x93        #
#                            -e?BCALL_FF=?BCALL -e?BRET_FF=?BRET               #
#                            -e?BDISPATCH_FF=?BDISPATCH                        #
#                            -e_large_write=_formatted_write                   #
#                            -e_large_read=_formatted_read -rt                 #
#                            "-Ointel-extended=C:\Users\MON\Desktop\IAR_TPMS\I #
#                            AR Systems\SDK\BLE-CC254x-1.4.0\Projects\ble\BAT_ #
#                            MON\BAT_MON.hex"                                  #
#                            -s __program_start                                #
#                            "C:\Users\MON\Desktop\IAR_TPMS\IAR Systems\Embedd #
#                            ed Workbench 6.5\8051\LIB\CLIB\cl-pli-blxd-1e16x0 #
#                            1.r51"                                            #
#                            -D_IDATA_STACK_SIZE=0xC0 -D?ESP=0 -D?ESP_MASK=0   #
#                            -D_EXTENDED_STACK_START=0                         #
#                            -D_EXTENDED_STACK_SIZE=0                          #
#                            -D_PDATA_STACK_SIZE=0x00                          #
#                            -D_XDATA_STACK_SIZE=0x280                         #
#                            -D_XDATA_HEAP_SIZE=0xFF -D_FAR_HEAP_SIZE=0xFFF    #
#                            -D_HUGE_HEAP_SIZE=0xFFF                           #
#                            -D_FAR22_HEAP_SIZE=0xFFF                          #
#                                                                              #
#                           Copyright (C) 1987-2013 IAR Systems AB.            #
################################################################################





                ****************************************
                *                                      *
                *           CROSS REFERENCE            *
                *                                      *
                ****************************************

       Program entry at : CODE      0000011A  Relocatable, from module : CSTARTUP




                ****************************************
                *                                      *
                *            RUNTIME MODEL             *
                *                                      *
                ****************************************

  __SystemLibrary          = CLib
  __calling_convention     = xdata_reentrant
  __code_model             = banked
  __core                   = plain
  __data_model             = large
  __dptr_size              = 16
  __extended_stack         = disabled
  __location_for_constants = data
  __number_of_dptrs        = 1
  __rt_version             = 1

                ****************************************
                *                                      *
                *    AUTOMATIC SYMBOL REDIRECTIONS     *
                *                                      *
                ****************************************

                  There are no automatic symbol redirections.



                ****************************************
                *                                      *
                *              MODULE MAP              *
                *                                      *
                ****************************************


  DEFINED ABSOLUTE ENTRIES
    *************************************************************************

  DEFINED ABSOLUTE ENTRIES
  PROGRAM MODULE, NAME : ?ABS_ENTRY_MOD

Absolute parts
           ENTRY                   ADDRESS         REF BY
           =====                   =======         ======
           _FAR22_HEAP_SIZE        00000FFF 
           _HUGE_HEAP_SIZE         00000FFF 
           _FAR_HEAP_SIZE          00000FFF 
           _XDATA_HEAP_SIZE        000000FF 
           _XDATA_STACK_SIZE       00000280 
           _PDATA_STACK_SIZE       00000000 
           _EXTENDED_STACK_SIZE    00000000 
           _EXTENDED_STACK_START   00000000 
           ?ESP_MASK               00000000 
           ?ESP                    00000000 
           _IDATA_STACK_SIZE       000000C0 
           ?PBANK                  00000093 
           _NR_OF_VIRTUAL_REGISTERS
                                   00000008 
           _FLASH_LOCK_BITS_END    0003FFFF 
           _FLASH_LOCK_BITS_START
                                   0003FFF0 
           _BANK7_END              0003E7FF 
           _BANK7_START            00038000 
           _BANK6_END              00037FFF 
           _BANK6_START            00030000 
           _BANK5_END              0002FFFF 
           _BANK5_START            00028000 
           _BANK4_END              00027FFF 
           _BANK4_START            00020000 
           _BANK3_END              0001FFFF 
           _BANK3_START            00018000 
           _BANK2_END              00017FFF 
           _BANK2_START            00010000 
           _BANK1_END              0000FFFF 
           _BANK1_START            00008000 
           _BANK0_END              00007FFF 
           _BANK0_START            00000000 
           _BLENV_ADDRESS_SPACE_END
                                   0003F7FF 
           _BLENV_ADDRESS_SPACE_START
                                   0003E800 
           _SLEEP_CODE_SPACE_END   00007FFF 
           _SLEEP_CODE_SPACE_START
                                   00007FF8 
           _FAR_CODE_END           00007FFF 
           _FAR_CODE_START         00000000 
           _FAR_DATA_END           00FFFFFF 
           _FAR_DATA_START         00010001 
           _FAR_DATA_NR_OF_BANKS   0000000E 
           ?VB                     00000020        ?BANKED_ENTER_XDATA (?BANKED_ENTER_XDATA)
                                                   ?BANKED_LEAVE_XDATA (?BANKED_LEAVE_XDATA)
                                                   ?FUNC_ENTER_XDATA (?FUNC_ENTER_XDATA)
                                                   ?FUNC_LEAVE_XDATA (?FUNC_LEAVE_XDATA)
                                                   ?INTERRUPT_ENTER_XSP (?INTERRUPT_ENTER_XSP)
                                                   ?INTERRUPT_LEAVE_XSP (?INTERRUPT_LEAVE_XSP)
           _BREG_START             00000000 
           ?PBANK_NUMBER           0000001E 
           _REGISTER_BANK_START    00000000 
           ?REGISTER_BANK          00000000        Segment part 6 (CSTARTUP)
           _NEAR_CODE_END          00007FFF 
           _FIRST_BANK_ADDR        00010000 
           _CODE_END               00007FFF 
           _CODE_START             00000000 
           _XDATA_END              00001EFF 
           _XDATA_START            00000001 
           _IXDATA_END             00001EFF 
           _IXDATA_START           00000001 
           _PDATA_END              00001EFF 
           _PDATA_START            00001E00 
           _IDATA_END              000000FF 
           ?CBANK                  0000009F        ?RESET_CODE_BANK (CSTARTUP)
                                                   Segment part 0 (?BANKED_CODE_SUPPORT)
           ?CBANK_MASK             000000FF 
           _CODEBANK_START         00008000 
           _CODEBANK_END           0000FFFF 
           _NR_OF_BANKS            00000007 
    *************************************************************************

  FILE NAME : C:\Users\MON\Desktop\IAR_TPMS\IAR Systems\SDK\BLE-CC254x-1.4.0\Projects\ble\BAT_MON\CC2541DB\CC2541\Obj\BAT_MON.r51
  PROGRAM MODULE, NAME : BAT_MON

  SEGMENTS IN THE MODULE
  ======================
SFR_AN
  Relative segment, address: DATA 00000080 - 00000080 (0x1 bytes), align: 0
  Segment part 1. ROOT.       Intra module refs:   BAT_MON_Init
                                                   BAT_MON_ProcessEvent
                                                   HalKeyRead (hal_key)
                                                   LL_PowerOffReq (ll_sleep)
                                                   LL_PowerOnReq (ll_sleep)
           ENTRY                   ADDRESS         REF BY
           =====                   =======         ======
           _A_P0                   00000080 
           LOCAL                   ADDRESS         
           =====                   =======         
           P0                      00000080 
    -------------------------------------------------------------------------
SFR_AN
  Relative segment, address: DATA 000000B4 - 000000B4 (0x1 bytes), align: 0
  Segment part 2. ROOT.       Intra module refs:   AdcRead
                                                   HalAdcRead (hal_adc)
                                                   LL_ENC_GenerateTrueRandNum (ll_enc)
           ENTRY                   ADDRESS         REF BY
           =====                   =======         ======
           ADCCON1                 000000B4 
    -------------------------------------------------------------------------
SFR_AN
  Relative segment, address: DATA 000000B6 - 000000B6 (0x1 bytes), align: 0
  Segment part 3. ROOT.       Intra module refs:   AdcRead
                                                   HalAdcRead (hal_adc)
           ENTRY                   ADDRESS         REF BY
           =====                   =======         ======
           ADCCON3                 000000B6 
    -------------------------------------------------------------------------
SFR_AN
  Relative segment, address: DATA 000000BA - 000000BA (0x1 bytes), align: 0
  Segment part 4. ROOT.       Intra module refs:   AdcRead
                                                   HalAdcRead (hal_adc)
           ENTRY                   ADDRESS         REF BY
           =====                   =======         ======
           ADCL                    000000BA 
    -------------------------------------------------------------------------
SFR_AN
  Relative segment, address: DATA 000000BB - 000000BB (0x1 bytes), align: 0
  Segment part 5. ROOT.       Intra module refs:   AdcRead
                                                   HalAdcRead (hal_adc)
           ENTRY                   ADDRESS         REF BY
           =====                   =======         ======
           ADCH                    000000BB 
    -------------------------------------------------------------------------
SFR_AN
  Relative segment, address: DATA 000000F2 - 000000F2 (0x1 bytes), align: 0
  Segment part 6. ROOT.       Intra module refs:   AdcRead
                                                   HalAdcRead (hal_adc)
           ENTRY                   ADDRESS         REF BY
           =====                   =======         ======
           ADCCFG                  000000F2 
    -------------------------------------------------------------------------
SFR_AN
  Relative segment, address: DATA 000000F3 - 000000F3 (0x1 bytes), align: 0
  Segment part 7. ROOT.       Intra module refs:   BAT_MON_Init
           ENTRY                   ADDRESS         REF BY
           =====                   =======         ======
           P0SEL                   000000F3 
    -------------------------------------------------------------------------
SFR_AN
  Relative segment, address: DATA 000000FD - 000000FD (0x1 bytes), align: 0
  Segment part 8. ROOT.       Intra module refs:   BAT_MON_Init
           ENTRY                   ADDRESS         REF BY
           =====                   =======         ======
           P0DIR                   000000FD 
    -------------------------------------------------------------------------
XDATA_Z
  Relative segment, address: XDATA 00000281 - 00000281 (0x1 bytes), align: 0
  Segment part 14.            Intra module refs:   AdcRead
                                                   BAT_MON_Init
           LOCAL                   ADDRESS         
           =====                   =======         
           adcRef                  00000281 
    -------------------------------------------------------------------------
XDATA_Z
  Relative segment, address: XDATA 00000282 - 00000283 (0x2 bytes), align: 0
  Segment part 16.            Intra module refs:   BAT_MON_Init
                                                   BAT_MON_ProcessEvent
           ENTRY                   ADDRESS         REF BY
           =====                   =======         ======
           bdcount                 00000282 
    -------------------------------------------------------------------------
XDATA_Z
  Relative segment, address: XDATA 00000284 - 00000284 (0x1 bytes), align: 0
  Segment part 17.            Intra module refs:   BAT_MON_Init
                                                   BAT_MON_ProcessEvent
           LOCAL                   ADDRESS         
           =====                   =======         
           BAT_MON_TaskID          00000284 
    -------------------------------------------------------------------------
XDATA_I
  Relative segment, address: XDATA 00000428 - 00000438 (0x11 bytes), align: 0
  Segment part 18.            Intra module refs:   Segment part 39
           ENTRY                   ADDRESS         REF BY
           =====                   =======         ======
           hexval                  00000428 
    -------------------------------------------------------------------------
XDATA_I
  Relative segment, address: XDATA 00000439 - 00000449 (0x11 bytes), align: 0
  Segment part 20.            Intra module refs:   BAT_MON_Init
           ENTRY                   ADDRESS         REF BY
           =====                   =======         ======
           scanRspData1            00000439 
    -------------------------------------------------------------------------
XDATA_I
  Relative segment, address: XDATA 0000044A - 0000044F (0x6 bytes), align: 0
  Segment part 24.            Intra module refs:   BAT_MON_Init
           ENTRY                   ADDRESS         REF BY
           =====                   =======         ======
           baddr1                  0000044A 
    -------------------------------------------------------------------------
XDATA_I
  Relative segment, address: XDATA 00000450 - 0000046B (0x1c bytes), align: 0
  Segment part 26.            Intra module refs:   BAT_MON_Init
                                                   BAT_MON_ProcessEvent
           ENTRY                   ADDRESS         REF BY
           =====                   =======         ======
           aData1                  00000450 
    -------------------------------------------------------------------------
XDATA_Z
  Relative segment, address: XDATA 00000285 - 00000285 (0x1 bytes), align: 0
  Segment part 28.            Intra module refs:   BAT_MON_ProcessEvent
           ENTRY                   ADDRESS         REF BY
           =====                   =======         ======
           LedBlink                00000285 
    -------------------------------------------------------------------------
XDATA_Z
  Relative segment, address: XDATA 00000286 - 00000289 (0x4 bytes), align: 0
  Segment part 29.            Intra module refs:   BAT_MON_ProcessEvent
           LOCAL                   ADDRESS         
           =====                   =======         
           BAT_MON_BroadcasterCBs
                                   00000286 
    -------------------------------------------------------------------------
<BANKED_CODE,CODE_C> 1 (was BANKED_CODE)
  Relative segment, address: CODE 000049CD - 00004A01 (0x35 bytes), align: 0
  Segment part 31.            Intra module refs:   WaitUs::?relay
           ENTRY                   ADDRESS         REF BY
           =====                   =======         ======
           WaitUs                  000049CD 
               XSTACK = 0000000C ( 00000000 )
    -------------------------------------------------------------------------
<BANKED_CODE,CODE_C> 1 (was BANKED_CODE)
  Relative segment, address: CODE 00004A02 - 00004AC6 (0xc5 bytes), align: 0
  Segment part 33.            Intra module refs:   AdcRead::?relay
           ENTRY                   ADDRESS         REF BY
           =====                   =======         ======
           AdcRead                 00004A02 
               calls direct
               XSTACK = 00000011 ( 0000000C )
    -------------------------------------------------------------------------
<BANKED_CODE,CODE_C> 1 (was BANKED_CODE)
  Relative segment, address: CODE 00004AC7 - 00004ACB (0x5 bytes), align: 0
  Segment part 35.            Intra module refs:   AdcRead
                                                   BAT_MON_Init
           LOCAL                   ADDRESS         
           =====                   =======         
           ?Subroutine0            00004AC7 
    -------------------------------------------------------------------------
<BANKED_CODE,CODE_C> 1 (was BANKED_CODE)
  Relative segment, address: CODE 00004ACC - 00004C18 (0x14d bytes), align: 0
  Segment part 36.            Intra module refs:   BAT_MON_Init::?relay
           ENTRY                   ADDRESS         REF BY
           =====                   =======         ======
           BAT_MON_Init            00004ACC 
               calls direct
               XSTACK = 00000000 ( 00000011 )
    -------------------------------------------------------------------------
<BANKED_CODE,CODE_C> 1 (was BANKED_CODE)
  Relative segment, address: CODE 00004C19 - 00004C19 (0x1 bytes), align: 0
  Segment part 38.            Intra module refs:   BAT_MON_Init
           LOCAL                   ADDRESS         
           =====                   =======         
           ?Subroutine1            00004C19 
    -------------------------------------------------------------------------
<BANKED_CODE,CODE_C> 1 (was BANKED_CODE)
  Relative segment, address: CODE 00004C1A - 00004C28 (0xf bytes), align: 0
  Segment part 39.            Intra module refs:   ?Subroutine1
                                                   BAT_MON_Init
    -------------------------------------------------------------------------
<BANKED_CODE,CODE_C> 1 (was BANKED_CODE)
  Relative segment, address: CODE 00004C29 - 00004CDC (0xb4 bytes), align: 0
  Segment part 40.            Intra module refs:   BAT_MON_ProcessEvent::?relay
           ENTRY                   ADDRESS         REF BY
           =====                   =======         ======
           BAT_MON_ProcessEvent    00004C29 
               calls direct
               XSTACK = 00000000 ( 0000000E )
    -------------------------------------------------------------------------
XDATA_ID
  Relative segment, address: CODE 0000014B - 0000015B (0x11 bytes), align: 0
  Segment part 19.            Intra module refs:   hexval
    -------------------------------------------------------------------------
XDATA_ID
  Relative segment, address: CODE 0000015C - 0000016C (0x11 bytes), align: 0
  Segment part 21.            Intra module refs:   scanRspData1
    -------------------------------------------------------------------------
XDATA_ID
  Relative segment, address: CODE 0000016D - 00000172 (0x6 bytes), align: 0
  Segment part 25.            Intra module refs:   baddr1
    -------------------------------------------------------------------------
XDATA_ID
  Relative segment, address: CODE 00000173 - 0000018E (0x1c bytes), align: 0
  Segment part 27.            Intra module refs:   aData1
    -------------------------------------------------------------------------
<XDATA_ROM_C> 1 (was XDATA_ROM_C)
  Relative segment, address: CONST 0000801C - 0000801F (0x4 bytes), align: 0
  Segment part 30.            Intra module refs:   BAT_MON_ProcessEvent
                                                   gapWriteAdvEnableStatus (gap_peridevmgr)
           ENTRY                   ADDRESS         REF BY
           =====                   =======         ======
           __Constant_3e8          0000801C 
    -------------------------------------------------------------------------
BANK_RELAYS
  Relative segment, address: CODE 00000232 - 00000237 (0x6 bytes), align: 0
  Segment part 32.            Intra module refs:   AdcRead
           ENTRY                   ADDRESS         REF BY
           =====                   =======         ======
           WaitUs::?relay          00000232 
    -------------------------------------------------------------------------
BANK_RELAYS
  Relative segment, address: CODE 00000238 - 0000023D (0x6 bytes), align: 0
  Segment part 34.            Intra module refs:   BAT_MON_Init
                                                   BAT_MON_ProcessEvent
           ENTRY                   ADDRESS         REF BY
           =====                   =======         ======
           AdcRead::?relay         00000238 
    -------------------------------------------------------------------------
BANK_RELAYS
  Relative segment, address: CODE 0000023E - 00000243 (0x6 bytes), align: 0
  Segment part 37.
           ENTRY                   ADDRESS         REF BY
           =====                   =======         ======
           BAT_MON_Init::?relay    0000023E        osalInitTasks (OSAL_BAT_MON)
    -------------------------------------------------------------------------
BANK_RELAYS
  Relative segment, address: CODE 00000244 - 00000249 (0x6 bytes), align: 0
  Segment part 41.
           ENTRY                   ADDRESS         REF BY
           =====                   =======         ======
           BAT_MON_ProcessEvent::?relay
                                   00000244        tasksArr (OSAL_BAT_MON)
    -------------------------------------------------------------------------
<XDATA_ROM_C_FLASH> 1 (was XDATA_ROM_C_FLASH)
  Relative segment, address: CODE 0000801C - 0000801F (0x4 bytes), align: 0
  Segment part 42.            Intra module refs:   __Constant_3e8

    *************************************************************************

  FILE NAME : C:\Users\MON\Desktop\IAR_TPMS\IAR Systems\SDK\BLE-CC254x-1.4.0\Projects\ble\BAT_MON\CC2541DB\CC2541\Obj\BAT_MON_Main.r51
  PROGRAM MODULE, NAME : BAT_MON_Main

  SEGMENTS IN THE MODULE
  ======================
<BANKED_CODE,CODE_C> 1 (was BANKED_CODE)
  Relative segment, address: CODE 00006634 - 00006643 (0x10 bytes), align: 0
  Segment part 6.
           ENTRY                   ADDRESS         REF BY
           =====                   =======         ======
           main                    00006634        ?call_main (?cmain)
               calls direct

    *************************************************************************

  FILE NAME : C:\Users\MON\Desktop\IAR_TPMS\IAR Systems\SDK\BLE-CC254x-1.4.0\Projects\ble\Libraries\CC2541DB\bin\CC2541_BLE_bcast.lib
  LIBRARY MODULE, NAME : gap_configmgr

  SEGMENTS IN THE MODULE
  ======================
XDATA_I
  Relative segment, address: XDATA 0000046C - 0000046C (0x1 bytes), align: 0
  Segment part 6.             Intra module refs:   GAP_ParamsInit
                                                   gapProcessRandomAddrComplete
                                                   gapSendDeviceInitDoneEvent
           ENTRY                   ADDRESS         REF BY
           =====                   =======         ======
           gapAppTaskID            0000046C 
    -------------------------------------------------------------------------
XDATA_Z
  Relative segment, address: XDATA 0000028A - 0000028A (0x1 bytes), align: 0
  Segment part 8.             Intra module refs:   GAP_ParamsInit
           ENTRY                   ADDRESS         REF BY
           =====                   =======         ======
           gapProfileRole          0000028A        GAP_MakeDiscoverable (gap_peridevmgr)
                                                   GAP_PeriDevMgrInit (gap_peridevmgr)
                                                   GAP_UpdateAdvertisingData (gap_peridevmgr)
                                                   gapProcessAdvertisingEvt (gap_peridevmgr)
    -------------------------------------------------------------------------
XDATA_Z
  Relative segment, address: XDATA 0000028B - 0000028B (0x1 bytes), align: 0
  Segment part 9.             Intra module refs:   gapProcessRandomAddrComplete
           ENTRY                   ADDRESS         REF BY
           =====                   =======         ======
           gapDeviceAddrMode       0000028B        GAP_MakeDiscoverable (gap_peridevmgr)
                                                   gapSetAdvParams (gap_peridevmgr)
    -------------------------------------------------------------------------
XDATA_Z
  Relative segment, address: XDATA 0000028C - 0000028D (0x2 bytes), align: 0
  Segment part 10.
           ENTRY                   ADDRESS         REF BY
           =====                   =======         ======
           gapPrivateAddrChangeTimeout
                                   0000028C        GAP_EndDiscoverable (gap_peridevmgr)
                                                   GAP_MakeDiscoverable (gap_peridevmgr)
    -------------------------------------------------------------------------
XDATA_Z
  Relative segment, address: XDATA 0000028E - 0000028E (0x1 bytes), align: 0
  Segment part 11.            Intra module refs:   gapProcessRandomAddrComplete
           ENTRY                   ADDRESS         REF BY
           =====                   =======         ======
           gapAutoAdvPrivateAddrChange
                                   0000028E        gapProcessAdvertisingEvt (gap_peridevmgr)
                                                   gapWriteAdvEnableStatus (gap_peridevmgr)
    -------------------------------------------------------------------------
XDATA_Z
  Relative segment, address: XDATA 0000028F - 0000029E (0x10 bytes), align: 0
  Segment part 12.            Intra module refs:   GAP_ParamsInit
                                                   gapReadBD_ADDRStatus
                                                   gapReadBufSizeCmdStatus
                                                   gapSendDeviceInitDoneEvent
    -------------------------------------------------------------------------
XDATA_I
  Relative segment, address: XDATA 0000046D - 000004BA (0x4e bytes), align: 0
  Segment part 13.            Intra module refs:   Segment part 22
    -------------------------------------------------------------------------
XDATA_Z
  Relative segment, address: XDATA 0000029F - 000002A4 (0x6 bytes), align: 0
  Segment part 15.            Intra module refs:   gapProcessRandomAddrComplete
    -------------------------------------------------------------------------
<BANKED_CODE,CODE_C> 1 (was BANKED_CODE)
  Relative segment, address: CODE 00004FC7 - 00004FEE (0x28 bytes), align: 0
  Segment part 18.            Intra module refs:   GAP_SetParamValue::?relay
           ENTRY                   ADDRESS         REF BY
           =====                   =======         ======
           GAP_SetParamValue       00004FC7 
               ISTACK = 00000000 ( 00000002 )
    -------------------------------------------------------------------------
<BANKED_CODE,CODE_C> 1 (was BANKED_CODE)
  Relative segment, address: CODE 00004FEF - 0000500A (0x1c bytes), align: 0
  Segment part 20.            Intra module refs:   GAP_GetParamValue::?relay
           ENTRY                   ADDRESS         REF BY
           =====                   =======         ======
           GAP_GetParamValue       00004FEF 
               XSTACK = 00000014 ( 00000000 )
               ISTACK = 00000000 ( 00000002 )
    -------------------------------------------------------------------------
<BANKED_CODE,CODE_C> 1 (was BANKED_CODE)
  Relative segment, address: CODE 0000500B - 0000501C (0x12 bytes), align: 0
  Segment part 22.            Intra module refs:   GAP_GetParamValue
                                                   GAP_SetParamValue
    -------------------------------------------------------------------------
<BANKED_CODE,CODE_C> 1 (was BANKED_CODE)
  Relative segment, address: CODE 0000501D - 0000504E (0x32 bytes), align: 0
  Segment part 23.            Intra module refs:   GAP_ParamsInit::?relay
           ENTRY                   ADDRESS         REF BY
           =====                   =======         ======
           GAP_ParamsInit          0000501D 
               calls direct
               XSTACK = 00000000 ( 00000009 )
    -------------------------------------------------------------------------
<BANKED_CODE,CODE_C> 1 (was BANKED_CODE)
  Relative segment, address: CODE 0000504F - 00005053 (0x5 bytes), align: 0
  Segment part 25.            Intra module refs:   GAP_ParamsInit
                                                   gapReadBufSizeCmdStatus
    -------------------------------------------------------------------------
<BANKED_CODE,CODE_C> 1 (was BANKED_CODE)
  Relative segment, address: CODE 00005054 - 00005099 (0x46 bytes), align: 0
  Segment part 30.            Intra module refs:   gapReadBD_ADDRStatus::?relay
           ENTRY                   ADDRESS         REF BY
           =====                   =======         ======
           gapReadBD_ADDRStatus    00005054 
               calls direct
               XSTACK = 00000000 ( 0000000C )
    -------------------------------------------------------------------------
<BANKED_CODE,CODE_C> 1 (was BANKED_CODE)
  Relative segment, address: CODE 0000509A - 0000509E (0x5 bytes), align: 0
  Segment part 32.            Intra module refs:   gapReadBD_ADDRStatus
    -------------------------------------------------------------------------
<BANKED_CODE,CODE_C> 1 (was BANKED_CODE)
  Relative segment, address: CODE 0000509F - 000050E9 (0x4b bytes), align: 0
  Segment part 33.            Intra module refs:   gapReadBufSizeCmdStatus::?relay
           ENTRY                   ADDRESS         REF BY
           =====                   =======         ======
           gapReadBufSizeCmdStatus
                                   0000509F 
               calls direct
               XSTACK = 00000000 ( 00000009 )
    -------------------------------------------------------------------------
<BANKED_CODE,CODE_C> 1 (was BANKED_CODE)
  Relative segment, address: CODE 000050EA - 0000511C (0x33 bytes), align: 0
  Segment part 37.            Intra module refs:   gapAddAddrAdj::?relay
           ENTRY                   ADDRESS         REF BY
           =====                   =======         ======
           gapAddAddrAdj           000050EA 
               XSTACK = 0000000A ( 00000000 )
               ISTACK = 00000000 ( 00000002 )
    -------------------------------------------------------------------------
<BANKED_CODE,CODE_C> 1 (was BANKED_CODE)
  Relative segment, address: CODE 0000511D - 00005123 (0x7 bytes), align: 0
  Segment part 40.            Intra module refs:   GAP_GetParamValue
                                                   GAP_SetParamValue
                                                   gapAddAddrAdj
    -------------------------------------------------------------------------
<BANKED_CODE,CODE_C> 1 (was BANKED_CODE)
  Relative segment, address: CODE 00005124 - 00005129 (0x6 bytes), align: 0
  Segment part 42.            Intra module refs:   GAP_GetParamValue
    -------------------------------------------------------------------------
<BANKED_CODE,CODE_C> 1 (was BANKED_CODE)
  Relative segment, address: CODE 0000512A - 000051C8 (0x9f bytes), align: 0
  Segment part 45.            Intra module refs:   gapProcessRandomAddrComplete::?relay
           ENTRY                   ADDRESS         REF BY
           =====                   =======         ======
           gapProcessRandomAddrComplete
                                   0000512A 
               calls direct
               XSTACK = 00000000 ( 00000010 )
               ISTACK = 00000000 ( 00000001 )
    -------------------------------------------------------------------------
<BANKED_CODE,CODE_C> 1 (was BANKED_CODE)
  Relative segment, address: CODE 000051C9 - 000051CD (0x5 bytes), align: 0
  Segment part 47.            Intra module refs:   gapProcessRandomAddrComplete
                                                   gapSendDeviceInitDoneEvent
    -------------------------------------------------------------------------
<BANKED_CODE,CODE_C> 1 (was BANKED_CODE)
  Relative segment, address: CODE 000051CE - 000051CE (0x1 bytes), align: 0
  Segment part 48.            Intra module refs:   gapProcessRandomAddrComplete
                                                   gapReadBufSizeCmdStatus
    -------------------------------------------------------------------------
<BANKED_CODE,CODE_C> 1 (was BANKED_CODE)
  Relative segment, address: CODE 000051CF - 000051D4 (0x6 bytes), align: 0
  Segment part 49.            Intra module refs:   Segment part 48
                                                   gapProcessRandomAddrComplete
                                                   gapSendDeviceInitDoneEvent
    -------------------------------------------------------------------------
<BANKED_CODE,CODE_C> 1 (was BANKED_CODE)
  Relative segment, address: CODE 000051D5 - 000051DE (0xa bytes), align: 0
  Segment part 50.            Intra module refs:   gapProcessRandomAddrComplete
                                                   gapSendDeviceInitDoneEvent
    -------------------------------------------------------------------------
<BANKED_CODE,CODE_C> 1 (was BANKED_CODE)
  Relative segment, address: CODE 000051DF - 000051E6 (0x8 bytes), align: 0
  Segment part 51.            Intra module refs:   Segment part 50
    -------------------------------------------------------------------------
<BANKED_CODE,CODE_C> 1 (was BANKED_CODE)
  Relative segment, address: CODE 000051E7 - 00005264 (0x7e bytes), align: 0
  Segment part 67.            Intra module refs:   gapSendDeviceInitDoneEvent::?relay
           LOCAL                   ADDRESS         
           =====                   =======         
           gapSendDeviceInitDoneEvent
                                   000051E7 
               calls direct
               XSTACK = 0000000A ( 0000000E )
               ISTACK = 00000000 ( 00000001 )
    -------------------------------------------------------------------------
<BANKED_CODE,CODE_C> 1 (was BANKED_CODE)
  Relative segment, address: CODE 00005265 - 0000526D (0x9 bytes), align: 0
  Segment part 71.            Intra module refs:   gapReadBufSizeCmdStatus
    -------------------------------------------------------------------------
XDATA_ID
  Relative segment, address: CODE 0000018F - 0000018F (0x1 bytes), align: 0
  Segment part 7.             Intra module refs:   gapAppTaskID
    -------------------------------------------------------------------------
XDATA_ID
  Relative segment, address: CODE 00000190 - 000001DD (0x4e bytes), align: 0
  Segment part 14.            Intra module refs:   Segment part 13
    -------------------------------------------------------------------------
<XDATA_ROM_C> 1 (was XDATA_ROM_C)
  Relative segment, address: CONST 00008018 - 0000801B (0x4 bytes), align: 0
  Segment part 16.            Intra module refs:   GAP_MakeDiscoverable (gap_peridevmgr)
                                                   gapProcessRandomAddrComplete
                                                   gapWriteAdvEnableStatus (gap_peridevmgr)
           ENTRY                   ADDRESS         REF BY
           =====                   =======         ======
           __Constant_ea60         00008018 
    -------------------------------------------------------------------------
BANK_RELAYS
  Relative segment, address: CODE 0000024A - 0000024F (0x6 bytes), align: 0
  Segment part 19.
           ENTRY                   ADDRESS         REF BY
           =====                   =======         ======
           GAP_SetParamValue::?relay
                                   0000024A        BAT_MON_Init (BAT_MON)
                                                   GAPRole_SetParameter (broadcaster)
    -------------------------------------------------------------------------
BANK_RELAYS
  Relative segment, address: CODE 00000250 - 00000255 (0x6 bytes), align: 0
  Segment part 21.
           ENTRY                   ADDRESS         REF BY
           =====                   =======         ======
           GAP_GetParamValue::?relay
                                   00000250        GAP_MakeDiscoverable (gap_peridevmgr)
                                                   gapSetAdvParams (gap_peridevmgr)
                                                   gapWriteAdvEnableStatus (gap_peridevmgr)
    -------------------------------------------------------------------------
BANK_RELAYS
  Relative segment, address: CODE 00000256 - 0000025B (0x6 bytes), align: 0
  Segment part 24.
           ENTRY                   ADDRESS         REF BY
           =====                   =======         ======
           GAP_ParamsInit::?relay
                                   00000256        GAP_DeviceInit (gap)
    -------------------------------------------------------------------------
BANK_RELAYS
  Relative segment, address: CODE 0000025C - 00000261 (0x6 bytes), align: 0
  Segment part 31.
           ENTRY                   ADDRESS         REF BY
           =====                   =======         ======
           gapReadBD_ADDRStatus::?relay
                                   0000025C        gapProcessHCICmdCompleteEvt (gap_simpletask)
    -------------------------------------------------------------------------
BANK_RELAYS
  Relative segment, address: CODE 00000262 - 00000267 (0x6 bytes), align: 0
  Segment part 34.
           ENTRY                   ADDRESS         REF BY
           =====                   =======         ======
           gapReadBufSizeCmdStatus::?relay
                                   00000262        gapProcessHCICmdCompleteEvt (gap_simpletask)
    -------------------------------------------------------------------------
BANK_RELAYS
  Relative segment, address: CODE 00000268 - 0000026D (0x6 bytes), align: 0
  Segment part 38.
           ENTRY                   ADDRESS         REF BY
           =====                   =======         ======
           gapAddAddrAdj::?relay   00000268        gapSetAdvParams (gap_peridevmgr)
    -------------------------------------------------------------------------
BANK_RELAYS
  Relative segment, address: CODE 0000026E - 00000273 (0x6 bytes), align: 0
  Segment part 46.
           ENTRY                   ADDRESS         REF BY
           =====                   =======         ======
           gapProcessRandomAddrComplete::?relay
                                   0000026E        gapProcessHCICmdCompleteEvt (gap_simpletask)
    -------------------------------------------------------------------------
BANK_RELAYS
  Relative segment, address: CODE 00000274 - 00000279 (0x6 bytes), align: 0
  Segment part 68.            Intra module refs:   gapReadBD_ADDRStatus
                                                   gapReadBufSizeCmdStatus
           LOCAL                   ADDRESS         
           =====                   =======         
           gapSendDeviceInitDoneEvent::?relay
                                   00000274 
    -------------------------------------------------------------------------
<XDATA_ROM_C_FLASH> 1 (was XDATA_ROM_C_FLASH)
  Relative segment, address: CODE 00008018 - 0000801B (0x4 bytes), align: 0
  Segment part 72.            Intra module refs:   __Constant_ea60

    -------------------------------------------------------------------------
  LIBRARY MODULE, NAME : gap_devmgr

  SEGMENTS IN THE MODULE
  ======================
XDATA_Z
  Relative segment, address: XDATA 000002A5 - 000002A6 (0x2 bytes), align: 0
  Segment part 7.
           ENTRY                   ADDRESS         REF BY
           =====                   =======         ======
           pGapAdvertState         000002A5        GAP_MakeDiscoverable (gap_peridevmgr)
                                                   Segment part 47 (gap_peridevmgr)
                                                   Segment part 49 (gap_peridevmgr)
                                                   Segment part 91 (gap_peridevmgr)
                                                   gapFreeAdvertState (gap_peridevmgr)
                                                   gapSetAdvParams (gap_peridevmgr)
    -------------------------------------------------------------------------
<BANKED_CODE,CODE_C> 1 (was BANKED_CODE)
  Relative segment, address: CODE 0000622C - 00006243 (0x18 bytes), align: 0
  Segment part 15.            Intra module refs:   gapValidADType::?relay
           ENTRY                   ADDRESS         REF BY
           =====                   =======         ======
           gapValidADType          0000622C 
               XSTACK = 00000012 ( 00000000 )
    -------------------------------------------------------------------------
<BANKED_CODE,CODE_C> 1 (was BANKED_CODE)
  Relative segment, address: CODE 00006244 - 000062DC (0x99 bytes), align: 0
  Segment part 17.            Intra module refs:   gapFindADType::?relay
           ENTRY                   ADDRESS         REF BY
           =====                   =======         ======
           gapFindADType           00006244 
               calls direct
               XSTACK = 00000002 ( 00000012 )
               ISTACK = 00000000 ( 00000001 )
    -------------------------------------------------------------------------
BANK_RELAYS
  Relative segment, address: CODE 0000027A - 0000027F (0x6 bytes), align: 0
  Segment part 16.            Intra module refs:   gapFindADType
           ENTRY                   ADDRESS         REF BY
           =====                   =======         ======
           gapValidADType::?relay
                                   0000027A 
    -------------------------------------------------------------------------
BANK_RELAYS
  Relative segment, address: CODE 00000280 - 00000285 (0x6 bytes), align: 0
  Segment part 18.
           ENTRY                   ADDRESS         REF BY
           =====                   =======         ======
           gapFindADType::?relay   00000280        isLimitedDiscoverableMode (gap_peridevmgr)

    -------------------------------------------------------------------------
  LIBRARY MODULE, NAME : gap_peridevmgr

  SEGMENTS IN THE MODULE
  ======================
XDATA_I
  Relative segment, address: XDATA 000004BB - 000004BB (0x1 bytes), align: 0
  Segment part 6.             Intra module refs:   GAP_UpdateAdvertisingData
                                                   gapWriteAdvDataStatus
    -------------------------------------------------------------------------
XDATA_Z
  Relative segment, address: XDATA 000002A7 - 000002A8 (0x2 bytes), align: 0
  Segment part 9.             Intra module refs:   GAP_MakeDiscoverable
                                                   GAP_PeriDevMgrInit
                                                   GAP_UpdateAdvertisingData
                                                   Segment part 35
                                                   Segment part 65
                                                   isLimitedDiscoverableMode
    -------------------------------------------------------------------------
XDATA_Z
  Relative segment, address: XDATA 000002A9 - 000002AA (0x2 bytes), align: 0
  Segment part 10.            Intra module refs:   GAP_PeriDevMgrInit
                                                   GAP_UpdateAdvertisingData
    -------------------------------------------------------------------------
XDATA_Z
  Relative segment, address: XDATA 000002AB - 000002AC (0x2 bytes), align: 0
  Segment part 11.            Intra module refs:   GAP_EndDiscoverable
                                                   gapProcessAdvertisingEvt
                                                   gapWriteAdvEnableStatus
    -------------------------------------------------------------------------
XDATA_I
  Relative segment, address: XDATA 000004BC - 000004C1 (0x6 bytes), align: 0
  Segment part 12.            Intra module refs:   GAP_PeriDevMgrInit
    -------------------------------------------------------------------------
<BANKED_CODE,CODE_C> 1 (was BANKED_CODE)
  Relative segment, address: CODE 0000244B - 0000251D (0xd3 bytes), align: 0
  Segment part 16.            Intra module refs:   GAP_MakeDiscoverable::?relay
           ENTRY                   ADDRESS         REF BY
           =====                   =======         ======
           GAP_MakeDiscoverable    0000244B 
               calls direct
               XSTACK = 00000000 ( 00000010 )
               ISTACK = 00000000 ( 00000001 )
    -------------------------------------------------------------------------
<BANKED_CODE,CODE_C> 1 (was BANKED_CODE)
  Relative segment, address: CODE 0000251E - 000025C6 (0xa9 bytes), align: 0
  Segment part 18.            Intra module refs:   GAP_UpdateAdvertisingData::?relay
           ENTRY                   ADDRESS         REF BY
           =====                   =======         ======
           GAP_UpdateAdvertisingData
                                   0000251E 
               calls direct
               XSTACK = 00000000 ( 00000014 )
               ISTACK = 00000000 ( 00000001 )
    -------------------------------------------------------------------------
<BANKED_CODE,CODE_C> 1 (was BANKED_CODE)
  Relative segment, address: CODE 000025C7 - 00002612 (0x4c bytes), align: 0
  Segment part 20.            Intra module refs:   GAP_EndDiscoverable::?relay
           ENTRY                   ADDRESS         REF BY
           =====                   =======         ======
           GAP_EndDiscoverable     000025C7 
               calls direct
               XSTACK = 0000000C ( 00000009 )
    -------------------------------------------------------------------------
<BANKED_CODE,CODE_C> 1 (was BANKED_CODE)
  Relative segment, address: CODE 00002613 - 00002619 (0x7 bytes), align: 0
  Segment part 31.            Intra module refs:   gapFreeAdvertState
    -------------------------------------------------------------------------
<BANKED_CODE,CODE_C> 1 (was BANKED_CODE)
  Relative segment, address: CODE 0000261A - 000026BB (0xa2 bytes), align: 0
  Segment part 32.            Intra module refs:   GAP_PeriDevMgrInit::?relay
           ENTRY                   ADDRESS         REF BY
           =====                   =======         ======
           GAP_PeriDevMgrInit      0000261A 
               calls direct
               XSTACK = 00000000 ( 00000009 )
    -------------------------------------------------------------------------
<BANKED_CODE,CODE_C> 1 (was BANKED_CODE)
  Relative segment, address: CODE 000026BC - 000026C0 (0x5 bytes), align: 0
  Segment part 34.            Intra module refs:   GAP_EndDiscoverable
                                                   GAP_PeriDevMgrInit
                                                   gapSetAdvParamsStatus
    -------------------------------------------------------------------------
<BANKED_CODE,CODE_C> 1 (was BANKED_CODE)
  Relative segment, address: CODE 000026C1 - 000026C3 (0x3 bytes), align: 0
  Segment part 35.            Intra module refs:   GAP_PeriDevMgrInit
    -------------------------------------------------------------------------
<BANKED_CODE,CODE_C> 1 (was BANKED_CODE)
  Relative segment, address: CODE 000026C4 - 000026C9 (0x6 bytes), align: 0
  Segment part 36.            Intra module refs:   GAP_MakeDiscoverable
                                                   GAP_PeriDevMgrInit
                                                   Segment part 35
    -------------------------------------------------------------------------
<BANKED_CODE,CODE_C> 1 (was BANKED_CODE)
  Relative segment, address: CODE 000026CA - 00002755 (0x8c bytes), align: 0
  Segment part 37.            Intra module refs:   gapPeriProcessHCICmdCompleteEvt::?relay
           LOCAL                   ADDRESS         
           =====                   =======         
           gapPeriProcessHCICmdCompleteEvt
                                   000026CA 
               calls direct, is indirectly called
               XSTACK = 00000000 ( 0000000A )
    -------------------------------------------------------------------------
<BANKED_CODE,CODE_C> 1 (was BANKED_CODE)
  Relative segment, address: CODE 00002756 - 00002834 (0xdf bytes), align: 0
  Segment part 39.            Intra module refs:   gapSetAdvParams::?relay
           ENTRY                   ADDRESS         REF BY
           =====                   =======         ======
           gapSetAdvParams         00002756 
               calls direct, is indirectly called
               XSTACK = 0000000C ( 00000014 )
    -------------------------------------------------------------------------
<BANKED_CODE,CODE_C> 1 (was BANKED_CODE)
  Relative segment, address: CODE 00002835 - 00002841 (0xd bytes), align: 0
  Segment part 41.            Intra module refs:   gapSetAdvParams
    -------------------------------------------------------------------------
<BANKED_CODE,CODE_C> 1 (was BANKED_CODE)
  Relative segment, address: CODE 00002842 - 00002870 (0x2f bytes), align: 0
  Segment part 42.            Intra module refs:   gapSetAdvParamsStatus::?relay
           ENTRY                   ADDRESS         REF BY
           =====                   =======         ======
           gapSetAdvParamsStatus   00002842 
               calls direct
               XSTACK = 0000000A ( 00000009 )
    -------------------------------------------------------------------------
<BANKED_CODE,CODE_C> 1 (was BANKED_CODE)
  Relative segment, address: CODE 00002871 - 00002964 (0xf4 bytes), align: 0
  Segment part 44.            Intra module refs:   gapWriteAdvEnableStatus::?relay
           ENTRY                   ADDRESS         REF BY
           =====                   =======         ======
           gapWriteAdvEnableStatus
                                   00002871 
               calls direct
               XSTACK = 0000000A ( 00000018 )
               ISTACK = 00000000 ( 00000001 )
    -------------------------------------------------------------------------
<BANKED_CODE,CODE_C> 1 (was BANKED_CODE)
  Relative segment, address: CODE 00002965 - 00002965 (0x1 bytes), align: 0
  Segment part 46.            Intra module refs:   GAP_EndDiscoverable
                                                   GAP_MakeDiscoverable
    -------------------------------------------------------------------------
<BANKED_CODE,CODE_C> 1 (was BANKED_CODE)
  Relative segment, address: CODE 00002966 - 0000296B (0x6 bytes), align: 0
  Segment part 47.            Intra module refs:   Segment part 46
                                                   gapSetAdvParams
                                                   gapWriteAdvEnableStatus
    -------------------------------------------------------------------------
<BANKED_CODE,CODE_C> 1 (was BANKED_CODE)
  Relative segment, address: CODE 0000296C - 00002970 (0x5 bytes), align: 0
  Segment part 48.            Intra module refs:   Segment part 47
                                                   gapSetAdvParams
                                                   gapSetAdvParamsStatus
                                                   gapWriteAdvEnableStatus
    -------------------------------------------------------------------------
<BANKED_CODE,CODE_C> 1 (was BANKED_CODE)
  Relative segment, address: CODE 00002971 - 00002974 (0x4 bytes), align: 0
  Segment part 49.            Intra module refs:   gapSendMakeDiscEvent
                                                   gapWriteAdvEnableStatus
    -------------------------------------------------------------------------
<BANKED_CODE,CODE_C> 1 (was BANKED_CODE)
  Relative segment, address: CODE 00002975 - 0000297D (0x9 bytes), align: 0
  Segment part 50.            Intra module refs:   Segment part 49
                                                   gapPeriProcessHCICmdCompleteEvt
    -------------------------------------------------------------------------
<BANKED_CODE,CODE_C> 1 (was BANKED_CODE)
  Relative segment, address: CODE 0000297E - 00002983 (0x6 bytes), align: 0
  Segment part 51.            Intra module refs:   GAP_MakeDiscoverable
                                                   Segment part 48
                                                   Segment part 50
                                                   Segment part 88
    -------------------------------------------------------------------------
<BANKED_CODE,CODE_C> 1 (was BANKED_CODE)
  Relative segment, address: CODE 00002984 - 000029BE (0x3b bytes), align: 0
  Segment part 52.            Intra module refs:   gapWriteAdvDataStatus::?relay
           ENTRY                   ADDRESS         REF BY
           =====                   =======         ======
           gapWriteAdvDataStatus   00002984 
               calls direct
               XSTACK = 0000000A ( 0000000A )
               ISTACK = 00000000 ( 00000001 )
    -------------------------------------------------------------------------
<BANKED_CODE,CODE_C> 1 (was BANKED_CODE)
  Relative segment, address: CODE 000029BF - 000029C3 (0x5 bytes), align: 0
  Segment part 54.            Intra module refs:   gapPeriProcessHCICmdCompleteEvt
                                                   gapWriteAdvDataStatus
                                                   isLimitedDiscoverableMode
    -------------------------------------------------------------------------
<BANKED_CODE,CODE_C> 1 (was BANKED_CODE)
  Relative segment, address: CODE 000029C4 - 000029CB (0x8 bytes), align: 0
  Segment part 55.            Intra module refs:   gapSendMakeDiscEvent
                                                   gapWriteAdvDataStatus
                                                   gapWriteAdvEnableStatus
    -------------------------------------------------------------------------
<BANKED_CODE,CODE_C> 1 (was BANKED_CODE)
  Relative segment, address: CODE 000029CC - 00002A8C (0xc1 bytes), align: 0
  Segment part 56.            Intra module refs:   gapProcessAdvertisingEvt::?relay
           LOCAL                   ADDRESS         
           =====                   =======         
           gapProcessAdvertisingEvt
                                   000029CC 
               calls direct, is indirectly called
               XSTACK = 00000000 ( 00000010 )
    -------------------------------------------------------------------------
<BANKED_CODE,CODE_C> 1 (was BANKED_CODE)
  Relative segment, address: CODE 00002A8D - 00002A91 (0x5 bytes), align: 0
  Segment part 60.            Intra module refs:   GAP_MakeDiscoverable
                                                   gapProcessAdvertisingEvt
                                                   gapSendMakeDiscEvent
    -------------------------------------------------------------------------
<BANKED_CODE,CODE_C> 1 (was BANKED_CODE)
  Relative segment, address: CODE 00002A92 - 00002A94 (0x3 bytes), align: 0
  Segment part 65.            Intra module refs:   GAP_PeriDevMgrInit
    -------------------------------------------------------------------------
<BANKED_CODE,CODE_C> 1 (was BANKED_CODE)
  Relative segment, address: CODE 00002A95 - 00002A9A (0x6 bytes), align: 0
  Segment part 66.            Intra module refs:   GAP_PeriDevMgrInit
                                                   Segment part 65
                                                   gapFreeAdvertState
    -------------------------------------------------------------------------
<BANKED_CODE,CODE_C> 1 (was BANKED_CODE)
  Relative segment, address: CODE 00002A9B - 00002AA0 (0x6 bytes), align: 0
  Segment part 72.            Intra module refs:   Segment part 92
                                                   gapPeriProcessHCICmdCompleteEvt
    -------------------------------------------------------------------------
<BANKED_CODE,CODE_C> 1 (was BANKED_CODE)
  Relative segment, address: CODE 00002AA1 - 00002ADC (0x3c bytes), align: 0
  Segment part 80.            Intra module refs:   gapSendMakeDiscEvent::?relay
           LOCAL                   ADDRESS         
           =====                   =======         
           gapSendMakeDiscEvent    00002AA1 
               calls direct
               XSTACK = 00000014 ( 0000000C )
               ISTACK = 00000000 ( 00000001 )
    -------------------------------------------------------------------------
<BANKED_CODE,CODE_C> 1 (was BANKED_CODE)
  Relative segment, address: CODE 00002ADD - 00002AF8 (0x1c bytes), align: 0
  Segment part 82.            Intra module refs:   gapFreeAdvertState::?relay
           LOCAL                   ADDRESS         
           =====                   =======         
           gapFreeAdvertState      00002ADD 
               calls direct
               XSTACK = 00000014 ( 00000000 )
               ISTACK = 00000000 ( 00000002 )
    -------------------------------------------------------------------------
<BANKED_CODE,CODE_C> 1 (was BANKED_CODE)
  Relative segment, address: CODE 00002AF9 - 00002B54 (0x5c bytes), align: 0
  Segment part 84.            Intra module refs:   isLimitedDiscoverableMode::?relay
           LOCAL                   ADDRESS         
           =====                   =======         
           isLimitedDiscoverableMode
                                   00002AF9 
               calls direct
               XSTACK = 00000014 ( 0000000D )
    -------------------------------------------------------------------------
<BANKED_CODE,CODE_C> 1 (was BANKED_CODE)
  Relative segment, address: CODE 00002B55 - 00002B56 (0x2 bytes), align: 0
  Segment part 86.            Intra module refs:   gapPeriProcessHCICmdCompleteEvt
    -------------------------------------------------------------------------
<BANKED_CODE,CODE_C> 1 (was BANKED_CODE)
  Relative segment, address: CODE 00002B57 - 00002B59 (0x3 bytes), align: 0
  Segment part 87.            Intra module refs:   Segment part 86
                                                   isLimitedDiscoverableMode
    -------------------------------------------------------------------------
<BANKED_CODE,CODE_C> 1 (was BANKED_CODE)
  Relative segment, address: CODE 00002B5A - 00002B5E (0x5 bytes), align: 0
  Segment part 88.            Intra module refs:   GAP_EndDiscoverable
                                                   GAP_MakeDiscoverable
                                                   Segment part 87
                                                   gapProcessAdvertisingEvt
    -------------------------------------------------------------------------
<BANKED_CODE,CODE_C> 1 (was BANKED_CODE)
  Relative segment, address: CODE 00002B5F - 00002B60 (0x2 bytes), align: 0
  Segment part 89.            Intra module refs:   GAP_MakeDiscoverable
                                                   gapSendMakeDiscEvent
    -------------------------------------------------------------------------
<BANKED_CODE,CODE_C> 1 (was BANKED_CODE)
  Relative segment, address: CODE 00002B61 - 00002B64 (0x4 bytes), align: 0
  Segment part 90.            Intra module refs:   Segment part 89
                                                   gapWriteAdvEnableStatus
[...]
RCODE
  Relative segment, address: CODE 00000C51 - 00000C79 (0x29 bytes), align: 0
  Segment part 5.             Intra module refs:   ?PUSH_XSTACK8_X_FOUR
                                                   ?PUSH_XSTACK8_X_TWO
           ENTRY                   ADDRESS         REF BY
           =====                   =======         ======
           ?PUSH_XSTACK8_X         00000C51 

    -------------------------------------------------------------------------
  LIBRARY MODULE, NAME : ?US_SWITCH_DENSE

  SEGMENTS IN THE MODULE
  ======================
RCODE
  Relative segment, address: CODE 00000C7A - 00000C80 (0x7 bytes), align: 0
  Segment part 0.
           ENTRY                   ADDRESS         REF BY
           =====                   =======         ======
           ?US_SWITCH_DENSE        00000C7A        GAPRole_SetParameter (broadcaster)
                                                   gapPeriProcessHCICmdCompleteEvt (gap_peridevmgr)
           ?US_SWITCH_DENSE_CFI_INVALID_BEGINS
                                   00000C7A 
    -------------------------------------------------------------------------
RCODE
  Relative segment, address: CODE 00000C81 - 00000CBE (0x3e bytes), align: 0
  Segment part 2.             Intra module refs:   Segment part 0
    -------------------------------------------------------------------------
RCODE
  Relative segment, address: CODE 00000CBF - 00000CBF (0x1 bytes), align: 0
  Segment part 4.             Intra module refs:   Segment part 0
           ENTRY                   ADDRESS         REF BY
           =====                   =======         ======
           ?US_SWITCH_DENSE_CFI_INVALID_ENDS
                                   00000CC0 

    -------------------------------------------------------------------------
  LIBRARY MODULE, NAME : ?US_SWITCH_SPARSE

  SEGMENTS IN THE MODULE
  ======================
RCODE
  Relative segment, address: CODE 00000CC0 - 00000CC9 (0xa bytes), align: 0
  Segment part 0.
           ENTRY                   ADDRESS         REF BY
           =====                   =======         ======
           ?US_SWITCH_SPARSE       00000CC0        gapProcessHCICmdCompleteEvt (gap_simpletask)
           ?US_SWITCH_SPARSE_CFI_INVALID_BEGINS
                                   00000CC0 
    -------------------------------------------------------------------------
RCODE
  Relative segment, address: CODE 00000CCA - 00000D0A (0x41 bytes), align: 0
  Segment part 2.             Intra module refs:   Segment part 0
           ENTRY                   ADDRESS         REF BY
           =====                   =======         ======
           ?US_SWITCH_SPARSE_LEAVE
                                   00000CFC        Segment part 0 (?US_JMP_IF_IN_RANGE)
                                                   Segment part 0 (?US_JMP_IF_VALUE)
    -------------------------------------------------------------------------
RCODE
  Relative segment, address: CODE 00000D0B - 00000D0B (0x1 bytes), align: 0
  Segment part 4.             Intra module refs:   Segment part 0
           ENTRY                   ADDRESS         REF BY
           =====                   =======         ======
           ?US_SWITCH_SPARSE_CFI_INVALID_ENDS
                                   00000D0C 

    -------------------------------------------------------------------------
  LIBRARY MODULE, NAME : ?US_JMP_IF_IN_RANGE

  SEGMENTS IN THE MODULE
  ======================
RCODE
  Relative segment, address: CODE 00000D0C - 00000D4A (0x3f bytes), align: 0
  Segment part 0.
           ENTRY                   ADDRESS         REF BY
           =====                   =======         ======
           ?US_JMP_IF_IN_RANGE     00000D0C        ?US_SWITCH_SPARSE_LEAVE (?US_SWITCH_SPARSE)
           ?US_JMP_IF_IN_RANGE_CFI_INVALID_BEGINS
                                   00000D0C 
           ?US_JMP_IF_IN_RANGE_CFI_INVALID_ENDS
                                   00000D4B 

    -------------------------------------------------------------------------
  LIBRARY MODULE, NAME : ?US_JMP_IF_VALUE

  SEGMENTS IN THE MODULE
  ======================
RCODE
  Relative segment, address: CODE 00000D4B - 00000D75 (0x2b bytes), align: 0
  Segment part 0.
           ENTRY                   ADDRESS         REF BY
           =====                   =======         ======
           ?US_JMP_IF_VALUE        00000D4B        ?US_SWITCH_SPARSE_LEAVE (?US_SWITCH_SPARSE)
           ?US_JMP_IF_VALUE_CFI_INVALID_BEGINS
                                   00000D4B 
           ?US_JMP_IF_VALUE_CFI_INVALID_ENDS
                                   00000D76 

    -------------------------------------------------------------------------
  LIBRARY MODULE, NAME : ?memset

  SEGMENTS IN THE MODULE
  ======================
<BANKED_CODE,CODE_C> 1 (was BANKED_CODE)
  Relative segment, address: CODE 000065CE - 000065F9 (0x2c bytes), align: 0
  Segment part 6.             Intra module refs:   memset::?relay
           ENTRY                   ADDRESS         REF BY
           =====                   =======         ======
           memset                  000065CE 
               XSTACK = 00000002 ( 00000000 )
               ISTACK = 00000000 ( 00000002 )
    -------------------------------------------------------------------------
BANK_RELAYS
  Relative segment, address: CODE 000006A0 - 000006A5 (0x6 bytes), align: 0
  Segment part 7.
           ENTRY                   ADDRESS         REF BY
           =====                   =======         ======
           memset::?relay          000006A0        osal_memset (OSAL)

    -------------------------------------------------------------------------
  LIBRARY MODULE, NAME : ?rand

  SEGMENTS IN THE MODULE
  ======================
XDATA_I
  Relative segment, address: XDATA 00000503 - 00000506 (0x4 bytes), align: 0
  Segment part 6.             Intra module refs:   rand
           ENTRY                   ADDRESS         REF BY
           =====                   =======         ======
           __next_rand             00000503        srand (?srand)
    -------------------------------------------------------------------------
XDATA_I
  Relative segment, address: XDATA 00000507 - 0000050A (0x4 bytes), align: 0
  Segment part 8.             Intra module refs:   rand
           ENTRY                   ADDRESS         REF BY
           =====                   =======         ======
           __Constant_41c64e6d     00000507 
    -------------------------------------------------------------------------
XDATA_I
  Relative segment, address: XDATA 0000050B - 0000050E (0x4 bytes), align: 0
  Segment part 10.            Intra module refs:   rand
           ENTRY                   ADDRESS         REF BY
           =====                   =======         ======
           __Constant_3039         0000050B 
    -------------------------------------------------------------------------
<BANKED_CODE,CODE_C> 1 (was BANKED_CODE)
  Relative segment, address: CODE 00006546 - 0000658C (0x47 bytes), align: 0
  Segment part 12.            Intra module refs:   rand::?relay
           ENTRY                   ADDRESS         REF BY
           =====                   =======         ======
           rand                    00006546 
               XSTACK = 00000000 ( 00000010 )
    -------------------------------------------------------------------------
XDATA_ID
  Relative segment, address: CODE 00000226 - 00000229 (0x4 bytes), align: 0
  Segment part 7.             Intra module refs:   __next_rand
    -------------------------------------------------------------------------
XDATA_ID
  Relative segment, address: CODE 0000022A - 0000022D (0x4 bytes), align: 0
  Segment part 9.             Intra module refs:   __Constant_41c64e6d
    -------------------------------------------------------------------------
XDATA_ID
  Relative segment, address: CODE 0000022E - 00000231 (0x4 bytes), align: 0
  Segment part 11.            Intra module refs:   __Constant_3039
    -------------------------------------------------------------------------
BANK_RELAYS
  Relative segment, address: CODE 000006A6 - 000006AB (0x6 bytes), align: 0
  Segment part 13.
           ENTRY                   ADDRESS         REF BY
           =====                   =======         ======
           rand::?relay            000006A6        BAT_MON_Init (BAT_MON)

    -------------------------------------------------------------------------
  LIBRARY MODULE, NAME : ?srand

  SEGMENTS IN THE MODULE
  ======================
<BANKED_CODE,CODE_C> 1 (was BANKED_CODE)
  Relative segment, address: CODE 0000661C - 00006633 (0x18 bytes), align: 0
  Segment part 6.             Intra module refs:   srand::?relay
           ENTRY                   ADDRESS         REF BY
           =====                   =======         ======
           srand                   0000661C 
               ISTACK = 00000000 ( 00000002 )
    -------------------------------------------------------------------------
BANK_RELAYS
  Relative segment, address: CODE 000006AC - 000006B1 (0x6 bytes), align: 0
  Segment part 7.
           ENTRY                   ADDRESS         REF BY
           =====                   =======         ======
           srand::?relay           000006AC        BAT_MON_Init (BAT_MON)




                ****************************************
                *                                      *
                *            MODULE SUMMARY            *
                *                                      *
                ****************************************

Module                     CODE      DATA      XDATA  IDATA    BIT  CONST
------                     ----      ----      -----  -----    ---  -----
                          (Rel)  (Rel)  (Abs)  (Rel)  (Rel)  (Rel)  (Rel)
?ADD_XSTACK_DISP8            27
?ALLOC_XSTACK8               22
?BANKED_CODE_SUPPORT         30
?BANKED_ENTER_XDATA         108
?BANKED_LEAVE_XDATA          70
?CALL_IND                     2
?DEALLOC_XSTACK8             27
?FUNC_ENTER_XDATA           102
?FUNC_LEAVE_XDATA            64
?INTERRUPT_ENTER_XSP         95
?INTERRUPT_LEAVE_XSP         88
?L_ADD                       19
?L_ADD_TO_X                  19
?L_ADD_X                     19
?L_AND                       19
?L_AND_X                     19
?L_EQ_X                      21
?L_MOV_TO_X                  15
?L_MOV_X                     15
?L_MUL                      128
?L_SHL                       31
?L_SUB                       20
?L_SUB_FROM_X                20
?MOVE_LONG8_XDATA_IDATA      13
?MOVE_LONG8_XDATA_XDATA      33
?PUSH_XSTACK8_X              49
?PUSH_XSTACK_I               23
?SS_SHR                      16
?S_DIV_MOD                   89
?S_SHL                       19
?UL_DIV_MOD                 111
?UL_GE_X                     31
?UL_GT                       16
?UL_GT_X                     16
?UL_SHR                      25
?US_JMP_IF_IN_RANGE          63
?US_JMP_IF_VALUE             43
?US_SHR                      15
?US_SWITCH_DENSE             70
?US_SWITCH_SPARSE            76
?XLOAD_R0123                 12
?XLOAD_R2345                 12
?XSTACK_DISP8                10
?XSTACK_DISP8_RP             16
?XSTORE_R0123                12
?XSTORE_R2345                12
?cexit                        5
?cmain                      132
?memset                      50
?rand                        89                   12
?srand                       30
BAT_MON                     880                   77
  + shared                                  8                           4
BAT_MON_Main                 16
CSTARTUP                     18
  + common                    3
OSAL                      1 282                    3
OSAL_BAT_MON                 84                    2                   13
OSAL_ClockBLE               256                   10
OSAL_Memory                 535                2 051
OSAL_PwrMgr                 176                    7
OSAL_Timers               1 141                    6
OnBoard                       6
VIRTUAL_REGISTERS                   10                           8
broadcaster               1 169                   88
gap                          40
gap_configmgr               810                  106
  + shared                                                              4
gap_devmgr                  189                    2
gap_peridevmgr            1 912                   13
gap_simpletask              539                    6
hal_adc                     171                    1
hal_aes
  + shared                                  3
hal_dma                                     4     40
hal_drivers                  12                    1
hal_flash                   278
  + shared                                  1
hal_key                     304             5                           4
  + shared                  110             8
  + common
hal_lcd                                     6
  + shared                                  3
hal_led                      18
hal_sleep                   655      1      2      2                   24
  + shared                   46             3
  + common
hal_startup                  11
hci                         693                    2
hci_event                   770                    9
hci_tl                      171                    6
ll                        2 246             4    162      2
  + shared                                  2
ll_advEndCauses             879
ll_common                 1 979            10                          12
  + shared                                  1
ll_constData                  8
ll_enc                      315             3
ll_errorEndCauses             9
ll_halt                       7      2
ll_isr                      668
  + shared                  134            10
  + common
ll_scheduler              1 291                   29
ll_sleep                    806
ll_timer2                 1 179             8
osal_bufmgr                 153                    2
osal_cbtimer                269                   62
osal_snv                  5 538                    4                    4
  + shared                                                              4
phy                         681                    1
N/A (command line)                  16           640    192
N/A (alignment)
----------               ------     --     --  -----    ---      -     --
Total:                   30 232     29     81  3 344    194      8     69
  + common                  134


                ****************************************
                *                                      *
                *      SEGMENTS IN ADDRESS ORDER       *
                *                                      *
                ****************************************


SEGMENT              SPACE    START ADDRESS   END ADDRESS     SIZE  TYPE  ALIGN
=======              =====    =============   ===========     ====  ====  =====
INTVEC               CODE          00000000 - 00000085          86   com    0
CSTART               CODE          00000086 - 00000149          C4   rel    0
BDATA_ID             CODE               0000014A                     dse    0
BIT_ID               CODE               0000014A                     dse    0
DATA_ID              CODE          0000014A - 0000014A           1   rel    0
PDATA_ID             CODE               0000014B                     dse    0
IDATA_ID             CODE               0000014B                     dse    0
IXDATA_ID            CODE               0000014B                     dse    0
XDATA_ID             CODE          0000014B - 00000231          E7   rel    0
BANK_RELAYS          CODE          00000232 - 000006B1         480   rel    0
RCODE                CODE          000006B2 - 00000D75         6C4   rel    0
DIFUNCT              CODE               00000D76                     dse    0
CODE_N               CODE               00000D76                     dse    0
NEAR_CODE            CODE          00000D78 - 0000145F         6E8   rel    2
<BANKED_CODE,CODE_C> 1
                     CODE          00001460 - 00006652        51F3   rel    2
SLEEP_CODE           CODE          00007FF8 - 00007FFF           8   rel    0
<XDATA_ROM_C_FLASH> 1
                     CODE          00008000 - 00008044          45   rel    0
BLENV_ADDRESS_SPACE
                     CODE          0003E800 - 0003F7FF        1000   rel    0
REGISTERS            DATA          00000000 - 00000007           8   rel    0
VREG                 DATA          00000008 - 00000017          10   rel    0
PSP                  DATA               00000018                     dse    0
XSP                  DATA          00000018 - 00000019           2   rel    0
DATA_I               DATA          0000001A - 0000001A           1   rel    0
DATA_Z               DATA          0000001B - 0000001C           2   rel    0
BREG                 BIT        00000020.0  -  00000020.7        8   rel    0
SFR_AN               DATA          00000080 - 00000080           1   rel    0
                     DATA          00000087 - 00000089           3 
                     DATA          0000008B - 0000008D           3 
                     DATA          00000090 - 00000091           2 
                     DATA          00000094 - 00000097           4 
                     DATA          0000009A - 0000009C           3 
                     DATA          0000009E - 000000A9           C 
                     DATA          000000AB - 000000AF           5 
                     DATA          000000B3 - 000000B4           2 
                     DATA          000000B6 - 000000B6           1 
                     DATA          000000B8 - 000000C0           9 
                     DATA          000000C3 - 000000C3           1 
                     DATA          000000C6 - 000000C7           2 
                     DATA          000000C9 - 000000C9           1 
                     DATA          000000D1 - 000000D7           7 
                     DATA          000000D9 - 000000DB           3 
                     DATA          000000E1 - 000000E5           5 
                     DATA          000000E8 - 000000E9           2 
                     DATA          000000F1 - 000000F2           2 
                     DATA          000000F2 - 000000F5           4 
                     DATA          000000F7 - 000000FF           9 
XSTACK               XDATA         00000001 - 00000280         280   rel    0
XDATA_Z              XDATA         00000281 - 00000427         1A7   rel    0
XDATA_I              XDATA         00000428 - 0000050E          E7   rel    0
<XDATA_N> 1          XDATA         0000050F - 00000D10         802   rel    0
<XDATA_ROM_C> 1      CONST         00008000 - 00008044          45   rel    0
IDATA_I              IDATA              0000001D                     dse    0
IDATA_Z              IDATA         0000001D - 0000001E           2   rel    0
ISTACK               IDATA         00000040 - 000000FF          C0   rel    0

                ****************************************
                *                                      *
                *        END OF CROSS REFERENCE        *
                *                                      *
                ****************************************

 30 366 bytes of CODE  memory
     29 bytes of DATA  memory (+ 81 absolute )
  3 344 bytes of XDATA memory
    194 bytes of IDATA memory
      8 bits  of BIT   memory
     69 bytes of CONST memory

Errors: none
Warnings: 1

