Warning[w6]: Type conflict for external/entry "osal_pwrmgr_powerconserve", in module OSAL against external/entry in module OSAL_PwrMgr; prototyped function vs K&R function
  /* In module OSAL: */
  /* K&R Function, args 0, attr 0 */
  int (__xdata_reentrant osal_pwrmgr_powerconserve)();
  /* In module OSAL_PwrMgr: */
  /* Function, args 0, attr 0 */
  void (__xdata_reentrant osal_pwrmgr_powerconserve)(void);
Warning[w6]: Type conflict for external/entry "strlen", in module TPMS_OBD against external/entry in module ?strlen; prototyped function vs K&R function
  /* In module TPMS_OBD: */
  /* K&R Function, args 0, attr 0 */
  int (__xdata_reentrant strlen)();
  /* In module ?strlen: */
  /* Function, args 1, attr 0 */
  size_t (__xdata_reentrant strlen)(char const *);
    typedef unsigned int size_t;
################################################################################
#                                                                              #
#      IAR Universal Linker V5.7.0.39                                          #
#                                                                              #
#           Link time     =  27/Nov/2022  11:16:29                             #
#           Target CPU    =  x51                                               #
#           List file     =  "C:\Users\MON\Desktop\IAR_TPMS\IAR Systems\SDK\BL #
#                            E-CC254x-1.4.0\Projects\ble\TPMS_OBD\CC2540DB\CC2 #
#                            540EM\List\TPMS_OBD.map"                          #
#           Output file 1 =  "C:\Users\MON\Desktop\IAR_TPMS\IAR Systems\SDK\BL #
#                            E-CC254x-1.4.0\Projects\ble\TPMS_OBD\cc2540.hex"  #
#                            Format: intel-extended                            #
#           Output file 2 =  "C:\Users\MON\Desktop\IAR_TPMS\IAR Systems\SDK\BL #
#                            E-CC254x-1.4.0\Projects\ble\TPMS_OBD\CC2540DB\CC2 #
#                            540EM\Exe\TPMS_OBD.d51"                           #
#                            Format: debug                                     #
#                            UBROF version 10.0.6                              #
#                            Using library modules for C-SPY (-rt)             #
#           Command line  =  "-IC:\Users\MON\Desktop\IAR_TPMS\IAR Systems\Embe #
#                            dded Workbench 6.5\8051\CONFIG\"                  #
#                            -D_NR_OF_BANKS=0x07 -D_CODEBANK_END=0xFFFF        #
#                            -D_CODEBANK_START=0x8000 -D?CBANK_MASK=0xFF       #
#                            -D?CBANK=0x9F                                     #
#                            "C:\Users\MON\Desktop\IAR_TPMS\IAR Systems\SDK\BL #
#                            E-CC254x-1.4.0\Projects\ble\Libraries\CC2540DB\bi #
#                            n\CC2540_BLE_observ.lib"                          #
#                            "C:\Users\MON\Desktop\IAR_TPMS\IAR Systems\SDK\BL #
#                            E-CC254x-1.4.0\Projects\ble\Libraries\Common\bin\ #
#                            CC254x_BLE_HCI_TL_None.lib"                       #
#                            "C:\Users\MON\Desktop\IAR_TPMS\IAR Systems\SDK\BL #
#                            E-CC254x-1.4.0\Projects\ble\TPMS_OBD\CC2540DB\CC2 #
#                            540EM\Obj\OSAL.r51"                               #
#                            "C:\Users\MON\Desktop\IAR_TPMS\IAR Systems\SDK\BL #
#                            E-CC254x-1.4.0\Projects\ble\TPMS_OBD\CC2540DB\CC2 #
#                            540EM\Obj\OSAL_ClockBLE.r51"                      #
#                            "C:\Users\MON\Desktop\IAR_TPMS\IAR Systems\SDK\BL #
#                            E-CC254x-1.4.0\Projects\ble\TPMS_OBD\CC2540DB\CC2 #
#                            540EM\Obj\OSAL_Memory.r51"                        #
#                            "C:\Users\MON\Desktop\IAR_TPMS\IAR Systems\SDK\BL #
#                            E-CC254x-1.4.0\Projects\ble\TPMS_OBD\CC2540DB\CC2 #
#                            540EM\Obj\OSAL_PwrMgr.r51"                        #
#                            "C:\Users\MON\Desktop\IAR_TPMS\IAR Systems\SDK\BL #
#                            E-CC254x-1.4.0\Projects\ble\TPMS_OBD\CC2540DB\CC2 #
#                            540EM\Obj\OSAL_TPMS_OBD.r51"                      #
#                            "C:\Users\MON\Desktop\IAR_TPMS\IAR Systems\SDK\BL #
#                            E-CC254x-1.4.0\Projects\ble\TPMS_OBD\CC2540DB\CC2 #
#                            540EM\Obj\OSAL_Timers.r51"                        #
#                            "C:\Users\MON\Desktop\IAR_TPMS\IAR Systems\SDK\BL #
#                            E-CC254x-1.4.0\Projects\ble\TPMS_OBD\CC2540DB\CC2 #
#                            540EM\Obj\OnBoard.r51"                            #
#                            "C:\Users\MON\Desktop\IAR_TPMS\IAR Systems\SDK\BL #
#                            E-CC254x-1.4.0\Projects\ble\TPMS_OBD\CC2540DB\CC2 #
#                            540EM\Obj\TPMS_OBD.r51"                           #
#                            "C:\Users\MON\Desktop\IAR_TPMS\IAR Systems\SDK\BL #
#                            E-CC254x-1.4.0\Projects\ble\TPMS_OBD\CC2540DB\CC2 #
#                            540EM\Obj\TPMS_OBD_Main.r51"                      #
#                            "C:\Users\MON\Desktop\IAR_TPMS\IAR Systems\SDK\BL #
#                            E-CC254x-1.4.0\Projects\ble\TPMS_OBD\CC2540DB\CC2 #
#                            540EM\Obj\gap.r51"                                #
#                            "C:\Users\MON\Desktop\IAR_TPMS\IAR Systems\SDK\BL #
#                            E-CC254x-1.4.0\Projects\ble\TPMS_OBD\CC2540DB\CC2 #
#                            540EM\Obj\hal_adc.r51"                            #
#                            "C:\Users\MON\Desktop\IAR_TPMS\IAR Systems\SDK\BL #
#                            E-CC254x-1.4.0\Projects\ble\TPMS_OBD\CC2540DB\CC2 #
#                            540EM\Obj\hal_aes.r51"                            #
#                            "C:\Users\MON\Desktop\IAR_TPMS\IAR Systems\SDK\BL #
#                            E-CC254x-1.4.0\Projects\ble\TPMS_OBD\CC2540DB\CC2 #
#                            540EM\Obj\hal_dma.r51"                            #
#                            "C:\Users\MON\Desktop\IAR_TPMS\IAR Systems\SDK\BL #
#                            E-CC254x-1.4.0\Projects\ble\TPMS_OBD\CC2540DB\CC2 #
#                            540EM\Obj\hal_drivers.r51"                        #
#                            "C:\Users\MON\Desktop\IAR_TPMS\IAR Systems\SDK\BL #
#                            E-CC254x-1.4.0\Projects\ble\TPMS_OBD\CC2540DB\CC2 #
#                            540EM\Obj\hal_flash.r51"                          #
#                            "C:\Users\MON\Desktop\IAR_TPMS\IAR Systems\SDK\BL #
#                            E-CC254x-1.4.0\Projects\ble\TPMS_OBD\CC2540DB\CC2 #
#                            540EM\Obj\hal_key.r51"                            #
#                            "C:\Users\MON\Desktop\IAR_TPMS\IAR Systems\SDK\BL #
#                            E-CC254x-1.4.0\Projects\ble\TPMS_OBD\CC2540DB\CC2 #
#                            540EM\Obj\hal_lcd.r51"                            #
#                            "C:\Users\MON\Desktop\IAR_TPMS\IAR Systems\SDK\BL #
#                            E-CC254x-1.4.0\Projects\ble\TPMS_OBD\CC2540DB\CC2 #
#                            540EM\Obj\hal_led.r51"                            #
#                            "C:\Users\MON\Desktop\IAR_TPMS\IAR Systems\SDK\BL #
#                            E-CC254x-1.4.0\Projects\ble\TPMS_OBD\CC2540DB\CC2 #
#                            540EM\Obj\hal_sleep.r51"                          #
#                            "C:\Users\MON\Desktop\IAR_TPMS\IAR Systems\SDK\BL #
#                            E-CC254x-1.4.0\Projects\ble\TPMS_OBD\CC2540DB\CC2 #
#                            540EM\Obj\hal_startup.r51"                        #
#                            "C:\Users\MON\Desktop\IAR_TPMS\IAR Systems\SDK\BL #
#                            E-CC254x-1.4.0\Projects\ble\TPMS_OBD\CC2540DB\CC2 #
#                            540EM\Obj\hal_timer.r51"                          #
#                            "C:\Users\MON\Desktop\IAR_TPMS\IAR Systems\SDK\BL #
#                            E-CC254x-1.4.0\Projects\ble\TPMS_OBD\CC2540DB\CC2 #
#                            540EM\Obj\hal_uart.r51"                           #
#                            "C:\Users\MON\Desktop\IAR_TPMS\IAR Systems\SDK\BL #
#                            E-CC254x-1.4.0\Projects\ble\TPMS_OBD\CC2540DB\CC2 #
#                            540EM\Obj\npi.r51"                                #
#                            "C:\Users\MON\Desktop\IAR_TPMS\IAR Systems\SDK\BL #
#                            E-CC254x-1.4.0\Projects\ble\TPMS_OBD\CC2540DB\CC2 #
#                            540EM\Obj\observer.r51"                           #
#                            "C:\Users\MON\Desktop\IAR_TPMS\IAR Systems\SDK\BL #
#                            E-CC254x-1.4.0\Projects\ble\TPMS_OBD\CC2540DB\CC2 #
#                            540EM\Obj\osal_bufmgr.r51"                        #
#                            "C:\Users\MON\Desktop\IAR_TPMS\IAR Systems\SDK\BL #
#                            E-CC254x-1.4.0\Projects\ble\TPMS_OBD\CC2540DB\CC2 #
#                            540EM\Obj\osal_cbtimer.r51"                       #
#                            "C:\Users\MON\Desktop\IAR_TPMS\IAR Systems\SDK\BL #
#                            E-CC254x-1.4.0\Projects\ble\TPMS_OBD\CC2540DB\CC2 #
#                            540EM\Obj\osal_snv.r51"                           #
#                            -o                                                #
#                            "C:\Users\MON\Desktop\IAR_TPMS\IAR Systems\SDK\BL #
#                            E-CC254x-1.4.0\Projects\ble\TPMS_OBD\CC2540DB\CC2 #
#                            540EM\Exe\TPMS_OBD.d51"                           #
#                            -l                                                #
#                            "C:\Users\MON\Desktop\IAR_TPMS\IAR Systems\SDK\BL #
#                            E-CC254x-1.4.0\Projects\ble\TPMS_OBD\CC2540DB\CC2 #
#                            540EM\List\TPMS_OBD.map"                          #
#                            -xmsn -f                                          #
#                            "C:\Users\MON\Desktop\IAR_TPMS\IAR Systems\SDK\BL #
#                            E-CC254x-1.4.0\Projects\ble\TPMS_OBD\CC2540DB\..\ #
#                            ..\common\cc2540\ti_51ew_cc2540b.xcl"             #
#                            (-D_IDATA_END=0xFF -D_PDATA_START=0x1E00          #
#                            -D_PDATA_END=0x1EFF -D_IXDATA_START=0x0001        #
#                            -D_IXDATA_END=0x1EFF                              #
#                            -D_XDATA_START=_IXDATA_START                      #
#                            -D_XDATA_END=_IXDATA_END -D_CODE_START=0x0000     #
#                            -D_CODE_END=0x7FFF -D_FIRST_BANK_ADDR=0x10000     #
#                            -D_NEAR_CODE_END=_CODE_END -D?REGISTER_BANK=0     #
#                            -D_REGISTER_BANK_START=0 -D?PBANK_NUMBER=0x1E     #
#                            -D_BREG_START=0x00 -D?VB=0x20                     #
#                            -D_FAR_DATA_NR_OF_BANKS=0x0E                      #
#                            -D_FAR_DATA_START=0x010001                        #
#                            -D_FAR_DATA_END=0xFFFFFF                          #
#                            -D_FAR_CODE_START=_CODE_START                     #
#                            -D_FAR_CODE_END=_CODE_END                         #
#                            -Z(BIT)BREG=_BREG_START -Z(BIT)BIT_N=0-7F         #
#                            -Z(DATA)REGISTERS+8=_REGISTER_BANK_START          #
#                            -Z(DATA)BDATA_Z,BDATA_N,BDATA_I=20-2F             #
#                            -Z(DATA)VREG+_NR_OF_VIRTUAL_REGISTERS=08-7F       #
#                            -Z(DATA)PSP,XSP=08-7F -Z(DATA)DOVERLAY=08-7F      #
#                            -Z(DATA)DATA_I,DATA_Z,DATA_N=08-7F                #
#                            -U(IDATA)0-7F=(DATA)0-7F                          #
#                            -Z(IDATA)IDATA_I,IDATA_Z,IDATA_N=08-_IDATA_END    #
#                            -Z(IDATA)ISTACK+_IDATA_STACK_SIZE#08-_IDATA_END   #
#                            -Z(IDATA)IOVERLAY=08-FF                           #
#                            -Z(CODE)INTVEC=_CODE_START                        #
#                            -Z(CODE)CSTART=_CODE_START-_CODE_END              #
#                            -Z(CODE)BIT_ID,BDATA_ID,DATA_ID,IDATA_ID,IXDATA_I #
#                            D,PDATA_ID,XDATA_ID=_CODE_START-_CODE_END         #
#                            -Z(CODE)HUGE_ID=_FAR_CODE_START-_FAR_CODE_END     #
#                            -D_SLEEP_CODE_SPACE_START=(_CODE_END-7)           #
#                            -D_SLEEP_CODE_SPACE_END=(_CODE_END)               #
#                            -Z(CODE)SLEEP_CODE=_SLEEP_CODE_SPACE_START-_SLEEP #
#                            _CODE_SPACE_END                                   #
#                            -Z(CODE)BANK_RELAYS,RCODE,DIFUNCT,CODE_N,NEAR_COD #
#                            E=_CODE_START-_CODE_END                           #
#                            -P(CODE)CODE_C=_CODE_START-_CODE_END              #
#                            -P(CONST)XDATA_ROM_C=0x8000-0xFFFF                #
#                            -P(CODE)XDATA_ROM_C_FLASH=0x18000-0x1FFFF         #
#                            -QXDATA_ROM_C=XDATA_ROM_C_FLASH                   #
#                            -P(CODE)BANKED_CODE=_CODE_START-_CODE_END,[(_CODE #
#                            BANK_START+_FIRST_BANK_ADDR)-(_CODEBANK_END+_FIRS #
#                            T_BANK_ADDR)]*_NR_OF_BANKS+10000                  #
#                            -P(CODE)FAR_CODE_C,FAR_CODE_N,FAR_CODE=[_FAR_CODE #
#                            _START-_FAR_CODE_END]/10000                       #
#                            -P(CODE)HUGE_CODE_C=_FAR_CODE_START-_FAR_CODE_END #
#                            -Z(CODE)CHECKSUM#_CODE_END                        #
#                            -Z(XDATA)EXT_STACK+_EXTENDED_STACK_SIZE=_EXTENDED #
#                            _STACK_START                                      #
#                            -Z(XDATA)PSTACK+_PDATA_STACK_SIZE=_PDATA_START-_P #
#                            DATA_END                                          #
#                            -Z(XDATA)XSTACK+_XDATA_STACK_SIZE=_XDATA_START-_X #
#                            DATA_END                                          #
#                            -Z(XDATA)PDATA_Z,PDATA_I=_PDATA_START-_PDATA_END  #
#                            -P(XDATA)PDATA_N=_PDATA_START-_PDATA_END          #
#                            -Z(XDATA)IXDATA_Z,IXDATA_I=_IXDATA_START-_IXDATA_ #
#                            END                                               #
#                            -P(XDATA)IXDATA_N=_IXDATA_START-_IXDATA_END       #
#                            -Z(XDATA)XDATA_Z,XDATA_I=_XDATA_START-_XDATA_END  #
#                            -P(XDATA)XDATA_N=_XDATA_START-_XDATA_END          #
#                            -Z(XDATA)XDATA_HEAP+_XDATA_HEAP_SIZE=_XDATA_START #
#                            -_XDATA_END                                       #
#                            -Z(XDATA)FAR_Z=[_FAR_DATA_START-_FAR_DATA_END]/10 #
#                            000                                               #
#                            -Z(XDATA)FAR_I=[_FAR_DATA_START-_FAR_DATA_END]/10 #
#                            000                                               #
#                            -Z(CODE)FAR_ID=[_FAR_CODE_START-_FAR_CODE_END]/10 #
#                            000                                               #
#                            -Z(XDATA)FAR_HEAP+_FAR_HEAP_SIZE=[_FAR_DATA_START #
#                            -_FAR_DATA_END]/10000                             #
#                            -P(XDATA)FAR_N=[_FAR_DATA_START-_FAR_DATA_END]*_F #
#                            AR_DATA_NR_OF_BANKS+10000                         #
#                            -P(CONST)FAR_ROM_C=[_FAR_DATA_START-_FAR_DATA_END #
#                            ]*_FAR_DATA_NR_OF_BANKS+10000                     #
#                            -Z(XDATA)HUGE_Z,HUGE_I=_FAR_DATA_START-_FAR_DATA_ #
#                            END                                               #
#                            -P(XDATA)HUGE_N=_FAR_DATA_START-_FAR_DATA_END     #
#                            -Z(XDATA)HUGE_HEAP+_HUGE_HEAP_SIZE=_FAR_DATA_STAR #
#                            T-_FAR_DATA_END                                   #
#                            -Z(CONST)HUGE_ROM_C=_FAR_DATA_START-_FAR_DATA_END #
#                            -cx51 -D_BLENV_ADDRESS_SPACE_START=0x7E800        #
#                            -D_BLENV_ADDRESS_SPACE_END=0x7F7FF                #
#                            -Z(CODE)BLENV_ADDRESS_SPACE=_BLENV_ADDRESS_SPACE_ #
#                            START-_BLENV_ADDRESS_SPACE_END                    #
#                            -D_BANK0_START=0x00000 -D_BANK0_END=0x07FFF       #
#                            -D_BANK1_START=0x18000 -D_BANK1_END=0x1FFFF       #
#                            -D_BANK2_START=0x28000 -D_BANK2_END=0x2FFFF       #
#                            -D_BANK3_START=0x38000 -D_BANK3_END=0x3FFFF       #
#                            -D_BANK4_START=0x48000 -D_BANK4_END=0x4FFFF       #
#                            -D_BANK5_START=0x58000 -D_BANK5_END=0x5FFFF       #
#                            -D_BANK6_START=0x68000 -D_BANK6_END=0x6FFFF       #
#                            -D_BANK7_START=0x78000                            #
#                            -D_BANK7_END=(_BLENV_ADDRESS_SPACE_START-1)       #
#                            -P(CODE)BANK0=_BANK0_START-_BANK0_END             #
#                            -P(CODE)BANK1=_BANK1_START-_BANK1_END             #
#                            -P(CODE)BANK2=_BANK2_START-_BANK2_END             #
#                            -P(CODE)BANK3=_BANK3_START-_BANK3_END             #
#                            -P(CODE)BANK4=_BANK4_START-_BANK4_END             #
#                            -P(CODE)BANK5=_BANK5_START-_BANK5_END             #
#                            -P(CODE)BANK6=_BANK6_START-_BANK6_END             #
#                            -P(CODE)BANK7=_BANK7_START-_BANK7_END             #
#                            -M(CODE)[(_CODEBANK_START+_FIRST_BANK_ADDR)-(_COD #
#                            EBANK_END+_FIRST_BANK_ADDR)]*_NR_OF_BANKS+0x10000 #
#                            =0x8000                                           #
#                            -ww69=i                                           #
#                            -D_FLASH_LOCK_BITS_START=((_NR_OF_BANKS*_FIRST_BA #
#                            NK_ADDR)+0xFFF0)                                  #
#                            -D_FLASH_LOCK_BITS_END=((_NR_OF_BANKS*_FIRST_BANK #
#                            _ADDR)+0xFFFF)                                    #
#                            -Z(CODE)FLASH_LOCK_BITS=_FLASH_LOCK_BITS_START-_F #
#                            LASH_LOCK_BITS_END                                #
#                            -U(CODE)0x0000=(CODE)_FLASH_LOCK_BITS_START-_FLAS #
#                            H_LOCK_BITS_END)                                  #
#                            -D_NR_OF_VIRTUAL_REGISTERS=8 -D?PBANK=0x93        #
#                            -e?BCALL_FF=?BCALL -e?BRET_FF=?BRET               #
#                            -e?BDISPATCH_FF=?BDISPATCH                        #
#                            -e_small_write=_formatted_write                   #
#                            -e_medium_read=_formatted_read -rt                #
#                            "-Ointel-extended=C:\Users\MON\Desktop\IAR_TPMS\I #
#                            AR Systems\SDK\BLE-CC254x-1.4.0\Projects\ble\TPMS #
#                            _OBD\cc2540.hex"                                  #
#                            -s __program_start                                #
#                            "C:\Users\MON\Desktop\IAR_TPMS\IAR Systems\Embedd #
#                            ed Workbench 6.5\8051\LIB\CLIB\cl-pli-blxd-1e16x0 #
#                            1.r51"                                            #
#                            -D_IDATA_STACK_SIZE=0xC0 -D?ESP=0 -D?ESP_MASK=0   #
#                            -D_EXTENDED_STACK_START=0                         #
#                            -D_EXTENDED_STACK_SIZE=0                          #
#                            -D_PDATA_STACK_SIZE=0x00                          #
#                            -D_XDATA_STACK_SIZE=0x280                         #
#                            -D_XDATA_HEAP_SIZE=0xFF -D_FAR_HEAP_SIZE=0xFFF    #
#                            -D_HUGE_HEAP_SIZE=0xFFF                           #
#                            -D_FAR22_HEAP_SIZE=0xFFF                          #
#                                                                              #
#                           Copyright (C) 1987-2013 IAR Systems AB.            #
################################################################################





                ****************************************
                *                                      *
                *           CROSS REFERENCE            *
                *                                      *
                ****************************************

       Program entry at : CODE      0000011A  Relocatable, from module : CSTARTUP




                ****************************************
                *                                      *
                *            RUNTIME MODEL             *
                *                                      *
                ****************************************

  __SystemLibrary          = CLib
  __calling_convention     = xdata_reentrant
  __code_model             = banked
  __core                   = plain
  __data_model             = large
  __dptr_size              = 16
  __extended_stack         = disabled
  __location_for_constants = data
  __number_of_dptrs        = 1
  __rt_version             = 1

                ****************************************
                *                                      *
                *    AUTOMATIC SYMBOL REDIRECTIONS     *
                *                                      *
                ****************************************

                  There are no automatic symbol redirections.



                ****************************************
                *                                      *
                *              MODULE MAP              *
                *                                      *
                ****************************************


  DEFINED ABSOLUTE ENTRIES
    *************************************************************************

  DEFINED ABSOLUTE ENTRIES
  PROGRAM MODULE, NAME : ?ABS_ENTRY_MOD

Absolute parts
           ENTRY                   ADDRESS         REF BY
           =====                   =======         ======
           _FAR22_HEAP_SIZE        00000FFF 
           _HUGE_HEAP_SIZE         00000FFF 
           _FAR_HEAP_SIZE          00000FFF 
           _XDATA_HEAP_SIZE        000000FF 
           _XDATA_STACK_SIZE       00000280 
           _PDATA_STACK_SIZE       00000000 
           _EXTENDED_STACK_SIZE    00000000 
           _EXTENDED_STACK_START   00000000 
           ?ESP_MASK               00000000 
           ?ESP                    00000000 
           _IDATA_STACK_SIZE       000000C0 
           ?PBANK                  00000093 
           _NR_OF_VIRTUAL_REGISTERS
                                   00000008 
           _FLASH_LOCK_BITS_END    0003FFFF 
           _FLASH_LOCK_BITS_START
                                   0003FFF0 
           _BANK7_END              0003E7FF 
           _BANK7_START            00038000 
           _BANK6_END              00037FFF 
           _BANK6_START            00030000 
           _BANK5_END              0002FFFF 
           _BANK5_START            00028000 
           _BANK4_END              00027FFF 
           _BANK4_START            00020000 
           _BANK3_END              0001FFFF 
           _BANK3_START            00018000 
           _BANK2_END              00017FFF 
           _BANK2_START            00010000 
           _BANK1_END              0000FFFF 
           _BANK1_START            00008000 
           _BANK0_END              00007FFF 
           _BANK0_START            00000000 
           _BLENV_ADDRESS_SPACE_END
                                   0003F7FF 
           _BLENV_ADDRESS_SPACE_START
                                   0003E800 
           _SLEEP_CODE_SPACE_END   00007FFF 
           _SLEEP_CODE_SPACE_START
                                   00007FF8 
           _FAR_CODE_END           00007FFF 
           _FAR_CODE_START         00000000 
           _FAR_DATA_END           00FFFFFF 
           _FAR_DATA_START         00010001 
           _FAR_DATA_NR_OF_BANKS   0000000E 
           ?VB                     00000020        ?BANKED_ENTER_XDATA (?BANKED_ENTER_XDATA)
                                                   ?BANKED_LEAVE_XDATA (?BANKED_LEAVE_XDATA)
                                                   ?FUNC_ENTER_XDATA (?FUNC_ENTER_XDATA)
                                                   ?FUNC_LEAVE_XDATA (?FUNC_LEAVE_XDATA)
                                                   ?INTERRUPT_ENTER_XSP (?INTERRUPT_ENTER_XSP)
                                                   ?INTERRUPT_LEAVE_XSP (?INTERRUPT_LEAVE_XSP)
           _BREG_START             00000000 
           ?PBANK_NUMBER           0000001E 
           _REGISTER_BANK_START    00000000 
           ?REGISTER_BANK          00000000        Segment part 6 (CSTARTUP)
           _NEAR_CODE_END          00007FFF 
           _FIRST_BANK_ADDR        00010000 
           _CODE_END               00007FFF 
           _CODE_START             00000000 
           _XDATA_END              00001EFF 
           _XDATA_START            00000001 
           _IXDATA_END             00001EFF 
           _IXDATA_START           00000001 
           _PDATA_END              00001EFF 
           _PDATA_START            00001E00 
           _IDATA_END              000000FF 
           ?CBANK                  0000009F        ?RESET_CODE_BANK (CSTARTUP)
                                                   Segment part 0 (?BANKED_CODE_SUPPORT)
           ?CBANK_MASK             000000FF 
           _CODEBANK_START         00008000 
           _CODEBANK_END           0000FFFF 
           _NR_OF_BANKS            00000007 
    *************************************************************************

  FILE NAME : C:\Users\MON\Desktop\IAR_TPMS\IAR Systems\SDK\BLE-CC254x-1.4.0\Projects\ble\Libraries\CC2540DB\bin\CC2540_BLE_observ.lib
  LIBRARY MODULE, NAME : gap_centdevmgr

  SEGMENTS IN THE MODULE
  ======================
XDATA_Z
  Relative segment, address: XDATA 00000281 - 00000282 (0x2 bytes), align: 0
  Segment part 6.             Intra module refs:   GAP_CentDevMgrInit
                                                   Segment part 42
                                                   Segment part 50
                                                   gapFreeScanRecs
                                                   gapProcessAdvertDevInfo
                                                   gapSendDevDiscEvent
    -------------------------------------------------------------------------
XDATA_Z
  Relative segment, address: XDATA 00000283 - 00000283 (0x1 bytes), align: 0
  Segment part 7.             Intra module refs:   GAP_CentDevMgrInit
                                                   gapProcessAdvertDevInfo
                                                   gapSendDevDiscEvent
    -------------------------------------------------------------------------
XDATA_I
  Relative segment, address: XDATA 00000483 - 00000486 (0x4 bytes), align: 0
  Segment part 8.             Intra module refs:   GAP_CentDevMgrInit
    -------------------------------------------------------------------------
<BANKED_CODE,CODE_C> 1 (was BANKED_CODE)
  Relative segment, address: CODE 00001418 - 000014F4 (0xdd bytes), align: 0
  Segment part 12.            Intra module refs:   GAP_DeviceDiscoveryRequest::?relay
           ENTRY                   ADDRESS         REF BY
           =====                   =======         ======
           GAP_DeviceDiscoveryRequest
                                   00001418 
               calls direct
               XSTACK = 00000000 ( 0000000E )
    -------------------------------------------------------------------------
<BANKED_CODE,CODE_C> 1 (was BANKED_CODE)
  Relative segment, address: CODE 000014F5 - 000014F9 (0x5 bytes), align: 0
  Segment part 14.            Intra module refs:   GAP_DeviceDiscoveryRequest
                                                   gapProcessScanningEvt
                                                   gapSetScanParamStatus
    -------------------------------------------------------------------------
<BANKED_CODE,CODE_C> 1 (was BANKED_CODE)
  Relative segment, address: CODE 000014FA - 000014FC (0x3 bytes), align: 0
  Segment part 15.            Intra module refs:   GAP_DeviceDiscoveryRequest
                                                   gapSendDevDiscEvent
    -------------------------------------------------------------------------
<BANKED_CODE,CODE_C> 1 (was BANKED_CODE)
  Relative segment, address: CODE 000014FD - 00001502 (0x6 bytes), align: 0
  Segment part 16.            Intra module refs:   Segment part 15
                                                   gapFreeScanRecs
                                                   gapSendDeviceInfoEvent
    -------------------------------------------------------------------------
<BANKED_CODE,CODE_C> 1 (was BANKED_CODE)
  Relative segment, address: CODE 00001503 - 00001504 (0x2 bytes), align: 0
  Segment part 17.            Intra module refs:   GAP_DeviceDiscoveryCancel
                                                   gapSetScanParamStatus
    -------------------------------------------------------------------------
<BANKED_CODE,CODE_C> 1 (was BANKED_CODE)
  Relative segment, address: CODE 00001505 - 00001507 (0x3 bytes), align: 0
  Segment part 18.            Intra module refs:   GAP_DeviceDiscoveryRequest
                                                   Segment part 17
                                                   gapProcessAdvertDevInfo
                                                   gapProcessScanningEvt
                                                   gapSendDevDiscEvent
                                                   gapSendDeviceInfoEvent
    -------------------------------------------------------------------------
<BANKED_CODE,CODE_C> 1 (was BANKED_CODE)
  Relative segment, address: CODE 00001508 - 0000150F (0x8 bytes), align: 0
  Segment part 19.            Intra module refs:   GAP_CentDevMgrInit
                                                   Segment part 18
                                                   gapFreeScanRecs
                                                   gapProcessAdvertDevInfo
                                                   gapSendDevDiscEvent
    -------------------------------------------------------------------------
<BANKED_CODE,CODE_C> 1 (was BANKED_CODE)
  Relative segment, address: CODE 00001510 - 0000153E (0x2f bytes), align: 0
  Segment part 20.            Intra module refs:   GAP_DeviceDiscoveryCancel::?relay
           ENTRY                   ADDRESS         REF BY
           =====                   =======         ======
           GAP_DeviceDiscoveryCancel
                                   00001510 
               calls direct
               XSTACK = 00000000 ( 00000009 )
    -------------------------------------------------------------------------
<BANKED_CODE,CODE_C> 1 (was BANKED_CODE)
  Relative segment, address: CODE 0000153F - 00001543 (0x5 bytes), align: 0
  Segment part 22.            Intra module refs:   GAP_CentDevMgrInit
                                                   GAP_DeviceDiscoveryCancel
    -------------------------------------------------------------------------
<BANKED_CODE,CODE_C> 1 (was BANKED_CODE)
  Relative segment, address: CODE 00001544 - 000015C5 (0x82 bytes), align: 0
  Segment part 23.            Intra module refs:   GAP_CentDevMgrInit::?relay
           ENTRY                   ADDRESS         REF BY
           =====                   =======         ======
           GAP_CentDevMgrInit      00001544 
               calls direct
               XSTACK = 00000000 ( 00000009 )
    -------------------------------------------------------------------------
<BANKED_CODE,CODE_C> 1 (was BANKED_CODE)
  Relative segment, address: CODE 000015C6 - 000015FF (0x3a bytes), align: 0
  Segment part 27.            Intra module refs:   gapCentProcessHCICmdEvt::?relay
           LOCAL                   ADDRESS         
           =====                   =======         
           gapCentProcessHCICmdEvt
                                   000015C6 
               calls direct, is indirectly called
               XSTACK = 00000000 ( 0000000A )
    -------------------------------------------------------------------------
<BANKED_CODE,CODE_C> 1 (was BANKED_CODE)
  Relative segment, address: CODE 00001600 - 00001604 (0x5 bytes), align: 0
  Segment part 29.            Intra module refs:   gapCentProcessHCICmdEvt
                                                   gapSendScanEnable
    -------------------------------------------------------------------------
<BANKED_CODE,CODE_C> 1 (was BANKED_CODE)
  Relative segment, address: CODE 00001605 - 00001607 (0x3 bytes), align: 0
  Segment part 30.            Intra module refs:   gapCentProcessHCICmdEvt
                                                   gapProcessAdvertDevInfo
    -------------------------------------------------------------------------
<BANKED_CODE,CODE_C> 1 (was BANKED_CODE)
  Relative segment, address: CODE 00001608 - 0000160D (0x6 bytes), align: 0
  Segment part 31.            Intra module refs:   GAP_DeviceDiscoveryCancel
                                                   Segment part 30
                                                   gapSetScanParamStatus
    -------------------------------------------------------------------------
<BANKED_CODE,CODE_C> 1 (was BANKED_CODE)
  Relative segment, address: CODE 0000160E - 00001671 (0x64 bytes), align: 0
  Segment part 34.            Intra module refs:   gapSetScanParamStatus::?relay
           ENTRY                   ADDRESS         REF BY
           =====                   =======         ======
           gapSetScanParamStatus   0000160E 
               calls direct
               XSTACK = 0000000A ( 00000010 )
    -------------------------------------------------------------------------
<BANKED_CODE,CODE_C> 1 (was BANKED_CODE)
  Relative segment, address: CODE 00001672 - 000016FE (0x8d bytes), align: 0
  Segment part 36.            Intra module refs:   gapProcessScanningEvt::?relay
           LOCAL                   ADDRESS         
           =====                   =======         
           gapProcessScanningEvt   00001672 
               calls direct, is indirectly called
               XSTACK = 00000000 ( 0000000C )
    -------------------------------------------------------------------------
<BANKED_CODE,CODE_C> 1 (was BANKED_CODE)
  Relative segment, address: CODE 000016FF - 00001791 (0x93 bytes), align: 0
  Segment part 38.            Intra module refs:   gapFreeScanRecs::?relay
           LOCAL                   ADDRESS         
           =====                   =======         
           gapFreeScanRecs         000016FF 
               calls direct
               XSTACK = 00000010 ( 0000000B )
    -------------------------------------------------------------------------
<BANKED_CODE,CODE_C> 1 (was BANKED_CODE)
  Relative segment, address: CODE 00001792 - 00001798 (0x7 bytes), align: 0
  Segment part 40.            Intra module refs:   GAP_CentDevMgrInit
                                                   gapFreeScanRecs
    -------------------------------------------------------------------------
<BANKED_CODE,CODE_C> 1 (was BANKED_CODE)
  Relative segment, address: CODE 00001799 - 0000179C (0x4 bytes), align: 0
  Segment part 41.            Intra module refs:   gapFreeScanRecs
    -------------------------------------------------------------------------
<BANKED_CODE,CODE_C> 1 (was BANKED_CODE)
  Relative segment, address: CODE 0000179D - 000017B2 (0x16 bytes), align: 0
  Segment part 42.            Intra module refs:   Segment part 41
                                                   Segment part 43
    -------------------------------------------------------------------------
<BANKED_CODE,CODE_C> 1 (was BANKED_CODE)
  Relative segment, address: CODE 000017B3 - 000017B8 (0x6 bytes), align: 0
  Segment part 43.            Intra module refs:   gapFreeScanRecs
    -------------------------------------------------------------------------
<BANKED_CODE,CODE_C> 1 (was BANKED_CODE)
  Relative segment, address: CODE 000017B9 - 00001AB6 (0x2fe bytes), align: 0
  Segment part 44.            Intra module refs:   gapProcessAdvertDevInfo::?relay
           LOCAL                   ADDRESS         
           =====                   =======         
           gapProcessAdvertDevInfo
                                   000017B9 
               calls direct
               XSTACK = 0000000C ( 0000001B )
               ISTACK = 00000000 ( 00000001 )
    -------------------------------------------------------------------------
<BANKED_CODE,CODE_C> 1 (was BANKED_CODE)
  Relative segment, address: CODE 00001AB7 - 00001ABF (0x9 bytes), align: 0
  Segment part 46.            Intra module refs:   gapProcessAdvertDevInfo
    -------------------------------------------------------------------------
<BANKED_CODE,CODE_C> 1 (was BANKED_CODE)
  Relative segment, address: CODE 00001AC0 - 00001AC7 (0x8 bytes), align: 0
  Segment part 47.            Intra module refs:   gapFreeScanRecs
                                                   gapProcessAdvertDevInfo
    -------------------------------------------------------------------------
<BANKED_CODE,CODE_C> 1 (was BANKED_CODE)
  Relative segment, address: CODE 00001AC8 - 00001C0E (0x147 bytes), align: 0
  Segment part 48.            Intra module refs:   gapSendDevDiscEvent::?relay
           LOCAL                   ADDRESS         
           =====                   =======         
           gapSendDevDiscEvent     00001AC8 
               calls direct
               XSTACK = 0000000C ( 00000012 )
               ISTACK = 00000000 ( 00000001 )
    -------------------------------------------------------------------------
<BANKED_CODE,CODE_C> 1 (was BANKED_CODE)
  Relative segment, address: CODE 00001C0F - 00001C23 (0x15 bytes), align: 0
  Segment part 50.            Intra module refs:   Segment part 40
                                                   gapSendDevDiscEvent
    -------------------------------------------------------------------------
<BANKED_CODE,CODE_C> 1 (was BANKED_CODE)
  Relative segment, address: CODE 00001C24 - 00001C2E (0xb bytes), align: 0
  Segment part 51.            Intra module refs:   gapProcessAdvertDevInfo
                                                   gapSendDevDiscEvent
    -------------------------------------------------------------------------
<BANKED_CODE,CODE_C> 1 (was BANKED_CODE)
  Relative segment, address: CODE 00001C2F - 00001C40 (0x12 bytes), align: 0
  Segment part 52.            Intra module refs:   gapProcessAdvertDevInfo
                                                   gapSendDevDiscEvent
    -------------------------------------------------------------------------
<BANKED_CODE,CODE_C> 1 (was BANKED_CODE)
  Relative segment, address: CODE 00001C41 - 00001C47 (0x7 bytes), align: 0
  Segment part 53.            Intra module refs:   gapSendDevDiscEvent
                                                   gapSendDeviceInfoEvent
    -------------------------------------------------------------------------
<BANKED_CODE,CODE_C> 1 (was BANKED_CODE)
  Relative segment, address: CODE 00001C48 - 00001C52 (0xb bytes), align: 0
  Segment part 54.            Intra module refs:   Segment part 53
                                                   gapCentProcessHCICmdEvt
    -------------------------------------------------------------------------
<BANKED_CODE,CODE_C> 1 (was BANKED_CODE)
  Relative segment, address: CODE 00001C53 - 00001C75 (0x23 bytes), align: 0
  Segment part 55.            Intra module refs:   gapSendScanEnable::?relay
           LOCAL                   ADDRESS         
           =====                   =======         
           gapSendScanEnable       00001C53 
               calls direct
               XSTACK = 0000000C ( 0000000A )
    -------------------------------------------------------------------------
<BANKED_CODE,CODE_C> 1 (was BANKED_CODE)
  Relative segment, address: CODE 00001C76 - 00001D8F (0x11a bytes), align: 0
  Segment part 57.            Intra module refs:   gapSendDeviceInfoEvent::?relay
           LOCAL                   ADDRESS         
           =====                   =======         
           gapSendDeviceInfoEvent
                                   00001C76 
               calls direct
               XSTACK = 0000000C ( 00000010 )
               ISTACK = 00000000 ( 00000001 )
    -------------------------------------------------------------------------
<BANKED_CODE,CODE_C> 1 (was BANKED_CODE)
  Relative segment, address: CODE 00001D90 - 00001D97 (0x8 bytes), align: 0
  Segment part 59.            Intra module refs:   gapSendDevDiscEvent
                                                   gapSendDeviceInfoEvent
    -------------------------------------------------------------------------
<BANKED_CODE,CODE_C> 1 (was BANKED_CODE)
  Relative segment, address: CODE 00001D98 - 00001DA0 (0x9 bytes), align: 0
  Segment part 60.            Intra module refs:   gapSendDeviceInfoEvent
    -------------------------------------------------------------------------
XDATA_ID
  Relative segment, address: CODE 0000014B - 0000014E (0x4 bytes), align: 0
  Segment part 9.             Intra module refs:   Segment part 8
    -------------------------------------------------------------------------
BANK_RELAYS
  Relative segment, address: CODE 000001C1 - 000001C6 (0x6 bytes), align: 0
  Segment part 13.
           ENTRY                   ADDRESS         REF BY
           =====                   =======         ======
           GAP_DeviceDiscoveryRequest::?relay
                                   000001C1        GAPObserverRole_StartDiscovery (observer)
    -------------------------------------------------------------------------
BANK_RELAYS
  Relative segment, address: CODE 000001C7 - 000001CC (0x6 bytes), align: 0
  Segment part 21.
           ENTRY                   ADDRESS         REF BY
           =====                   =======         ======
           GAP_DeviceDiscoveryCancel::?relay
                                   000001C7        GAPObserverRole_CancelDiscovery (observer)
    -------------------------------------------------------------------------
BANK_RELAYS
  Relative segment, address: CODE 000001CD - 000001D2 (0x6 bytes), align: 0
  Segment part 24.
           ENTRY                   ADDRESS         REF BY
           =====                   =======         ======
           GAP_CentDevMgrInit::?relay
                                   000001CD        GAP_DeviceInit (gap)
    -------------------------------------------------------------------------
BANK_RELAYS
  Relative segment, address: CODE 000001D3 - 000001D8 (0x6 bytes), align: 0
  Segment part 28.            Intra module refs:   Segment part 9
           LOCAL                   ADDRESS         
           =====                   =======         
           gapCentProcessHCICmdEvt::?relay
                                   000001D3 
    -------------------------------------------------------------------------
BANK_RELAYS
  Relative segment, address: CODE 000001D9 - 000001DE (0x6 bytes), align: 0
  Segment part 35.            Intra module refs:   gapCentProcessHCICmdEvt
           ENTRY                   ADDRESS         REF BY
           =====                   =======         ======
           gapSetScanParamStatus::?relay
                                   000001D9 
    -------------------------------------------------------------------------
BANK_RELAYS
  Relative segment, address: CODE 000001DF - 000001E4 (0x6 bytes), align: 0
  Segment part 37.            Intra module refs:   Segment part 9
           LOCAL                   ADDRESS         
           =====                   =======         
           gapProcessScanningEvt::?relay
                                   000001DF 
    -------------------------------------------------------------------------
BANK_RELAYS
  Relative segment, address: CODE 000001E5 - 000001EA (0x6 bytes), align: 0
  Segment part 39.            Intra module refs:   GAP_CentDevMgrInit
                                                   gapSendDevDiscEvent
           LOCAL                   ADDRESS         
           =====                   =======         
           gapFreeScanRecs::?relay
                                   000001E5 
    -------------------------------------------------------------------------
BANK_RELAYS
  Relative segment, address: CODE 000001EB - 000001F0 (0x6 bytes), align: 0
  Segment part 45.            Intra module refs:   gapProcessScanningEvt
           LOCAL                   ADDRESS         
           =====                   =======         
           gapProcessAdvertDevInfo::?relay
                                   000001EB 
    -------------------------------------------------------------------------
BANK_RELAYS
  Relative segment, address: CODE 000001F1 - 000001F6 (0x6 bytes), align: 0
  Segment part 49.            Intra module refs:   GAP_DeviceDiscoveryCancel
                                                   gapProcessScanningEvt
                                                   gapSetScanParamStatus
           LOCAL                   ADDRESS         
           =====                   =======         
           gapSendDevDiscEvent::?relay
                                   000001F1 
    -------------------------------------------------------------------------
BANK_RELAYS
  Relative segment, address: CODE 000001F7 - 000001FC (0x6 bytes), align: 0
  Segment part 56.            Intra module refs:   GAP_DeviceDiscoveryCancel
                                                   gapProcessScanningEvt
                                                   gapSetScanParamStatus
           LOCAL                   ADDRESS         
           =====                   =======         
           gapSendScanEnable::?relay
                                   000001F7 
    -------------------------------------------------------------------------
BANK_RELAYS
  Relative segment, address: CODE 000001FD - 00000202 (0x6 bytes), align: 0
  Segment part 58.            Intra module refs:   gapProcessScanningEvt
           LOCAL                   ADDRESS         
           =====                   =======         
           gapSendDeviceInfoEvent::?relay
                                   000001FD 

    -------------------------------------------------------------------------
  LIBRARY MODULE, NAME : gap_configmgr

  SEGMENTS IN THE MODULE
  ======================
XDATA_I
  Relative segment, address: XDATA 00000487 - 00000487 (0x1 bytes), align: 0
  Segment part 6.             Intra module refs:   GAP_ParamsInit
                                                   gapProcessRandomAddrComplete
                                                   gapSendDeviceInitDoneEvent
           ENTRY                   ADDRESS         REF BY
           =====                   =======         ======
           gapAppTaskID            00000487 
    -------------------------------------------------------------------------
XDATA_Z
  Relative segment, address: XDATA 00000284 - 00000284 (0x1 bytes), align: 0
  Segment part 8.             Intra module refs:   GAP_ParamsInit
           ENTRY                   ADDRESS         REF BY
           =====                   =======         ======
           gapProfileRole          00000284        GAP_CentDevMgrInit (gap_centdevmgr)
                                                   GAP_DeviceDiscoveryRequest (gap_centdevmgr)
    -------------------------------------------------------------------------
XDATA_Z
  Relative segment, address: XDATA 00000285 - 00000285 (0x1 bytes), align: 0
  Segment part 9.             Intra module refs:   gapProcessRandomAddrComplete
           ENTRY                   ADDRESS         REF BY
           =====                   =======         ======
           gapDeviceAddrMode       00000285        GAP_DeviceDiscoveryRequest (gap_centdevmgr)
    -------------------------------------------------------------------------
XDATA_Z
  Relative segment, address: XDATA 00000286 - 00000286 (0x1 bytes), align: 0
  Segment part 11.            Intra module refs:   gapProcessRandomAddrComplete
           ENTRY                   ADDRESS         REF BY
           =====                   =======         ======
           gapAutoAdvPrivateAddrChange
                                   00000286 
    -------------------------------------------------------------------------
XDATA_Z
  Relative segment, address: XDATA 00000287 - 00000296 (0x10 bytes), align: 0
  Segment part 12.            Intra module refs:   GAP_ParamsInit
                                                   gapReadBD_ADDRStatus
                                                   gapReadBufSizeCmdStatus
                                                   gapSendDeviceInitDoneEvent
    -------------------------------------------------------------------------
XDATA_I
  Relative segment, address: XDATA 00000488 - 000004D5 (0x4e bytes), align: 0
  Segment part 13.            Intra module refs:   Segment part 22
    -------------------------------------------------------------------------
XDATA_Z
  Relative segment, address: XDATA 00000297 - 0000029C (0x6 bytes), align: 0
  Segment part 15.            Intra module refs:   gapProcessRandomAddrComplete
    -------------------------------------------------------------------------
<BANKED_CODE,CODE_C> 1 (was BANKED_CODE)
  Relative segment, address: CODE 00005ED1 - 00005EF8 (0x28 bytes), align: 0
  Segment part 18.            Intra module refs:   GAP_SetParamValue::?relay
           ENTRY                   ADDRESS         REF BY
           =====                   =======         ======
           GAP_SetParamValue       00005ED1 
               ISTACK = 00000000 ( 00000002 )
    -------------------------------------------------------------------------
<BANKED_CODE,CODE_C> 1 (was BANKED_CODE)
  Relative segment, address: CODE 00005EF9 - 00005F14 (0x1c bytes), align: 0
  Segment part 20.            Intra module refs:   GAP_GetParamValue::?relay
           ENTRY                   ADDRESS         REF BY
           =====                   =======         ======
           GAP_GetParamValue       00005EF9 
               XSTACK = 00000014 ( 00000000 )
               ISTACK = 00000000 ( 00000002 )
    -------------------------------------------------------------------------
<BANKED_CODE,CODE_C> 1 (was BANKED_CODE)
  Relative segment, address: CODE 00005F15 - 00005F26 (0x12 bytes), align: 0
  Segment part 22.            Intra module refs:   GAP_GetParamValue
                                                   GAP_SetParamValue
    -------------------------------------------------------------------------
<BANKED_CODE,CODE_C> 1 (was BANKED_CODE)
  Relative segment, address: CODE 00005F27 - 00005F58 (0x32 bytes), align: 0
  Segment part 23.            Intra module refs:   GAP_ParamsInit::?relay
           ENTRY                   ADDRESS         REF BY
           =====                   =======         ======
           GAP_ParamsInit          00005F27 
               calls direct
               XSTACK = 00000000 ( 00000009 )
    -------------------------------------------------------------------------
<BANKED_CODE,CODE_C> 1 (was BANKED_CODE)
  Relative segment, address: CODE 00005F59 - 00005F5D (0x5 bytes), align: 0
  Segment part 25.            Intra module refs:   GAP_ParamsInit
                                                   gapReadBufSizeCmdStatus
    -------------------------------------------------------------------------
<BANKED_CODE,CODE_C> 1 (was BANKED_CODE)
  Relative segment, address: CODE 00005F5E - 00005FA3 (0x46 bytes), align: 0
  Segment part 30.            Intra module refs:   gapReadBD_ADDRStatus::?relay
           ENTRY                   ADDRESS         REF BY
           =====                   =======         ======
           gapReadBD_ADDRStatus    00005F5E 
               calls direct
               XSTACK = 00000000 ( 0000000C )
    -------------------------------------------------------------------------
<BANKED_CODE,CODE_C> 1 (was BANKED_CODE)
  Relative segment, address: CODE 00005FA4 - 00005FA8 (0x5 bytes), align: 0
  Segment part 32.            Intra module refs:   gapReadBD_ADDRStatus
    -------------------------------------------------------------------------
<BANKED_CODE,CODE_C> 1 (was BANKED_CODE)
  Relative segment, address: CODE 00005FA9 - 00005FF3 (0x4b bytes), align: 0
  Segment part 33.            Intra module refs:   gapReadBufSizeCmdStatus::?relay
           ENTRY                   ADDRESS         REF BY
           =====                   =======         ======
           gapReadBufSizeCmdStatus
                                   00005FA9 
               calls direct
               XSTACK = 00000000 ( 00000009 )
    -------------------------------------------------------------------------
<BANKED_CODE,CODE_C> 1 (was BANKED_CODE)
  Relative segment, address: CODE 00005FF4 - 00005FFA (0x7 bytes), align: 0
  Segment part 40.            Intra module refs:   GAP_GetParamValue
                                                   GAP_SetParamValue
                                                   gapDetermineAddrType
    -------------------------------------------------------------------------
<BANKED_CODE,CODE_C> 1 (was BANKED_CODE)
  Relative segment, address: CODE 00005FFB - 00006000 (0x6 bytes), align: 0
  Segment part 42.            Intra module refs:   GAP_GetParamValue
    -------------------------------------------------------------------------
<BANKED_CODE,CODE_C> 1 (was BANKED_CODE)
  Relative segment, address: CODE 00006001 - 0000602E (0x2e bytes), align: 0
  Segment part 43.            Intra module refs:   gapDetermineAddrType::?relay
           ENTRY                   ADDRESS         REF BY
           =====                   =======         ======
           gapDetermineAddrType    00006001 
               ISTACK = 00000000 ( 00000002 )
    -------------------------------------------------------------------------
<BANKED_CODE,CODE_C> 1 (was BANKED_CODE)
  Relative segment, address: CODE 0000602F - 000060CD (0x9f bytes), align: 0
  Segment part 45.            Intra module refs:   gapProcessRandomAddrComplete::?relay
           ENTRY                   ADDRESS         REF BY
           =====                   =======         ======
           gapProcessRandomAddrComplete
                                   0000602F 
               calls direct
               XSTACK = 00000000 ( 00000010 )
               ISTACK = 00000000 ( 00000001 )
    -------------------------------------------------------------------------
<BANKED_CODE,CODE_C> 1 (was BANKED_CODE)
  Relative segment, address: CODE 000060CE - 000060D2 (0x5 bytes), align: 0
  Segment part 47.            Intra module refs:   gapProcessRandomAddrComplete
                                                   gapSendDeviceInitDoneEvent
    -------------------------------------------------------------------------
<BANKED_CODE,CODE_C> 1 (was BANKED_CODE)
  Relative segment, address: CODE 000060D3 - 000060D3 (0x1 bytes), align: 0
  Segment part 48.            Intra module refs:   gapProcessRandomAddrComplete
                                                   gapReadBufSizeCmdStatus
    -------------------------------------------------------------------------
<BANKED_CODE,CODE_C> 1 (was BANKED_CODE)
  Relative segment, address: CODE 000060D4 - 000060D9 (0x6 bytes), align: 0
  Segment part 49.            Intra module refs:   Segment part 48
                                                   gapProcessRandomAddrComplete
                                                   gapSendDeviceInitDoneEvent
    -------------------------------------------------------------------------
<BANKED_CODE,CODE_C> 1 (was BANKED_CODE)
  Relative segment, address: CODE 000060DA - 000060E3 (0xa bytes), align: 0
  Segment part 50.            Intra module refs:   gapProcessRandomAddrComplete
                                                   gapSendDeviceInitDoneEvent
    -------------------------------------------------------------------------
<BANKED_CODE,CODE_C> 1 (was BANKED_CODE)
  Relative segment, address: CODE 000060E4 - 000060EB (0x8 bytes), align: 0
  Segment part 51.            Intra module refs:   Segment part 50
    -------------------------------------------------------------------------
<BANKED_CODE,CODE_C> 1 (was BANKED_CODE)
  Relative segment, address: CODE 000060EC - 00006169 (0x7e bytes), align: 0
  Segment part 67.            Intra module refs:   gapSendDeviceInitDoneEvent::?relay
           LOCAL                   ADDRESS         
           =====                   =======         
           gapSendDeviceInitDoneEvent
                                   000060EC 
               calls direct
               XSTACK = 0000000A ( 0000000E )
               ISTACK = 00000000 ( 00000001 )
    -------------------------------------------------------------------------
<BANKED_CODE,CODE_C> 1 (was BANKED_CODE)
  Relative segment, address: CODE 0000616A - 00006172 (0x9 bytes), align: 0
  Segment part 71.            Intra module refs:   gapReadBufSizeCmdStatus
    -------------------------------------------------------------------------
XDATA_ID
  Relative segment, address: CODE 0000014F - 0000014F (0x1 bytes), align: 0
  Segment part 7.             Intra module refs:   gapAppTaskID
    -------------------------------------------------------------------------
XDATA_ID
  Relative segment, address: CODE 00000150 - 0000019D (0x4e bytes), align: 0
  Segment part 14.            Intra module refs:   Segment part 13
    -------------------------------------------------------------------------
<XDATA_ROM_C> 1 (was XDATA_ROM_C)
  Relative segment, address: CONST 00008E71 - 00008E74 (0x4 bytes), align: 0
  Segment part 16.            Intra module refs:   gapProcessRandomAddrComplete
           ENTRY                   ADDRESS         REF BY
           =====                   =======         ======
           __Constant_ea60         00008E71 
    -------------------------------------------------------------------------
BANK_RELAYS
  Relative segment, address: CODE 00000203 - 00000208 (0x6 bytes), align: 0
  Segment part 19.
           ENTRY                   ADDRESS         REF BY
           =====                   =======         ======
           GAP_SetParamValue::?relay
                                   00000203        TPMS_OBD_Init (TPMS_OBD)
    -------------------------------------------------------------------------
BANK_RELAYS
  Relative segment, address: CODE 00000209 - 0000020E (0x6 bytes), align: 0
  Segment part 21.
           ENTRY                   ADDRESS         REF BY
           =====                   =======         ======
           GAP_GetParamValue::?relay
                                   00000209        GAP_DeviceDiscoveryRequest (gap_centdevmgr)
                                                   gapProcessScanningEvt (gap_centdevmgr)
                                                   gapSendScanEnable (gap_centdevmgr)
                                                   gapSetScanParamStatus (gap_centdevmgr)
    -------------------------------------------------------------------------
BANK_RELAYS
  Relative segment, address: CODE 0000020F - 00000214 (0x6 bytes), align: 0
  Segment part 24.
           ENTRY                   ADDRESS         REF BY
           =====                   =======         ======
           GAP_ParamsInit::?relay
                                   0000020F        GAP_DeviceInit (gap)
    -------------------------------------------------------------------------
BANK_RELAYS
  Relative segment, address: CODE 00000215 - 0000021A (0x6 bytes), align: 0
  Segment part 31.
           ENTRY                   ADDRESS         REF BY
           =====                   =======         ======
           gapReadBD_ADDRStatus::?relay
                                   00000215        gapProcessHCICmdCompleteEvt (gap_simpletask)
    -------------------------------------------------------------------------
BANK_RELAYS
  Relative segment, address: CODE 0000021B - 00000220 (0x6 bytes), align: 0
  Segment part 34.
           ENTRY                   ADDRESS         REF BY
           =====                   =======         ======
           gapReadBufSizeCmdStatus::?relay
                                   0000021B        gapProcessHCICmdCompleteEvt (gap_simpletask)
    -------------------------------------------------------------------------
BANK_RELAYS
  Relative segment, address: CODE 00000221 - 00000226 (0x6 bytes), align: 0
  Segment part 44.
           ENTRY                   ADDRESS         REF BY
           =====                   =======         ======
           gapDetermineAddrType::?relay
                                   00000221        gapProcessAdvertDevInfo (gap_centdevmgr)
    -------------------------------------------------------------------------
BANK_RELAYS
  Relative segment, address: CODE 00000227 - 0000022C (0x6 bytes), align: 0
  Segment part 46.
           ENTRY                   ADDRESS         REF BY
           =====                   =======         ======
           gapProcessRandomAddrComplete::?relay
                                   00000227        gapProcessHCICmdCompleteEvt (gap_simpletask)
    -------------------------------------------------------------------------
BANK_RELAYS
  Relative segment, address: CODE 0000022D - 00000232 (0x6 bytes), align: 0
  Segment part 68.            Intra module refs:   gapReadBD_ADDRStatus
                                                   gapReadBufSizeCmdStatus
           LOCAL                   ADDRESS         
           =====                   =======         
           gapSendDeviceInitDoneEvent::?relay
                                   0000022D 
    -------------------------------------------------------------------------
<XDATA_ROM_C_FLASH> 1 (was XDATA_ROM_C_FLASH)
  Relative segment, address: CODE 00008E71 - 00008E74 (0x4 bytes), align: 0
  Segment part 72.            Intra module refs:   __Constant_ea60

    -------------------------------------------------------------------------
  LIBRARY MODULE, NAME : gap_devmgr

  SEGMENTS IN THE MODULE
  ======================
XDATA_Z
  Relative segment, address: XDATA 0000029D - 0000029E (0x2 bytes), align: 0
  Segment part 6.
           ENTRY                   ADDRESS         REF BY
           =====                   =======         ======
           pGapDiscReq             0000029D        GAP_DeviceDiscoveryRequest (gap_centdevmgr)
                                                   Segment part 15 (gap_centdevmgr)
                                                   Segment part 18 (gap_centdevmgr)
                                                   Segment part 53 (gap_centdevmgr)
                                                   gapProcessAdvertDevInfo (gap_centdevmgr)
                                                   gapSendDevDiscEvent (gap_centdevmgr)
    -------------------------------------------------------------------------
<BANKED_CODE,CODE_C> 1 (was BANKED_CODE)
  Relative segment, address: CODE 00007137 - 0000714E (0x18 bytes), align: 0
  Segment part 15.            Intra module refs:   gapValidADType::?relay
           ENTRY                   ADDRESS         REF BY
           =====                   =======         ======
           gapValidADType          00007137 
               XSTACK = 00000012 ( 00000000 )
    -------------------------------------------------------------------------
<BANKED_CODE,CODE_C> 1 (was BANKED_CODE)
  Relative segment, address: CODE 0000714F - 000071E7 (0x99 bytes), align: 0
  Segment part 17.            Intra module refs:   gapFindADType::?relay
           ENTRY                   ADDRESS         REF BY
           =====                   =======         ======
           gapFindADType           0000714F 
               calls direct
               XSTACK = 00000002 ( 00000012 )
               ISTACK = 00000000 ( 00000001 )
    -------------------------------------------------------------------------
BANK_RELAYS
  Relative segment, address: CODE 00000233 - 00000238 (0x6 bytes), align: 0
  Segment part 16.            Intra module refs:   gapFindADType
           ENTRY                   ADDRESS         REF BY
           =====                   =======         ======
           gapValidADType::?relay
                                   00000233 
    -------------------------------------------------------------------------
BANK_RELAYS
  Relative segment, address: CODE 00000239 - 0000023E (0x6 bytes), align: 0
  Segment part 18.
           ENTRY                   ADDRESS         REF BY
           =====                   =======         ======
           gapFindADType::?relay   00000239        gapProcessAdvertDevInfo (gap_centdevmgr)

    -------------------------------------------------------------------------
  LIBRARY MODULE, NAME : gap_simpletask

  SEGMENTS IN THE MODULE
  ======================
XDATA_Z
  Relative segment, address: XDATA 0000029F - 0000029F (0x1 bytes), align: 0
  Segment part 6.             Intra module refs:   GAP_Init
                                                   GAP_ProcessEvent
           ENTRY                   ADDRESS         REF BY
           =====                   =======         ======
           gapTaskID               0000029F        GAP_DeviceDiscoveryCancel (gap_centdevmgr)
                                                   gapProcessRandomAddrComplete (gap_configmgr)
                                                   gapSetScanParamStatus (gap_centdevmgr)
    -------------------------------------------------------------------------
XDATA_I
  Relative segment, address: XDATA 000004D6 - 000004D6 (0x1 bytes), align: 0
  Segment part 7.             Intra module refs:   GAP_ProcessEvent
                                                   GAP_RegisterForHCIMsgs
           ENTRY                   ADDRESS         REF BY
           =====                   =======         ======
           gapUnwantedTaskID       000004D6 
    -------------------------------------------------------------------------
XDATA_Z
  Relative segment, address: XDATA 000002A0 - 000002A1 (0x2 bytes), align: 0
  Segment part 9.             Intra module refs:   GAP_ProcessEvent
                                                   gapProcessHCICmdCompleteEvt
           ENTRY                   ADDRESS         REF BY
           =====                   =======         ======
           pfnPeripheralCBs        000002A0        gapProcessRandomAddrComplete (gap_configmgr)
    -------------------------------------------------------------------------
XDATA_Z
  Relative segment, address: XDATA 000002A2 - 000002A3 (0x2 bytes), align: 0
  Segment part 10.            Intra module refs:   Segment part 26
                                                   gapRegisterCentral
    -------------------------------------------------------------------------
<BANKED_CODE,CODE_C> 1 (was BANKED_CODE)
  Relative segment, address: CODE 000065A7 - 000065B1 (0xb bytes), align: 0
  Segment part 11.            Intra module refs:   GAP_RegisterForHCIMsgs::?relay
           ENTRY                   ADDRESS         REF BY
           =====                   =======         ======
           GAP_RegisterForHCIMsgs
                                   000065A7 
               ISTACK = 00000000 ( 00000002 )
    -------------------------------------------------------------------------
<BANKED_CODE,CODE_C> 1 (was BANKED_CODE)
  Relative segment, address: CODE 000065B2 - 000065C3 (0x12 bytes), align: 0
  Segment part 13.            Intra module refs:   GAP_Init::?relay
           ENTRY                   ADDRESS         REF BY
           =====                   =======         ======
           GAP_Init                000065B2 
               calls direct
               XSTACK = 00000000 ( 00000009 )
    -------------------------------------------------------------------------
<BANKED_CODE,CODE_C> 1 (was BANKED_CODE)
  Relative segment, address: CODE 000065C4 - 0000668E (0xcb bytes), align: 0
  Segment part 15.            Intra module refs:   GAP_ProcessEvent::?relay
           ENTRY                   ADDRESS         REF BY
           =====                   =======         ======
           GAP_ProcessEvent        000065C4 
               calls direct
               XSTACK = 00000000 ( 0000000C )
    -------------------------------------------------------------------------
<BANKED_CODE,CODE_C> 1 (was BANKED_CODE)
  Relative segment, address: CODE 0000668F - 00006693 (0x5 bytes), align: 0
  Segment part 17.            Intra module refs:   GAP_ProcessEvent
    -------------------------------------------------------------------------
<BANKED_CODE,CODE_C> 1 (was BANKED_CODE)
  Relative segment, address: CODE 00006694 - 0000669B (0x8 bytes), align: 0
  Segment part 18.            Intra module refs:   Segment part 17
                                                   gapProcessHCICmdCompleteEvt
    -------------------------------------------------------------------------
<BANKED_CODE,CODE_C> 1 (was BANKED_CODE)
  Relative segment, address: CODE 0000669C - 000066A0 (0x5 bytes), align: 0
  Segment part 19.            Intra module refs:   GAP_NumActiveConnections::?relay
           ENTRY                   ADDRESS         REF BY
           =====                   =======         ======
           GAP_NumActiveConnections
                                   0000669C 
    -------------------------------------------------------------------------
<BANKED_CODE,CODE_C> 1 (was BANKED_CODE)
  Relative segment, address: CODE 000066A1 - 0000675B (0xbb bytes), align: 0
  Segment part 21.            Intra module refs:   gapProcessHCICmdCompleteEvt::?relay
           LOCAL                   ADDRESS         
           =====                   =======         
           gapProcessHCICmdCompleteEvt
                                   000066A1 
               calls direct
               XSTACK = 0000000C ( 0000000B )
    -------------------------------------------------------------------------
<BANKED_CODE,CODE_C> 1 (was BANKED_CODE)
  Relative segment, address: CODE 0000675C - 00006765 (0xa bytes), align: 0
  Segment part 23.            Intra module refs:   Segment part 18
                                                   gapProcessHCICmdCompleteEvt
    -------------------------------------------------------------------------
<BANKED_CODE,CODE_C> 1 (was BANKED_CODE)
  Relative segment, address: CODE 00006766 - 0000676B (0x6 bytes), align: 0
  Segment part 24.            Intra module refs:   Segment part 17
                                                   Segment part 25
                                                   gapProcessHCICmdCompleteEvt
    -------------------------------------------------------------------------
<BANKED_CODE,CODE_C> 1 (was BANKED_CODE)
  Relative segment, address: CODE 0000676C - 0000677C (0x11 bytes), align: 0
  Segment part 25.            Intra module refs:   gapProcessHCICmdCompleteEvt
    -------------------------------------------------------------------------
<BANKED_CODE,CODE_C> 1 (was BANKED_CODE)
  Relative segment, address: CODE 0000677D - 0000677F (0x3 bytes), align: 0
  Segment part 26.            Intra module refs:   GAP_ProcessEvent
                                                   gapProcessHCICmdCompleteEvt
    -------------------------------------------------------------------------
<BANKED_CODE,CODE_C> 1 (was BANKED_CODE)
  Relative segment, address: CODE 00006780 - 00006787 (0x8 bytes), align: 0
  Segment part 27.            Intra module refs:   GAP_ProcessEvent
                                                   Segment part 26
                                                   gapProcessHCICmdCompleteEvt
    -------------------------------------------------------------------------
<BANKED_CODE,CODE_C> 1 (was BANKED_CODE)
  Relative segment, address: CODE 00006788 - 0000678E (0x7 bytes), align: 0
  Segment part 28.            Intra module refs:   gapRegisterCentral::?relay
           ENTRY                   ADDRESS         REF BY
           =====                   =======         ======
           gapRegisterCentral      00006788 
               ISTACK = 00000000 ( 00000002 )
    -------------------------------------------------------------------------
<BANKED_CODE,CODE_C> 1 (was BANKED_CODE)
  Relative segment, address: CODE 0000678F - 00006792 (0x4 bytes), align: 0
  Segment part 30.            Intra module refs:   gapRegisterCentral
    -------------------------------------------------------------------------
<BANKED_CODE,CODE_C> 1 (was BANKED_CODE)
  Relative segment, address: CODE 00006793 - 0000679A (0x8 bytes), align: 0
  Segment part 31.            Intra module refs:   GAP_RegisterForHCIMsgs
                                                   Segment part 30
    -------------------------------------------------------------------------
XDATA_ID
  Relative segment, address: CODE 0000019E - 0000019E (0x1 bytes), align: 0
  Segment part 8.             Intra module refs:   gapUnwantedTaskID
    -------------------------------------------------------------------------
BANK_RELAYS
  Relative segment, address: CODE 0000023F - 00000244 (0x6 bytes), align: 0
  Segment part 12.
           ENTRY                   ADDRESS         REF BY
           =====                   =======         ======
           GAP_RegisterForHCIMsgs::?relay
                                   0000023F        GAPObserverRole_Init (observer)
    -------------------------------------------------------------------------
BANK_RELAYS
  Relative segment, address: CODE 00000245 - 0000024A (0x6 bytes), align: 0
  Segment part 14.
           ENTRY                   ADDRESS         REF BY
           =====                   =======         ======
           GAP_Init::?relay        00000245        osalInitTasks (OSAL_TPMS_OBD)
    -------------------------------------------------------------------------
BANK_RELAYS
  Relative segment, address: CODE 0000024B - 00000250 (0x6 bytes), align: 0
  Segment part 16.
           ENTRY                   ADDRESS         REF BY
           =====                   =======         ======
           GAP_ProcessEvent::?relay
                                   0000024B        tasksArr (OSAL_TPMS_OBD)
    -------------------------------------------------------------------------
BANK_RELAYS
  Relative segment, address: CODE 00000251 - 00000256 (0x6 bytes), align: 0
  Segment part 20.
           ENTRY                   ADDRESS         REF BY
           =====                   =======         ======
           GAP_NumActiveConnections::?relay
                                   00000251        GAP_DeviceDiscoveryRequest (gap_centdevmgr)
    -------------------------------------------------------------------------
BANK_RELAYS
  Relative segment, address: CODE 00000257 - 0000025C (0x6 bytes), align: 0
  Segment part 22.            Intra module refs:   GAP_ProcessEvent
           LOCAL                   ADDRESS         
           =====                   =======         
           gapProcessHCICmdCompleteEvt::?relay
                                   00000257 
    -------------------------------------------------------------------------
BANK_RELAYS
  Relative segment, address: CODE 0000025D - 00000262 (0x6 bytes), align: 0
  Segment part 29.
           ENTRY                   ADDRESS         REF BY
           =====                   =======         ======
           gapRegisterCentral::?relay
                                   0000025D        GAP_CentDevMgrInit (gap_centdevmgr)

    -------------------------------------------------------------------------
  LIBRARY MODULE, NAME : hci

  SEGMENTS IN THE MODULE
  ======================
XDATA_Z
  Relative segment, address: XDATA 000002A4 - 000002A4 (0x1 bytes), align: 0
  Segment part 9.
           ENTRY                   ADDRESS         REF BY
           =====                   =======         ======
           hciPTMenabled           000002A4        HCI_CommandCompleteEvent (hci_event)
                                                   HCI_Init (hci_tl)
    -------------------------------------------------------------------------
XDATA_Z
  Relative segment, address: XDATA 000002A5 - 000002A5 (0x1 bytes), align: 0
  Segment part 12.
           ENTRY                   ADDRESS         REF BY
           =====                   =======         ======
           hciCtrlCmdToken         000002A5        Segment part 35 (hci_event)
    -------------------------------------------------------------------------
<BANKED_CODE,CODE_C> 1 (was BANKED_CODE)
  Relative segment, address: CODE 0000679B - 000067A2 (0x8 bytes), align: 0
  Segment part 30.            Intra module refs:   Segment part 110
                                                   Segment part 45
[...]
               ISTACK = 00000000 ( 00000002 )
    -------------------------------------------------------------------------
BANK_RELAYS
  Relative segment, address: CODE 000006F5 - 000006FA (0x6 bytes), align: 0
  Segment part 7.
           ENTRY                   ADDRESS         REF BY
           =====                   =======         ======
           memset::?relay          000006F5        osal_memset (OSAL)

    -------------------------------------------------------------------------
  LIBRARY MODULE, NAME : ?smallwr

  SEGMENTS IN THE MODULE
  ======================
<BANKED_CODE,CODE_C> 1 (was BANKED_CODE)
  Relative segment, address: CODE 000053CA - 00005784 (0x3bb bytes), align: 0
  Segment part 10.            Intra module refs:   _small_write::?relay
           ENTRY                   ADDRESS         REF BY
           =====                   =======         ======
           _small_write            000053CA 
               XSTACK = 00000004 ( 0000001F )
               ISTACK = 00000000 ( 00000001 )
    -------------------------------------------------------------------------
<BANKED_CODE,CODE_C> 1 (was BANKED_CODE)
  Relative segment, address: CODE 00005785 - 0000578E (0xa bytes), align: 0
  Segment part 12.            Intra module refs:   _small_write
    -------------------------------------------------------------------------
<BANKED_CODE,CODE_C> 1 (was BANKED_CODE)
  Relative segment, address: CODE 0000578F - 00005792 (0x4 bytes), align: 0
  Segment part 13.            Intra module refs:   _small_write
    -------------------------------------------------------------------------
<BANKED_CODE,CODE_C> 1 (was BANKED_CODE)
  Relative segment, address: CODE 00005793 - 0000579F (0xd bytes), align: 0
  Segment part 14.            Intra module refs:   Segment part 13
                                                   Segment part 15
    -------------------------------------------------------------------------
<BANKED_CODE,CODE_C> 1 (was BANKED_CODE)
  Relative segment, address: CODE 000057A0 - 000057A4 (0x5 bytes), align: 0
  Segment part 15.            Intra module refs:   _small_write
    -------------------------------------------------------------------------
<BANKED_CODE,CODE_C> 1 (was BANKED_CODE)
  Relative segment, address: CODE 000057A5 - 000057AA (0x6 bytes), align: 0
  Segment part 16.            Intra module refs:   _small_write
    -------------------------------------------------------------------------
<BANKED_CODE,CODE_C> 1 (was BANKED_CODE)
  Relative segment, address: CODE 000057AB - 000057AE (0x4 bytes), align: 0
  Segment part 17.            Intra module refs:   _small_write
    -------------------------------------------------------------------------
<BANKED_CODE,CODE_C> 1 (was BANKED_CODE)
  Relative segment, address: CODE 000057AF - 000057B2 (0x4 bytes), align: 0
  Segment part 18.            Intra module refs:   Segment part 17
                                                   Segment part 20
    -------------------------------------------------------------------------
<BANKED_CODE,CODE_C> 1 (was BANKED_CODE)
  Relative segment, address: CODE 000057B3 - 000057BB (0x9 bytes), align: 0
  Segment part 19.            Intra module refs:   Segment part 18
                                                   Segment part 22
    -------------------------------------------------------------------------
<BANKED_CODE,CODE_C> 1 (was BANKED_CODE)
  Relative segment, address: CODE 000057BC - 000057C0 (0x5 bytes), align: 0
  Segment part 20.            Intra module refs:   _small_write
    -------------------------------------------------------------------------
<BANKED_CODE,CODE_C> 1 (was BANKED_CODE)
  Relative segment, address: CODE 000057C1 - 000057C4 (0x4 bytes), align: 0
  Segment part 21.            Intra module refs:   _small_write
    -------------------------------------------------------------------------
<BANKED_CODE,CODE_C> 1 (was BANKED_CODE)
  Relative segment, address: CODE 000057C5 - 000057D2 (0xe bytes), align: 0
  Segment part 22.            Intra module refs:   Segment part 21
                                                   Segment part 24
    -------------------------------------------------------------------------
<BANKED_CODE,CODE_C> 1 (was BANKED_CODE)
  Relative segment, address: CODE 000057D3 - 000057DE (0xc bytes), align: 0
  Segment part 23.            Intra module refs:   _small_write
    -------------------------------------------------------------------------
<BANKED_CODE,CODE_C> 1 (was BANKED_CODE)
  Relative segment, address: CODE 000057DF - 000057E8 (0xa bytes), align: 0
  Segment part 24.            Intra module refs:   _small_write
    -------------------------------------------------------------------------
<BANKED_CODE,CODE_C> 1 (was BANKED_CODE)
  Relative segment, address: CODE 000057E9 - 000057F1 (0x9 bytes), align: 0
  Segment part 25.            Intra module refs:   _small_write
    -------------------------------------------------------------------------
XDATA_I
  Relative segment, address: XDATA 000004F5 - 000004F8 (0x4 bytes), align: 0
  Segment part 6.             Intra module refs:   _small_write
           ENTRY                   ADDRESS         REF BY
           =====                   =======         ======
           __Constant_0            000004F5 
    -------------------------------------------------------------------------
XDATA_ID
  Relative segment, address: CODE 000001BD - 000001C0 (0x4 bytes), align: 0
  Segment part 7.             Intra module refs:   __Constant_0
    -------------------------------------------------------------------------
BANK_RELAYS
  Relative segment, address: CODE 000006FB - 00000700 (0x6 bytes), align: 0
  Segment part 11.
           ENTRY                   ADDRESS         REF BY
           =====                   =======         ======
           _small_write::?relay    000006FB        sprintf (?sprintf)

    -------------------------------------------------------------------------
  LIBRARY MODULE, NAME : ?sprintf

  SEGMENTS IN THE MODULE
  ======================
<BANKED_CODE,CODE_C> 1 (was BANKED_CODE)
  Relative segment, address: CODE 0000746E - 00007497 (0x2a bytes), align: 0
  Segment part 6.             Intra module refs:   put_c_in_string::?relay
           LOCAL                   ADDRESS         
           =====                   =======         
           put_c_in_string         0000746E 
               is indirectly called
               ISTACK = 00000000 ( 00000003 )
    -------------------------------------------------------------------------
<BANKED_CODE,CODE_C> 1 (was BANKED_CODE)
  Relative segment, address: CODE 00007498 - 000074FA (0x63 bytes), align: 0
  Segment part 8.             Intra module refs:   sprintf::?relay
           ENTRY                   ADDRESS         REF BY
           =====                   =======         ======
           sprintf                 00007498 
               calls direct
               XSTACK = 00000000 ( 00000012 )
    -------------------------------------------------------------------------
<BANKED_CODE,CODE_C> 1 (was BANKED_CODE)
  Relative segment, address: CODE 000074FB - 00007503 (0x9 bytes), align: 0
  Segment part 10.            Intra module refs:   put_c_in_string
                                                   sprintf
    -------------------------------------------------------------------------
BANK_RELAYS
  Relative segment, address: CODE 00000701 - 00000706 (0x6 bytes), align: 0
  Segment part 7.             Intra module refs:   sprintf
           LOCAL                   ADDRESS         
           =====                   =======         
           put_c_in_string::?relay
                                   00000701 
    -------------------------------------------------------------------------
BANK_RELAYS
  Relative segment, address: CODE 00000707 - 0000070C (0x6 bytes), align: 0
  Segment part 9.
           ENTRY                   ADDRESS         REF BY
           =====                   =======         ======
           sprintf::?relay         00000707        TPMS_OBD_Init (TPMS_OBD)

    -------------------------------------------------------------------------
  LIBRARY MODULE, NAME : ?strlen

  SEGMENTS IN THE MODULE
  ======================
<BANKED_CODE,CODE_C> 1 (was BANKED_CODE)
  Relative segment, address: CODE 0000762E - 0000764B (0x1e bytes), align: 0
  Segment part 6.             Intra module refs:   strlen::?relay
           ENTRY                   ADDRESS         REF BY
           =====                   =======         ======
           strlen                  0000762E 
               ISTACK = 00000000 ( 00000002 )
    -------------------------------------------------------------------------
BANK_RELAYS
  Relative segment, address: CODE 0000070D - 00000712 (0x6 bytes), align: 0
  Segment part 7.
           ENTRY                   ADDRESS         REF BY
           =====                   =======         ======
           strlen::?relay          0000070D        TPMS_OBD_Init (TPMS_OBD)




                ****************************************
                *                                      *
                *            MODULE SUMMARY            *
                *                                      *
                ****************************************

Module                     CODE      DATA      XDATA  IDATA    BIT  CONST
------                     ----      ----      -----  -----    ---  -----
                          (Rel)  (Rel)  (Abs)  (Rel)  (Rel)  (Rel)  (Rel)
?ADD_XSTACK_DISP8            27
?ALLOC_XSTACK8               22
?BANKED_CODE_SUPPORT         30
?BANKED_ENTER_XDATA         108
?BANKED_LEAVE_XDATA          70
?CALL_IND                     2
?DEALLOC_XSTACK8             27
?FUNC_ENTER_XDATA           102
?FUNC_LEAVE_XDATA            64
?INTERRUPT_ENTER_XSP         95
?INTERRUPT_LEAVE_XSP         88
?L_ADD                       19
?L_ADD_TO_X                  19
?L_ADD_X                     19
?L_AND_X                     19
?L_EQ_X                      21
?L_MOV_TO_X                  15
?L_MOV_X                     15
?L_MUL                      128
?L_NEG                       17
?L_SHL                       31
?L_SUB                       20
?L_SUB_FROM_X                20
?MOVE_LONG8_XDATA_IDATA      13
?MOVE_LONG8_XDATA_XDATA      33
?PUSH_XSTACK8_X              49
?PUSH_XSTACK_I               23
?SL_GT_X                     21
?SS_SHR                      16
?S_DIV_MOD                   89
?S_SHL                       19
?UL_DIV_MOD                 111
?UL_GE_X                     31
?UL_GT                       16
?UL_GT_X                     16
?UL_SHR                      25
?US_JMP_IF_IN_RANGE          63
?US_JMP_IF_VALUE             43
?US_SHR                      15
?US_SWITCH_DENSE             70
?US_SWITCH_SPARSE            76
?XLOAD_R0123                 12
?XLOAD_R2345                 12
?XSTACK_DISP8                10
?XSTACK_DISP8_RP             24
?XSTORE_R0123                12
?XSTORE_R2345                12
?cexit                        5
?cmain                      132
?memset                      50
?smallwr                  1 074                    4
?sprintf                    162
?strlen                      36
CSTARTUP                     18
  + common                    3
OSAL                      1 306                    3
OSAL_ClockBLE               256                   10
OSAL_Memory                 535                2 051
OSAL_PwrMgr                 176                    7
OSAL_TPMS_OBD                91                    2                   15
OSAL_Timers               1 160                    6
OnBoard                     201                    2
TPMS_OBD                    979             5    127                   31
  + shared                   30            14
  + common
TPMS_OBD_Main                28
VIRTUAL_REGISTERS                   10                           8
gap                          43
gap_centdevmgr            2 511                    7
gap_configmgr               805                  104                    4
gap_devmgr                  189                    2
gap_simpletask              537                    6
hal_adc                     171             4      1
  + shared                                  1
hal_aes
  + shared                                  3
hal_dma                                     4     40
hal_drivers                 224                    1
  + shared                                                              4
hal_flash                   278
  + shared                                  1
hal_key                     499             4      5
  + shared                  110             9                           4
  + common
hal_led                   1 284                   40
hal_sleep                   664      1      2      2                   24
  + shared                   46             3
  + common
hal_startup                  11
hci                         510                    2
hci_event                 1 403                    9
hci_tl                      171                    6
ll                        1 723             4    100      2             4
  + shared                                  2                           8
ll_common                 1 632             9                          22
  + shared                                                              4
ll_constData                  8
ll_enc                      315             3
ll_errorEndCauses             9
ll_halt                       7      2
ll_isr                      573
  + shared                  134            10
  + common
ll_scanEndCauses          1 261                   37
ll_scheduler              1 716                   29                   16
ll_sleep                    634                                         8
  + shared                                                              4
ll_timer2                 1 184             8
observer                    388                   10
osal_bufmgr                 153                    2
osal_cbtimer                269                   62
osal_snv                  5 538                    4                    4
  + shared                                                              4
phy                       1 731                    1
phy_image                 3 582                                     3 582
N/A (command line)                  16           640    192
N/A (alignment)
----------               ------     --     --  -----    ---      -  -----
Total:                   38 021     29     86  3 322    194      8  3 738
  + common                  134


                ****************************************
                *                                      *
                *      SEGMENTS IN ADDRESS ORDER       *
                *                                      *
                ****************************************


SEGMENT              SPACE    START ADDRESS   END ADDRESS     SIZE  TYPE  ALIGN
=======              =====    =============   ===========     ====  ====  =====
INTVEC               CODE          00000000 - 00000085          86   com    0
CSTART               CODE          00000086 - 00000149          C4   rel    0
BIT_ID               CODE               0000014A                     dse    0
BDATA_ID             CODE               0000014A                     dse    0
DATA_ID              CODE          0000014A - 0000014A           1   rel    0
IXDATA_ID            CODE               0000014B                     dse    0
PDATA_ID             CODE               0000014B                     dse    0
IDATA_ID             CODE               0000014B                     dse    0
XDATA_ID             CODE          0000014B - 000001C0          76   rel    0
BANK_RELAYS          CODE          000001C1 - 00000712         552   rel    0
RCODE                CODE          00000713 - 00000DF1         6DF   rel    0
CODE_N               CODE               00000DF2                     dse    0
DIFUNCT              CODE               00000DF2                     dse    0
NEAR_CODE            CODE          00000DF4 - 0000140F         61C   rel    2
<BANKED_CODE,CODE_C> 1
                     CODE          00001410 - 0000766A        625B   rel    2
SLEEP_CODE           CODE          00007FF8 - 00007FFF           8   rel    0
<XDATA_ROM_C_FLASH> 1
                     CODE          00008000 - 00008E99         E9A   rel    0
BLENV_ADDRESS_SPACE
                     CODE          0003E800 - 0003F7FF        1000   rel    0
REGISTERS            DATA          00000000 - 00000007           8   rel    0
VREG                 DATA          00000008 - 00000017          10   rel    0
PSP                  DATA               00000018                     dse    0
XSP                  DATA          00000018 - 00000019           2   rel    0
DATA_I               DATA          0000001A - 0000001A           1   rel    0
DATA_Z               DATA          0000001B - 0000001C           2   rel    0
BREG                 BIT        00000020.0  -  00000020.7        8   rel    0
SFR_AN               DATA          00000080 - 00000080           1   rel    0
                     DATA          00000086 - 00000089           4 
                     DATA          0000008B - 0000008D           3 
                     DATA          00000090 - 00000091           2 
                     DATA          00000094 - 00000097           4 
                     DATA          0000009A - 0000009C           3 
                     DATA          0000009E - 000000A9           C 
                     DATA          000000AB - 000000AF           5 
                     DATA          000000B3 - 000000B4           2 
                     DATA          000000B6 - 000000B6           1 
                     DATA          000000B8 - 000000C7          10 
                     DATA          000000C9 - 000000C9           1 
                     DATA          000000D1 - 000000D7           7 
                     DATA          000000D9 - 000000DB           3 
                     DATA          000000E1 - 000000E5           5 
                     DATA          000000E8 - 000000E9           2 
                     DATA          000000F1 - 000000F2           2 
                     DATA          000000F2 - 000000F5           4 
                     DATA          000000F7 - 000000FF           9 
XSTACK               XDATA         00000001 - 00000280         280   rel    0
XDATA_Z              XDATA         00000281 - 00000482         202   rel    0
XDATA_I              XDATA         00000483 - 000004F8          76   rel    0
<XDATA_N> 1          XDATA         000004F9 - 00000CFA         802   rel    0
<XDATA_ROM_C> 1      CONST         00008000 - 00008E99         E9A   rel    0
IDATA_I              IDATA              0000001D                     dse    0
IDATA_Z              IDATA         0000001D - 0000001E           2   rel    0
ISTACK               IDATA         00000040 - 000000FF          C0   rel    0

                ****************************************
                *                                      *
                *        END OF CROSS REFERENCE        *
                *                                      *
                ****************************************

 38 155 bytes of CODE  memory
     29 bytes of DATA  memory (+ 86 absolute )
  3 322 bytes of XDATA memory
    194 bytes of IDATA memory
      8 bits  of BIT   memory
  3 738 bytes of CONST memory

Errors: none
Warnings: 2

